******************************************************************************
                  TI ARM Linker PC v18.1.3                     
******************************************************************************
>> Linked Sat Oct 27 15:31:58 2018

OUTPUT FILE NAME:   <Midterm_Project.out>
ENTRY POINT SYMBOL: "_c_int00_noargs"  address: 000036e5


MEMORY CONFIGURATION

         name            origin    length      used     unused   attr    fill
----------------------  --------  ---------  --------  --------  ----  --------
  RAM                   00000020   ffffffe0  00003fb2  ffffc02e  RWIX


SEGMENT ALLOCATION MAP

run origin  load origin   length   init length attrs members
----------  ----------- ---------- ----------- ----- -------
00000020    00000020    00003b0a   00003b0a    r-x
  00000020    00000020    0000381c   0000381c    r-x .text
  0000383c    0000383c    000002ee   000002ee    r-- .const
00003b2c    00003b2c    00000128   00000000    rw-
  00003b2c    00003b2c    00000128   00000000    rw- .data
00003c58    00003c58    00000200   00000000    rw-
  00003c58    00003c58    00000200   00000000    rw- .stack
00003e58    00003e58    00000184   00000184    r--
  00003e58    00003e58    000000e4   000000e4    r-- .intvecs
  00003f40    00003f40    0000009c   0000009c    r-- .cinit


SECTION ALLOCATION MAP

 output                                  attributes/
section   page    origin      length       input sections
--------  ----  ----------  ----------   ----------------
.text      0    00000020    0000381c     
                  00000020    000012a4     MidtermMain.obj (.text)
                  000012c4    00000a5e     rtsv7M4_T_le_v4SPD16_eabi.lib : _printfi.c.obj (.text:__TI_printfi)
                  00001d22    00000002                                   : div0.asm.obj (.text)
                  00001d24    0000038c     TimerATimer.obj (.text)
                  000020b0    00000334     system_msp432p401r.obj (.text)
                  000023e4    00000270     rtsv7M4_T_le_v4SPD16_eabi.lib : _printfi.c.obj (.text:_pconv_a)
                  00002654    000001d0                                   : _printfi.c.obj (.text:_pconv_g)
                  00002824    000001b6                                   : fd_add_t2.asm.obj (.text)
                  000029da    00000002     --HOLE-- [fill = 0]
                  000029dc    0000013c                                   : _printfi.c.obj (.text:_pconv_e)
                  00002b18    00000136                                   : fd_div_t2.asm.obj (.text)
                  00002c4e    00000002     --HOLE-- [fill = 0]
                  00002c50    00000120                                   : _printfi.c.obj (.text:fcvt)
                  00002d70    00000110                                   : s_scalbn.c.obj (.text:scalbn)
                  00002e80    000000fc                                   : fd_mul_t2.asm.obj (.text)
                  00002f7c    000000b1                                   : _printfi.c.obj (.text:_ltostr)
                  0000302d    00000001     --HOLE-- [fill = 0]
                  0000302e    0000009c                                   : memcpy_t2.asm.obj (.text)
                  000030ca    00000096                                   : ull_div_t2.asm.obj (.text)
                  00003160    00000086                                   : fd_cmp_t2.asm.obj (.text:__aeabi_cdcmple)
                  000031e6    00000086                                   : fd_cmp_t2.asm.obj (.text:__aeabi_cdrcmple)
                  0000326c    0000007a                                   : memset_t2.asm.obj (.text)
                  000032e6    0000006e                                   : _printfi.c.obj (.text:_mcpy)
                  00003354    0000006e                                   : fd_tos_t2.asm.obj (.text)
                  000033c2    00000068                                   : copy_decompress_lzss.c.obj (.text:decompress:lzss:__TI_decompress_lzss)
                  0000342a    00000002     --HOLE-- [fill = 0]
                  0000342c    00000064                                   : s_frexp.c.obj (.text:frexp)
                  00003490    00000056                                   : _printfi.c.obj (.text:_pconv_f)
                  000034e6    00000054                                   : ltoa.c.obj (.text:ltoa)
                  0000353a    00000052                                   : _printfi.c.obj (.text:_ecpy)
                  0000358c    0000004c                                   : atoi.c.obj (.text:atoi)
                  000035d8    00000048                                   : fd_toi_t2.asm.obj (.text)
                  00003620    00000044                                   : autoinit.c.obj (.text:__TI_auto_init_nobinit_nopinit:__TI_auto_init_nobinit_nopinit)
                  00003664    00000040                                   : sprintf.c.obj (.text:sprintf)
                  000036a4    0000003e                                   : _printfi.c.obj (.text:_fcpy)
                  000036e2    00000002     --HOLE-- [fill = 0]
                  000036e4    00000038                                   : boot_cortex_m.c.obj (.text:_c_int00_noargs:_c_int00_noargs)
                  0000371c    00000038                                   : fs_tod_t2.asm.obj (.text)
                  00003754    0000002e                                   : i_tofd_t2.asm.obj (.text)
                  00003782    0000001c                                   : memccpy.c.obj (.text:memccpy)
                  0000379e    00000018                                   : sprintf.c.obj (.text:_outs)
                  000037b6    00000016                                   : strchr.c.obj (.text:strchr)
                  000037cc    00000014                                   : s_copysign.c.obj (.text:copysign)
                  000037e0    00000014                                   : strlen.c.obj (.text:strlen)
                  000037f4    00000012                                   : wcslen.c.obj (.text:wcslen)
                  00003806    0000000e                                   : copy_decompress_none.c.obj (.text:decompress:none:__TI_decompress_none)
                  00003814    0000000e     startup_msp432p401r_ccs.obj (.text)
                  00003822    0000000a     rtsv7M4_T_le_v4SPD16_eabi.lib : sprintf.c.obj (.text:_outc)
                  0000382c    00000008                                   : errno.c.obj (.text:__aeabi_errno_addr)
                  00003834    00000004                                   : pre_init.c.obj (.text:_system_pre_init)
                  00003838    00000004                                   : exit.c.obj (.text:abort:abort)

.const     0    0000383c    000002ee     
                  0000383c    00000101     rtsv7M4_T_le_v4SPD16_eabi.lib : ctype.c.obj (.const:.string:_ctypes_)
                  0000393d    00000011     MidtermMain.obj (.const:.string:$P$T0$1)
                  0000394e    00000011     MidtermMain.obj (.const:.string:$P$T1$2)
                  0000395f    00000011     MidtermMain.obj (.const:.string:$P$T10$11)
                  00003970    00000011     MidtermMain.obj (.const:.string:$P$T11$12)
                  00003981    00000011     MidtermMain.obj (.const:.string:$P$T12$13)
                  00003992    00000011     MidtermMain.obj (.const:.string:$P$T13$14)
                  000039a3    00000011     MidtermMain.obj (.const:.string:$P$T14$15)
                  000039b4    00000011     MidtermMain.obj (.const:.string:$P$T15$16)
                  000039c5    00000011     MidtermMain.obj (.const:.string:$P$T16$17)
                  000039d6    00000011     MidtermMain.obj (.const:.string:$P$T17$18)
                  000039e7    00000011     MidtermMain.obj (.const:.string:$P$T18$19)
                  000039f8    00000011     MidtermMain.obj (.const:.string:$P$T19$20)
                  00003a09    00000011     MidtermMain.obj (.const:.string:$P$T2$3)
                  00003a1a    00000011     MidtermMain.obj (.const:.string:$P$T20$21)
                  00003a2b    00000011     MidtermMain.obj (.const:.string:$P$T21$22)
                  00003a3c    00000011     MidtermMain.obj (.const:.string:$P$T22$23)
                  00003a4d    00000011     MidtermMain.obj (.const:.string:$P$T23$24)
                  00003a5e    00000011     MidtermMain.obj (.const:.string:$P$T24$25)
                  00003a6f    00000011     MidtermMain.obj (.const:.string:$P$T25$26)
                  00003a80    00000011     MidtermMain.obj (.const:.string:$P$T26$27)
                  00003a91    00000011     MidtermMain.obj (.const:.string:$P$T27$28)
                  00003aa2    00000011     MidtermMain.obj (.const:.string:$P$T28$29)
                  00003ab3    00000011     MidtermMain.obj (.const:.string:$P$T3$4)
                  00003ac4    00000011     MidtermMain.obj (.const:.string:$P$T4$5)
                  00003ad5    00000011     MidtermMain.obj (.const:.string:$P$T5$6)
                  00003ae6    00000011     MidtermMain.obj (.const:.string:$P$T6$7)
                  00003af7    00000011     MidtermMain.obj (.const:.string:$P$T7$8)
                  00003b08    00000011     MidtermMain.obj (.const:.string:$P$T8$9)
                  00003b19    00000011     MidtermMain.obj (.const:.string:$P$T9$10)

.data      0    00003b2c    00000128     UNINITIALIZED
                  00003b2c    00000108     MidtermMain.obj (.data:music_note_sequence)
                  00003c34    00000010     TimerATimer.obj (.data)
                  00003c44    00000008     MidtermMain.obj (.data)
                  00003c4c    00000004     rtsv7M4_T_le_v4SPD16_eabi.lib : errno.c.obj (.data)
                  00003c50    00000004     system_msp432p401r.obj (.data)

.cinit     0    00003f40    0000009c     
                  00003f40    0000008c     (.cinit..data.load) [load image, compression = lzss]
                  00003fcc    00000008     (__TI_handler_table)
                  00003fd4    00000008     (__TI_cinit_table)

.init_array 
*          0    00000020    00000000     UNINITIALIZED

.stack     0    00003c58    00000200     UNINITIALIZED
                  00003c58    00000004     rtsv7M4_T_le_v4SPD16_eabi.lib : boot_cortex_m.c.obj (.stack)
                  00003c5c    000001fc     --HOLE--

.intvecs   0    00003e58    000000e4     
                  00003e58    000000e4     startup_msp432p401r_ccs.obj (.intvecs:retain)

MODULE SUMMARY

       Module                        code    ro data   rw data
       ------                        ----    -------   -------
    .\
       MidtermMain.obj               4772    493       272    
       TimerATimer.obj               908     0         16     
       system_msp432p401r.obj        820     0         4      
       startup_msp432p401r_ccs.obj   14      228       0      
    +--+-----------------------------+-------+---------+---------+
       Total:                        6514    721       292    
                                                              
    C:\ti\ccsv8\tools\compiler\ti-cgt-arm_18.1.3.LTS\lib\rtsv7M4_T_le_v4SPD16_eabi.lib
       _printfi.c.obj                4863    0         0      
       fd_add_t2.asm.obj             438     0         0      
       fd_div_t2.asm.obj             310     0         0      
       s_scalbn.c.obj                272     0         0      
       fd_cmp_t2.asm.obj             268     0         0      
       ctype.c.obj                   0       257       0      
       fd_mul_t2.asm.obj             252     0         0      
       memcpy_t2.asm.obj             156     0         0      
       ull_div_t2.asm.obj            150     0         0      
       memset_t2.asm.obj             122     0         0      
       fd_tos_t2.asm.obj             110     0         0      
       copy_decompress_lzss.c.obj    104     0         0      
       s_frexp.c.obj                 100     0         0      
       sprintf.c.obj                 98      0         0      
       ltoa.c.obj                    84      0         0      
       atoi.c.obj                    76      0         0      
       fd_toi_t2.asm.obj             72      0         0      
       autoinit.c.obj                68      0         0      
       boot_cortex_m.c.obj           56      0         0      
       fs_tod_t2.asm.obj             56      0         0      
       i_tofd_t2.asm.obj             46      0         0      
       memccpy.c.obj                 28      0         0      
       strchr.c.obj                  22      0         0      
       s_copysign.c.obj              20      0         0      
       strlen.c.obj                  20      0         0      
       wcslen.c.obj                  18      0         0      
       copy_decompress_none.c.obj    14      0         0      
       errno.c.obj                   8       0         4      
       exit.c.obj                    4       0         0      
       pre_init.c.obj                4       0         0      
       div0.asm.obj                  2       0         0      
    +--+-----------------------------+-------+---------+---------+
       Total:                        7841    257       4      
                                                              
       Stack:                        0       0         512    
       Linker Generated:             0       156       0      
    +--+-----------------------------+-------+---------+---------+
       Grand Total:                  14355   1134      808    


LINKER GENERATED COPY TABLES

__TI_cinit_table @ 00003fd4 records: 1, size/record: 8, table size: 8
	.data: load addr=00003f40, load size=0000008c bytes, run addr=00003b2c, run size=00000128 bytes, compression=lzss


LINKER GENERATED HANDLER TABLE

__TI_handler_table @ 00003fcc records: 2, size/record: 4, table size: 8
	index: 0, handler: __TI_decompress_lzss
	index: 1, handler: __TI_decompress_none


GLOBAL SYMBOLS: SORTED ALPHABETICALLY BY Name 

address   name                          
-------   ----                          
00003821  ADC14_IRQHandler              
00003821  AES256_IRQHandler             
00003c40  Blue_Led                      
00003821  BusFault_Handler              
00003839  C$$EXIT                       
00003821  COMP_E0_IRQHandler            
00003821  COMP_E1_IRQHandler            
00003821  CS_IRQHandler                 
000003e5  ChooseLED                     
00000f49  ComWrite                      
00000531  ControlBrightness             
00003821  DMA_ERR_IRQHandler            
00003821  DMA_INT0_IRQHandler           
00003821  DMA_INT1_IRQHandler           
00003821  DMA_INT2_IRQHandler           
00003821  DMA_INT3_IRQHandler           
00000f63  DataWrite                     
00003821  DebugMon_Handler              
00003821  Default_Handler               
00003821  EUSCIA0_IRQHandler            
00003821  EUSCIA1_IRQHandler            
00003821  EUSCIA2_IRQHandler            
00003821  EUSCIA3_IRQHandler            
00003821  EUSCIB0_IRQHandler            
00003821  EUSCIB1_IRQHandler            
00003821  EUSCIB2_IRQHandler            
00003821  EUSCIB3_IRQHandler            
00003821  FLCTL_IRQHandler              
00003821  FPU_IRQHandler                
00001e49  GetTimeOnForDoor              
00001e8b  GetTimeOnForLights            
00001ee7  GetTimeOnForMotor             
00003c3c  Green_Led                     
00003821  HardFault_Handler             
00003c34  LightState                    
00003821  MemManage_Handler             
000007c5  MotorFunction                 
00003821  NMI_Handler                   
00003821  PCM_IRQHandler                
00003821  PORT1_IRQHandler              
00003821  PORT2_IRQHandler              
00003821  PORT3_IRQHandler              
00003821  PORT4_IRQHandler              
00001fdf  PORT5_IRQHandler              
00001fdf  PORT5_IRQHandler              
00001f39  PORT6_IRQHandler              
00001f39  PORT6_IRQHandler              
00003821  PSS_IRQHandler                
00003821  PendSV_Handler                
00000f1d  PrintString                   
00000ee1  PrintStringWithLength         
00000fe5  PulseE                        
00003821  RTC_C_IRQHandler              
00000b81  Read_Keypad                   
00003c38  Red_Led                       
00003815  Reset_Handler                 
00003821  SVC_Handler                   
00000d71  SetupKeypadPort               
000010b5  SetupLCD                      
0000113d  SetupPort4                    
0000126b  SetupSysTick                  
0000036d  SetupTimer32s                 
00003821  SysTick_Handler               
00003c50  SystemCoreClock               
000020b1  SystemCoreClockUpdate         
00002329  SystemInit                    
00003821  T32_INT1_IRQHandler           
00000259  T32_INT2_IRQHandler           
00000259  T32_INT2_IRQHandler           
00003821  T32_INTC_IRQHandler           
00003821  TA0_0_IRQHandler              
00000351  TA0_N_IRQHandler              
00000351  TA0_N_IRQHandler              
00003821  TA1_0_IRQHandler              
00003821  TA1_N_IRQHandler              
00003821  TA2_0_IRQHandler              
00003821  TA2_N_IRQHandler              
00003821  TA3_0_IRQHandler              
00003821  TA3_N_IRQHandler              
00001d25  TimerAInit                    
00001e6f  Timer_A0_Door                 
00001ec5  Timer_A1_Lights               
00001f1d  Timer_A1_Motor                
00003821  UsageFault_Handler            
00003821  WDT_A_IRQHandler              
00003e58  __STACK_END                   
00000200  __STACK_SIZE                  
00003fd4  __TI_CINIT_Base               
00003fdc  __TI_CINIT_Limit              
00003fcc  __TI_Handler_Table_Base       
00003fd4  __TI_Handler_Table_Limit      
00003621  __TI_auto_init_nobinit_nopinit
000033c3  __TI_decompress_lzss          
00003807  __TI_decompress_none          
ffffffff  __TI_pprof_out_hndl           
000012c5  __TI_printfi                  
ffffffff  __TI_prof_data_size           
ffffffff  __TI_prof_data_start          
00003f40  __TI_static_base__            
00003161  __aeabi_cdcmpeq               
00003161  __aeabi_cdcmple               
000031e7  __aeabi_cdrcmple              
00003355  __aeabi_d2f                   
000035d9  __aeabi_d2iz                  
0000282f  __aeabi_dadd                  
00002b19  __aeabi_ddiv                  
00002e81  __aeabi_dmul                  
00002825  __aeabi_dsub                  
0000382d  __aeabi_errno_addr            
0000371d  __aeabi_f2d                   
00003755  __aeabi_i2d                   
00001d23  __aeabi_idiv0                 
00001d23  __aeabi_ldiv0                 
0000326d  __aeabi_memclr                
0000326d  __aeabi_memclr4               
0000326d  __aeabi_memclr8               
0000302f  __aeabi_memcpy                
0000302f  __aeabi_memcpy4               
0000302f  __aeabi_memcpy8               
0000326f  __aeabi_memset                
0000326f  __aeabi_memset4               
0000326f  __aeabi_memset8               
000030cb  __aeabi_uldivmod              
ffffffff  __binit__                     
ffffffff  __c_args__                    
UNDEFED   __mpu_init                    
00003c58  __stack                       
000036e5  _c_int00_noargs               
0000383c  _ctypes_                      
UNDEFED   _system_post_cinit            
00003835  _system_pre_init              
00003839  abort                         
0000358d  atoi                          
ffffffff  binit                         
00003c48  breath                        
00000ae5  changeDoor                    
00000a3d  chooseDoor                    
000037cd  copysign                      
000037cd  copysignl                     
00001019  delay_micro                   
00001061  delay_milli                   
00003c4c  errno                         
0000342d  frexp                         
0000342d  frexpl                        
00000b35  initDoorLEDs                  
00003e58  interruptVectors              
00002d71  ldexp                         
00002d71  ldexpl                        
000034e7  ltoa                          
0000004d  main                          
00003783  memccpy                       
0000302f  memcpy                        
00003275  memset                        
00003b2c  music_note_sequence           
00003c44  note                          
00000f7d  pushByte                      
00000fb5  pushNibble                    
00000cd1  reset_function                
00002d71  scalbn                        
00002d71  scalbnl                       
00003665  sprintf                       
000037b7  strchr                        
000037e1  strlen                        
000037f5  wcslen                        


GLOBAL SYMBOLS: SORTED BY Symbol Address 

address   name                          
-------   ----                          
0000004d  main                          
00000200  __STACK_SIZE                  
00000259  T32_INT2_IRQHandler           
00000259  T32_INT2_IRQHandler           
00000351  TA0_N_IRQHandler              
00000351  TA0_N_IRQHandler              
0000036d  SetupTimer32s                 
000003e5  ChooseLED                     
00000531  ControlBrightness             
000007c5  MotorFunction                 
00000a3d  chooseDoor                    
00000ae5  changeDoor                    
00000b35  initDoorLEDs                  
00000b81  Read_Keypad                   
00000cd1  reset_function                
00000d71  SetupKeypadPort               
00000ee1  PrintStringWithLength         
00000f1d  PrintString                   
00000f49  ComWrite                      
00000f63  DataWrite                     
00000f7d  pushByte                      
00000fb5  pushNibble                    
00000fe5  PulseE                        
00001019  delay_micro                   
00001061  delay_milli                   
000010b5  SetupLCD                      
0000113d  SetupPort4                    
0000126b  SetupSysTick                  
000012c5  __TI_printfi                  
00001d23  __aeabi_idiv0                 
00001d23  __aeabi_ldiv0                 
00001d25  TimerAInit                    
00001e49  GetTimeOnForDoor              
00001e6f  Timer_A0_Door                 
00001e8b  GetTimeOnForLights            
00001ec5  Timer_A1_Lights               
00001ee7  GetTimeOnForMotor             
00001f1d  Timer_A1_Motor                
00001f39  PORT6_IRQHandler              
00001f39  PORT6_IRQHandler              
00001fdf  PORT5_IRQHandler              
00001fdf  PORT5_IRQHandler              
000020b1  SystemCoreClockUpdate         
00002329  SystemInit                    
00002825  __aeabi_dsub                  
0000282f  __aeabi_dadd                  
00002b19  __aeabi_ddiv                  
00002d71  ldexp                         
00002d71  ldexpl                        
00002d71  scalbn                        
00002d71  scalbnl                       
00002e81  __aeabi_dmul                  
0000302f  __aeabi_memcpy                
0000302f  __aeabi_memcpy4               
0000302f  __aeabi_memcpy8               
0000302f  memcpy                        
000030cb  __aeabi_uldivmod              
00003161  __aeabi_cdcmpeq               
00003161  __aeabi_cdcmple               
000031e7  __aeabi_cdrcmple              
0000326d  __aeabi_memclr                
0000326d  __aeabi_memclr4               
0000326d  __aeabi_memclr8               
0000326f  __aeabi_memset                
0000326f  __aeabi_memset4               
0000326f  __aeabi_memset8               
00003275  memset                        
00003355  __aeabi_d2f                   
000033c3  __TI_decompress_lzss          
0000342d  frexp                         
0000342d  frexpl                        
000034e7  ltoa                          
0000358d  atoi                          
000035d9  __aeabi_d2iz                  
00003621  __TI_auto_init_nobinit_nopinit
00003665  sprintf                       
000036e5  _c_int00_noargs               
0000371d  __aeabi_f2d                   
00003755  __aeabi_i2d                   
00003783  memccpy                       
000037b7  strchr                        
000037cd  copysign                      
000037cd  copysignl                     
000037e1  strlen                        
000037f5  wcslen                        
00003807  __TI_decompress_none          
00003815  Reset_Handler                 
00003821  ADC14_IRQHandler              
00003821  AES256_IRQHandler             
00003821  BusFault_Handler              
00003821  COMP_E0_IRQHandler            
00003821  COMP_E1_IRQHandler            
00003821  CS_IRQHandler                 
00003821  DMA_ERR_IRQHandler            
00003821  DMA_INT0_IRQHandler           
00003821  DMA_INT1_IRQHandler           
00003821  DMA_INT2_IRQHandler           
00003821  DMA_INT3_IRQHandler           
00003821  DebugMon_Handler              
00003821  Default_Handler               
00003821  EUSCIA0_IRQHandler            
00003821  EUSCIA1_IRQHandler            
00003821  EUSCIA2_IRQHandler            
00003821  EUSCIA3_IRQHandler            
00003821  EUSCIB0_IRQHandler            
00003821  EUSCIB1_IRQHandler            
00003821  EUSCIB2_IRQHandler            
00003821  EUSCIB3_IRQHandler            
00003821  FLCTL_IRQHandler              
00003821  FPU_IRQHandler                
00003821  HardFault_Handler             
00003821  MemManage_Handler             
00003821  NMI_Handler                   
00003821  PCM_IRQHandler                
00003821  PORT1_IRQHandler              
00003821  PORT2_IRQHandler              
00003821  PORT3_IRQHandler              
00003821  PORT4_IRQHandler              
00003821  PSS_IRQHandler                
00003821  PendSV_Handler                
00003821  RTC_C_IRQHandler              
00003821  SVC_Handler                   
00003821  SysTick_Handler               
00003821  T32_INT1_IRQHandler           
00003821  T32_INTC_IRQHandler           
00003821  TA0_0_IRQHandler              
00003821  TA1_0_IRQHandler              
00003821  TA1_N_IRQHandler              
00003821  TA2_0_IRQHandler              
00003821  TA2_N_IRQHandler              
00003821  TA3_0_IRQHandler              
00003821  TA3_N_IRQHandler              
00003821  UsageFault_Handler            
00003821  WDT_A_IRQHandler              
0000382d  __aeabi_errno_addr            
00003835  _system_pre_init              
00003839  C$$EXIT                       
00003839  abort                         
0000383c  _ctypes_                      
00003b2c  music_note_sequence           
00003c34  LightState                    
00003c38  Red_Led                       
00003c3c  Green_Led                     
00003c40  Blue_Led                      
00003c44  note                          
00003c48  breath                        
00003c4c  errno                         
00003c50  SystemCoreClock               
00003c58  __stack                       
00003e58  __STACK_END                   
00003e58  interruptVectors              
00003f40  __TI_static_base__            
00003fcc  __TI_Handler_Table_Base       
00003fd4  __TI_CINIT_Base               
00003fd4  __TI_Handler_Table_Limit      
00003fdc  __TI_CINIT_Limit              
ffffffff  __TI_pprof_out_hndl           
ffffffff  __TI_prof_data_size           
ffffffff  __TI_prof_data_start          
ffffffff  __binit__                     
ffffffff  __c_args__                    
ffffffff  binit                         
UNDEFED   __mpu_init                    
UNDEFED   _system_post_cinit            

[164 symbols]
