<?xml version="1.0" encoding="ISO-8859-1" ?>
<link_info>
   <banner>TI ARM Linker PC v18.1.3.LTS</banner>
   <copyright>Copyright (c) 1996-2017 Texas Instruments Incorporated</copyright>
   <link_time>0x5bd0a76d</link_time>
   <link_errors>0x0</link_errors>
   <output_file>Midterm_Project.out</output_file>
   <entry_point>
      <name>_c_int00_noargs</name>
      <address>0x3821</address>
   </entry_point>
   <input_file_list>
      <input_file id="fl-2">
         <path>.\</path>
         <kind>object</kind>
         <file>DisplayMenu.obj</file>
         <name>DisplayMenu.obj</name>
      </input_file>
      <input_file id="fl-3">
         <path>.\</path>
         <kind>object</kind>
         <file>DoorBellSelection.obj</file>
         <name>DoorBellSelection.obj</name>
      </input_file>
      <input_file id="fl-4">
         <path>.\</path>
         <kind>object</kind>
         <file>DoorSelection.obj</file>
         <name>DoorSelection.obj</name>
      </input_file>
      <input_file id="fl-5">
         <path>.\</path>
         <kind>object</kind>
         <file>KeyPadInput.obj</file>
         <name>KeyPadInput.obj</name>
      </input_file>
      <input_file id="fl-6">
         <path>.\</path>
         <kind>object</kind>
         <file>LCDDisplay.obj</file>
         <name>LCDDisplay.obj</name>
      </input_file>
      <input_file id="fl-7">
         <path>.\</path>
         <kind>object</kind>
         <file>LightsSelection.obj</file>
         <name>LightsSelection.obj</name>
      </input_file>
      <input_file id="fl-8">
         <path>.\</path>
         <kind>object</kind>
         <file>MotorSelection.obj</file>
         <name>MotorSelection.obj</name>
      </input_file>
      <input_file id="fl-9">
         <path>.\</path>
         <kind>object</kind>
         <file>TimerATimer.obj</file>
         <name>TimerATimer.obj</name>
      </input_file>
      <input_file id="fl-a">
         <path>.\</path>
         <kind>object</kind>
         <file>main.obj</file>
         <name>main.obj</name>
      </input_file>
      <input_file id="fl-b">
         <path>.\</path>
         <kind>object</kind>
         <file>startup_msp432p401r_ccs.obj</file>
         <name>startup_msp432p401r_ccs.obj</name>
      </input_file>
      <input_file id="fl-c">
         <path>.\</path>
         <kind>object</kind>
         <file>system_msp432p401r.obj</file>
         <name>system_msp432p401r.obj</name>
      </input_file>
      <input_file id="fl-10">
         <kind>object</kind>
         <file>&lt;internal&gt;</file>
         <name>&lt;internal&gt;</name>
      </input_file>
      <input_file id="fl-c6">
         <path>C:\ti\ccsv8\tools\compiler\ti-cgt-arm_18.1.3.LTS\lib\</path>
         <kind>archive</kind>
         <file>rtsv7M4_T_le_v4SPD16_eabi.lib</file>
         <name>memset_t2.asm.obj</name>
      </input_file>
      <input_file id="fl-c7">
         <path>C:\ti\ccsv8\tools\compiler\ti-cgt-arm_18.1.3.LTS\lib\</path>
         <kind>archive</kind>
         <file>rtsv7M4_T_le_v4SPD16_eabi.lib</file>
         <name>fd_div_t2.asm.obj</name>
      </input_file>
      <input_file id="fl-c8">
         <path>C:\ti\ccsv8\tools\compiler\ti-cgt-arm_18.1.3.LTS\lib\</path>
         <kind>archive</kind>
         <file>rtsv7M4_T_le_v4SPD16_eabi.lib</file>
         <name>fd_mul_t2.asm.obj</name>
      </input_file>
      <input_file id="fl-c9">
         <path>C:\ti\ccsv8\tools\compiler\ti-cgt-arm_18.1.3.LTS\lib\</path>
         <kind>archive</kind>
         <file>rtsv7M4_T_le_v4SPD16_eabi.lib</file>
         <name>fd_tos_t2.asm.obj</name>
      </input_file>
      <input_file id="fl-ca">
         <path>C:\ti\ccsv8\tools\compiler\ti-cgt-arm_18.1.3.LTS\lib\</path>
         <kind>archive</kind>
         <file>rtsv7M4_T_le_v4SPD16_eabi.lib</file>
         <name>fs_tod_t2.asm.obj</name>
      </input_file>
      <input_file id="fl-cb">
         <path>C:\ti\ccsv8\tools\compiler\ti-cgt-arm_18.1.3.LTS\lib\</path>
         <kind>archive</kind>
         <file>rtsv7M4_T_le_v4SPD16_eabi.lib</file>
         <name>memcpy_t2.asm.obj</name>
      </input_file>
      <input_file id="fl-cc">
         <path>C:\ti\ccsv8\tools\compiler\ti-cgt-arm_18.1.3.LTS\lib\</path>
         <kind>archive</kind>
         <file>rtsv7M4_T_le_v4SPD16_eabi.lib</file>
         <name>copy_zero_init.c.obj</name>
      </input_file>
      <input_file id="fl-cd">
         <path>C:\ti\ccsv8\tools\compiler\ti-cgt-arm_18.1.3.LTS\lib\</path>
         <kind>archive</kind>
         <file>rtsv7M4_T_le_v4SPD16_eabi.lib</file>
         <name>copy_decompress_none.c.obj</name>
      </input_file>
      <input_file id="fl-ce">
         <path>C:\ti\ccsv8\tools\compiler\ti-cgt-arm_18.1.3.LTS\lib\</path>
         <kind>archive</kind>
         <file>rtsv7M4_T_le_v4SPD16_eabi.lib</file>
         <name>copy_decompress_lzss.c.obj</name>
      </input_file>
      <input_file id="fl-cf">
         <path>C:\ti\ccsv8\tools\compiler\ti-cgt-arm_18.1.3.LTS\lib\</path>
         <kind>archive</kind>
         <file>rtsv7M4_T_le_v4SPD16_eabi.lib</file>
         <name>sprintf.c.obj</name>
      </input_file>
      <input_file id="fl-d0">
         <path>C:\ti\ccsv8\tools\compiler\ti-cgt-arm_18.1.3.LTS\lib\</path>
         <kind>archive</kind>
         <file>rtsv7M4_T_le_v4SPD16_eabi.lib</file>
         <name>strlen.c.obj</name>
      </input_file>
      <input_file id="fl-d1">
         <path>C:\ti\ccsv8\tools\compiler\ti-cgt-arm_18.1.3.LTS\lib\</path>
         <kind>archive</kind>
         <file>rtsv7M4_T_le_v4SPD16_eabi.lib</file>
         <name>boot_cortex_m.c.obj</name>
      </input_file>
      <input_file id="fl-d2">
         <path>C:\ti\ccsv8\tools\compiler\ti-cgt-arm_18.1.3.LTS\lib\</path>
         <kind>archive</kind>
         <file>rtsv7M4_T_le_v4SPD16_eabi.lib</file>
         <name>autoinit.c.obj</name>
      </input_file>
      <input_file id="fl-d3">
         <path>C:\ti\ccsv8\tools\compiler\ti-cgt-arm_18.1.3.LTS\lib\</path>
         <kind>archive</kind>
         <file>rtsv7M4_T_le_v4SPD16_eabi.lib</file>
         <name>pre_init.c.obj</name>
      </input_file>
      <input_file id="fl-d4">
         <path>C:\ti\ccsv8\tools\compiler\ti-cgt-arm_18.1.3.LTS\lib\</path>
         <kind>archive</kind>
         <file>rtsv7M4_T_le_v4SPD16_eabi.lib</file>
         <name>cpy_tbl.c.obj</name>
      </input_file>
      <input_file id="fl-d5">
         <path>C:\ti\ccsv8\tools\compiler\ti-cgt-arm_18.1.3.LTS\lib\</path>
         <kind>archive</kind>
         <file>rtsv7M4_T_le_v4SPD16_eabi.lib</file>
         <name>exit.c.obj</name>
      </input_file>
      <input_file id="fl-d6">
         <path>C:\ti\ccsv8\tools\compiler\ti-cgt-arm_18.1.3.LTS\lib\</path>
         <kind>archive</kind>
         <file>rtsv7M4_T_le_v4SPD16_eabi.lib</file>
         <name>_lock.c.obj</name>
      </input_file>
      <input_file id="fl-d7">
         <path>C:\ti\ccsv8\tools\compiler\ti-cgt-arm_18.1.3.LTS\lib\</path>
         <kind>archive</kind>
         <file>rtsv7M4_T_le_v4SPD16_eabi.lib</file>
         <name>_printfi.c.obj</name>
      </input_file>
      <input_file id="fl-d8">
         <path>C:\ti\ccsv8\tools\compiler\ti-cgt-arm_18.1.3.LTS\lib\</path>
         <kind>archive</kind>
         <file>rtsv7M4_T_le_v4SPD16_eabi.lib</file>
         <name>args_main.c.obj</name>
      </input_file>
      <input_file id="fl-d9">
         <path>C:\ti\ccsv8\tools\compiler\ti-cgt-arm_18.1.3.LTS\lib\</path>
         <kind>archive</kind>
         <file>rtsv7M4_T_le_v4SPD16_eabi.lib</file>
         <name>atoi.c.obj</name>
      </input_file>
      <input_file id="fl-da">
         <path>C:\ti\ccsv8\tools\compiler\ti-cgt-arm_18.1.3.LTS\lib\</path>
         <kind>archive</kind>
         <file>rtsv7M4_T_le_v4SPD16_eabi.lib</file>
         <name>ctype.c.obj</name>
      </input_file>
      <input_file id="fl-db">
         <path>C:\ti\ccsv8\tools\compiler\ti-cgt-arm_18.1.3.LTS\lib\</path>
         <kind>archive</kind>
         <file>rtsv7M4_T_le_v4SPD16_eabi.lib</file>
         <name>ltoa.c.obj</name>
      </input_file>
      <input_file id="fl-dc">
         <path>C:\ti\ccsv8\tools\compiler\ti-cgt-arm_18.1.3.LTS\lib\</path>
         <kind>archive</kind>
         <file>rtsv7M4_T_le_v4SPD16_eabi.lib</file>
         <name>memccpy.c.obj</name>
      </input_file>
      <input_file id="fl-dd">
         <path>C:\ti\ccsv8\tools\compiler\ti-cgt-arm_18.1.3.LTS\lib\</path>
         <kind>archive</kind>
         <file>rtsv7M4_T_le_v4SPD16_eabi.lib</file>
         <name>strchr.c.obj</name>
      </input_file>
      <input_file id="fl-de">
         <path>C:\ti\ccsv8\tools\compiler\ti-cgt-arm_18.1.3.LTS\lib\</path>
         <kind>archive</kind>
         <file>rtsv7M4_T_le_v4SPD16_eabi.lib</file>
         <name>errno.c.obj</name>
      </input_file>
      <input_file id="fl-df">
         <path>C:\ti\ccsv8\tools\compiler\ti-cgt-arm_18.1.3.LTS\lib\</path>
         <kind>archive</kind>
         <file>rtsv7M4_T_le_v4SPD16_eabi.lib</file>
         <name>s_frexp.c.obj</name>
      </input_file>
      <input_file id="fl-e0">
         <path>C:\ti\ccsv8\tools\compiler\ti-cgt-arm_18.1.3.LTS\lib\</path>
         <kind>archive</kind>
         <file>rtsv7M4_T_le_v4SPD16_eabi.lib</file>
         <name>s_scalbn.c.obj</name>
      </input_file>
      <input_file id="fl-e1">
         <path>C:\ti\ccsv8\tools\compiler\ti-cgt-arm_18.1.3.LTS\lib\</path>
         <kind>archive</kind>
         <file>rtsv7M4_T_le_v4SPD16_eabi.lib</file>
         <name>wcslen.c.obj</name>
      </input_file>
      <input_file id="fl-e2">
         <path>C:\ti\ccsv8\tools\compiler\ti-cgt-arm_18.1.3.LTS\lib\</path>
         <kind>archive</kind>
         <file>rtsv7M4_T_le_v4SPD16_eabi.lib</file>
         <name>s_copysign.c.obj</name>
      </input_file>
      <input_file id="fl-e3">
         <path>C:\ti\ccsv8\tools\compiler\ti-cgt-arm_18.1.3.LTS\lib\</path>
         <kind>archive</kind>
         <file>rtsv7M4_T_le_v4SPD16_eabi.lib</file>
         <name>ull_div_t2.asm.obj</name>
      </input_file>
      <input_file id="fl-e4">
         <path>C:\ti\ccsv8\tools\compiler\ti-cgt-arm_18.1.3.LTS\lib\</path>
         <kind>archive</kind>
         <file>rtsv7M4_T_le_v4SPD16_eabi.lib</file>
         <name>fd_add_t2.asm.obj</name>
      </input_file>
      <input_file id="fl-e5">
         <path>C:\ti\ccsv8\tools\compiler\ti-cgt-arm_18.1.3.LTS\lib\</path>
         <kind>archive</kind>
         <file>rtsv7M4_T_le_v4SPD16_eabi.lib</file>
         <name>fd_cmp_t2.asm.obj</name>
      </input_file>
      <input_file id="fl-e6">
         <path>C:\ti\ccsv8\tools\compiler\ti-cgt-arm_18.1.3.LTS\lib\</path>
         <kind>archive</kind>
         <file>rtsv7M4_T_le_v4SPD16_eabi.lib</file>
         <name>fd_toi_t2.asm.obj</name>
      </input_file>
      <input_file id="fl-e7">
         <path>C:\ti\ccsv8\tools\compiler\ti-cgt-arm_18.1.3.LTS\lib\</path>
         <kind>archive</kind>
         <file>rtsv7M4_T_le_v4SPD16_eabi.lib</file>
         <name>i_tofd_t2.asm.obj</name>
      </input_file>
      <input_file id="fl-e8">
         <path>C:\ti\ccsv8\tools\compiler\ti-cgt-arm_18.1.3.LTS\lib\</path>
         <kind>archive</kind>
         <file>rtsv7M4_T_le_v4SPD16_eabi.lib</file>
         <name>div0.asm.obj</name>
      </input_file>
   </input_file_list>
   <object_component_list>
      <object_component id="oc-23">
         <name>.intvecs:retain</name>
         <load_address>0x0</load_address>
         <run_address>0x0</run_address>
         <size>0xe4</size>
         <input_file_ref idref="fl-b"/>
      </object_component>
      <object_component id="oc-21a">
         <name>.text:__TI_printfi</name>
         <load_address>0xe4</load_address>
         <run_address>0xe4</run_address>
         <size>0xa5e</size>
         <input_file_ref idref="fl-d7"/>
      </object_component>
      <object_component id="oc-366">
         <name>.text</name>
         <load_address>0xb42</load_address>
         <run_address>0xb42</run_address>
         <size>0x2</size>
         <input_file_ref idref="fl-e8"/>
      </object_component>
      <object_component id="oc-6a">
         <name>.text</name>
         <load_address>0xb44</load_address>
         <run_address>0xb44</run_address>
         <size>0x3f4</size>
         <input_file_ref idref="fl-9"/>
      </object_component>
      <object_component id="oc-f9">
         <name>.text</name>
         <load_address>0xf38</load_address>
         <run_address>0xf38</run_address>
         <size>0x380</size>
         <input_file_ref idref="fl-7"/>
      </object_component>
      <object_component id="oc-c3">
         <name>.text</name>
         <load_address>0x12b8</load_address>
         <run_address>0x12b8</run_address>
         <size>0x37c</size>
         <input_file_ref idref="fl-6"/>
      </object_component>
      <object_component id="oc-e7">
         <name>.text</name>
         <load_address>0x1634</load_address>
         <run_address>0x1634</run_address>
         <size>0x378</size>
         <input_file_ref idref="fl-5"/>
      </object_component>
      <object_component id="oc-a8">
         <name>.text</name>
         <load_address>0x19ac</load_address>
         <run_address>0x19ac</run_address>
         <size>0x334</size>
         <input_file_ref idref="fl-c"/>
      </object_component>
      <object_component id="oc-f3">
         <name>.text</name>
         <load_address>0x1ce0</load_address>
         <run_address>0x1ce0</run_address>
         <size>0x294</size>
         <input_file_ref idref="fl-8"/>
      </object_component>
      <object_component id="oc-2b3">
         <name>.text:_pconv_a</name>
         <load_address>0x1f74</load_address>
         <run_address>0x1f74</run_address>
         <size>0x270</size>
         <input_file_ref idref="fl-d7"/>
      </object_component>
      <object_component id="oc-ff">
         <name>.text</name>
         <load_address>0x21e4</load_address>
         <run_address>0x21e4</run_address>
         <size>0x254</size>
         <input_file_ref idref="fl-3"/>
      </object_component>
      <object_component id="oc-2a1">
         <name>.text:_pconv_g</name>
         <load_address>0x2438</load_address>
         <run_address>0x2438</run_address>
         <size>0x1d0</size>
         <input_file_ref idref="fl-d7"/>
      </object_component>
      <object_component id="oc-30f">
         <name>.text</name>
         <load_address>0x2608</load_address>
         <run_address>0x2608</run_address>
         <size>0x1b6</size>
         <input_file_ref idref="fl-e4"/>
      </object_component>
      <object_component id="oc-2ad">
         <name>.text:_pconv_e</name>
         <load_address>0x27c0</load_address>
         <run_address>0x27c0</run_address>
         <size>0x13c</size>
         <input_file_ref idref="fl-d7"/>
      </object_component>
      <object_component id="oc-b4">
         <name>.text</name>
         <load_address>0x28fc</load_address>
         <run_address>0x28fc</run_address>
         <size>0x136</size>
         <input_file_ref idref="fl-c7"/>
      </object_component>
      <object_component id="oc-96">
         <name>.text</name>
         <load_address>0x2a34</load_address>
         <run_address>0x2a34</run_address>
         <size>0x128</size>
         <input_file_ref idref="fl-a"/>
      </object_component>
      <object_component id="oc-ed">
         <name>.text</name>
         <load_address>0x2b5c</load_address>
         <run_address>0x2b5c</run_address>
         <size>0x124</size>
         <input_file_ref idref="fl-2"/>
      </object_component>
      <object_component id="oc-321">
         <name>.text:fcvt</name>
         <load_address>0x2c80</load_address>
         <run_address>0x2c80</run_address>
         <size>0x120</size>
         <input_file_ref idref="fl-d7"/>
      </object_component>
      <object_component id="oc-335">
         <name>.text:scalbn</name>
         <load_address>0x2da0</load_address>
         <run_address>0x2da0</run_address>
         <size>0x110</size>
         <input_file_ref idref="fl-e0"/>
      </object_component>
      <object_component id="oc-e1">
         <name>.text</name>
         <load_address>0x2eb0</load_address>
         <run_address>0x2eb0</run_address>
         <size>0x10c</size>
         <input_file_ref idref="fl-4"/>
      </object_component>
      <object_component id="oc-b9">
         <name>.text</name>
         <load_address>0x2fbc</load_address>
         <run_address>0x2fbc</run_address>
         <size>0xfc</size>
         <input_file_ref idref="fl-c8"/>
      </object_component>
      <object_component id="oc-296">
         <name>.text:_ltostr</name>
         <load_address>0x30b8</load_address>
         <run_address>0x30b8</run_address>
         <size>0xb1</size>
         <input_file_ref idref="fl-d7"/>
      </object_component>
      <object_component id="oc-34">
         <name>.text</name>
         <load_address>0x316a</load_address>
         <run_address>0x316a</run_address>
         <size>0x9c</size>
         <input_file_ref idref="fl-cb"/>
      </object_component>
      <object_component id="oc-2f3">
         <name>.text</name>
         <load_address>0x3206</load_address>
         <run_address>0x3206</run_address>
         <size>0x96</size>
         <input_file_ref idref="fl-e3"/>
      </object_component>
      <object_component id="oc-29c">
         <name>.text:__aeabi_cdcmple</name>
         <load_address>0x329c</load_address>
         <run_address>0x329c</run_address>
         <size>0x86</size>
         <input_file_ref idref="fl-e5"/>
      </object_component>
      <object_component id="oc-2fa">
         <name>.text:__aeabi_cdrcmple</name>
         <load_address>0x3322</load_address>
         <run_address>0x3322</run_address>
         <size>0x86</size>
         <input_file_ref idref="fl-e5"/>
      </object_component>
      <object_component id="oc-8a">
         <name>.text</name>
         <load_address>0x33a8</load_address>
         <run_address>0x33a8</run_address>
         <size>0x7a</size>
         <input_file_ref idref="fl-c6"/>
      </object_component>
      <object_component id="oc-31a">
         <name>.text:_mcpy</name>
         <load_address>0x3422</load_address>
         <run_address>0x3422</run_address>
         <size>0x6e</size>
         <input_file_ref idref="fl-d7"/>
      </object_component>
      <object_component id="oc-be">
         <name>.text</name>
         <load_address>0x3490</load_address>
         <run_address>0x3490</run_address>
         <size>0x6e</size>
         <input_file_ref idref="fl-c9"/>
      </object_component>
      <object_component id="oc-14">
         <name>.text:decompress:lzss:__TI_decompress_lzss</name>
         <load_address>0x34fe</load_address>
         <run_address>0x34fe</run_address>
         <size>0x68</size>
         <input_file_ref idref="fl-ce"/>
      </object_component>
      <object_component id="oc-32f">
         <name>.text:frexp</name>
         <load_address>0x3568</load_address>
         <run_address>0x3568</run_address>
         <size>0x64</size>
         <input_file_ref idref="fl-df"/>
      </object_component>
      <object_component id="oc-2a7">
         <name>.text:_pconv_f</name>
         <load_address>0x35cc</load_address>
         <run_address>0x35cc</run_address>
         <size>0x56</size>
         <input_file_ref idref="fl-d7"/>
      </object_component>
      <object_component id="oc-304">
         <name>.text:ltoa</name>
         <load_address>0x3622</load_address>
         <run_address>0x3622</run_address>
         <size>0x54</size>
         <input_file_ref idref="fl-db"/>
      </object_component>
      <object_component id="oc-314">
         <name>.text:_ecpy</name>
         <load_address>0x3676</load_address>
         <run_address>0x3676</run_address>
         <size>0x52</size>
         <input_file_ref idref="fl-d7"/>
      </object_component>
      <object_component id="oc-290">
         <name>.text:atoi</name>
         <load_address>0x36c8</load_address>
         <run_address>0x36c8</run_address>
         <size>0x4c</size>
         <input_file_ref idref="fl-d9"/>
      </object_component>
      <object_component id="oc-2ff">
         <name>.text</name>
         <load_address>0x3714</load_address>
         <run_address>0x3714</run_address>
         <size>0x48</size>
         <input_file_ref idref="fl-e6"/>
      </object_component>
      <object_component id="oc-117">
         <name>.text:__TI_auto_init_nobinit_nopinit:__TI_auto_init_nobinit_nopinit</name>
         <load_address>0x375c</load_address>
         <run_address>0x375c</run_address>
         <size>0x44</size>
         <input_file_ref idref="fl-d2"/>
      </object_component>
      <object_component id="oc-180">
         <name>.text:sprintf</name>
         <load_address>0x37a0</load_address>
         <run_address>0x37a0</run_address>
         <size>0x40</size>
         <input_file_ref idref="fl-cf"/>
      </object_component>
      <object_component id="oc-327">
         <name>.text:_fcpy</name>
         <load_address>0x37e0</load_address>
         <run_address>0x37e0</run_address>
         <size>0x3e</size>
         <input_file_ref idref="fl-d7"/>
      </object_component>
      <object_component id="oc-52">
         <name>.text:_c_int00_noargs:_c_int00_noargs</name>
         <load_address>0x3820</load_address>
         <run_address>0x3820</run_address>
         <size>0x38</size>
         <input_file_ref idref="fl-d1"/>
      </object_component>
      <object_component id="oc-af">
         <name>.text</name>
         <load_address>0x3858</load_address>
         <run_address>0x3858</run_address>
         <size>0x38</size>
         <input_file_ref idref="fl-ca"/>
      </object_component>
      <object_component id="oc-30a">
         <name>.text</name>
         <load_address>0x3890</load_address>
         <run_address>0x3890</run_address>
         <size>0x2e</size>
         <input_file_ref idref="fl-e7"/>
      </object_component>
      <object_component id="oc-2b9">
         <name>.text:memccpy</name>
         <load_address>0x38be</load_address>
         <run_address>0x38be</run_address>
         <size>0x1c</size>
         <input_file_ref idref="fl-dc"/>
      </object_component>
      <object_component id="oc-220">
         <name>.text:_outs</name>
         <load_address>0x38da</load_address>
         <run_address>0x38da</run_address>
         <size>0x18</size>
         <input_file_ref idref="fl-cf"/>
      </object_component>
      <object_component id="oc-33b">
         <name>.text:strchr</name>
         <load_address>0x38f2</load_address>
         <run_address>0x38f2</run_address>
         <size>0x16</size>
         <input_file_ref idref="fl-dd"/>
      </object_component>
      <object_component id="oc-37d">
         <name>.text:copysign</name>
         <load_address>0x3908</load_address>
         <run_address>0x3908</run_address>
         <size>0x14</size>
         <input_file_ref idref="fl-e2"/>
      </object_component>
      <object_component id="oc-186">
         <name>.text:strlen</name>
         <load_address>0x391c</load_address>
         <run_address>0x391c</run_address>
         <size>0x14</size>
         <input_file_ref idref="fl-d0"/>
      </object_component>
      <object_component id="oc-2bf">
         <name>.text:wcslen</name>
         <load_address>0x3930</load_address>
         <run_address>0x3930</run_address>
         <size>0x12</size>
         <input_file_ref idref="fl-e1"/>
      </object_component>
      <object_component id="oc-1a">
         <name>.text:decompress:none:__TI_decompress_none</name>
         <load_address>0x3942</load_address>
         <run_address>0x3942</run_address>
         <size>0xe</size>
         <input_file_ref idref="fl-cd"/>
      </object_component>
      <object_component id="oc-64">
         <name>.text</name>
         <load_address>0x3950</load_address>
         <run_address>0x3950</run_address>
         <size>0xe</size>
         <input_file_ref idref="fl-b"/>
      </object_component>
      <object_component id="oc-226">
         <name>.text:_outc</name>
         <load_address>0x395e</load_address>
         <run_address>0x395e</run_address>
         <size>0xa</size>
         <input_file_ref idref="fl-cf"/>
      </object_component>
      <object_component id="oc-2c5">
         <name>.text:__aeabi_errno_addr</name>
         <load_address>0x3968</load_address>
         <run_address>0x3968</run_address>
         <size>0x8</size>
         <input_file_ref idref="fl-de"/>
      </object_component>
      <object_component id="oc-90">
         <name>.text:_system_pre_init</name>
         <load_address>0x3970</load_address>
         <run_address>0x3970</run_address>
         <size>0x4</size>
         <input_file_ref idref="fl-d3"/>
      </object_component>
      <object_component id="oc-10b">
         <name>.text:abort:abort</name>
         <load_address>0x3974</load_address>
         <run_address>0x3974</run_address>
         <size>0x4</size>
         <input_file_ref idref="fl-d5"/>
      </object_component>
      <object_component id="oc-2ee">
         <name>.const:.string:_ctypes_</name>
         <load_address>0x3978</load_address>
         <run_address>0x3978</run_address>
         <size>0x101</size>
         <input_file_ref idref="fl-da"/>
      </object_component>
      <object_component id="oc-167">
         <name>.const:.string:$P$T0$1</name>
         <load_address>0x3a79</load_address>
         <run_address>0x3a79</run_address>
         <size>0x11</size>
         <input_file_ref idref="fl-2"/>
      </object_component>
      <object_component id="oc-15e">
         <name>.const:.string:$P$T0$1</name>
         <load_address>0x3a8a</load_address>
         <run_address>0x3a8a</run_address>
         <size>0x11</size>
         <input_file_ref idref="fl-4"/>
      </object_component>
      <object_component id="oc-1a3">
         <name>.const:.string:$P$T0$1</name>
         <load_address>0x3a9b</load_address>
         <run_address>0x3a9b</run_address>
         <size>0x11</size>
         <input_file_ref idref="fl-7"/>
      </object_component>
      <object_component id="oc-18c">
         <name>.const:.string:$P$T0$1</name>
         <load_address>0x3aac</load_address>
         <run_address>0x3aac</run_address>
         <size>0x11</size>
         <input_file_ref idref="fl-8"/>
      </object_component>
      <object_component id="oc-16a">
         <name>.const:.string:$P$T1$2</name>
         <load_address>0x3abd</load_address>
         <run_address>0x3abd</run_address>
         <size>0x11</size>
         <input_file_ref idref="fl-2"/>
      </object_component>
      <object_component id="oc-161">
         <name>.const:.string:$P$T1$2</name>
         <load_address>0x3ace</load_address>
         <run_address>0x3ace</run_address>
         <size>0x11</size>
         <input_file_ref idref="fl-4"/>
      </object_component>
      <object_component id="oc-1a6">
         <name>.const:.string:$P$T1$2</name>
         <load_address>0x3adf</load_address>
         <run_address>0x3adf</run_address>
         <size>0x11</size>
         <input_file_ref idref="fl-7"/>
      </object_component>
      <object_component id="oc-18f">
         <name>.const:.string:$P$T1$2</name>
         <load_address>0x3af0</load_address>
         <run_address>0x3af0</run_address>
         <size>0x11</size>
         <input_file_ref idref="fl-8"/>
      </object_component>
      <object_component id="oc-1c1">
         <name>.const:.string:$P$T10$11</name>
         <load_address>0x3b01</load_address>
         <run_address>0x3b01</run_address>
         <size>0x11</size>
         <input_file_ref idref="fl-7"/>
      </object_component>
      <object_component id="oc-1c4">
         <name>.const:.string:$P$T11$12</name>
         <load_address>0x3b12</load_address>
         <run_address>0x3b12</run_address>
         <size>0x11</size>
         <input_file_ref idref="fl-7"/>
      </object_component>
      <object_component id="oc-16d">
         <name>.const:.string:$P$T2$3</name>
         <load_address>0x3b23</load_address>
         <run_address>0x3b23</run_address>
         <size>0x11</size>
         <input_file_ref idref="fl-2"/>
      </object_component>
      <object_component id="oc-1a9">
         <name>.const:.string:$P$T2$3</name>
         <load_address>0x3b34</load_address>
         <run_address>0x3b34</run_address>
         <size>0x11</size>
         <input_file_ref idref="fl-7"/>
      </object_component>
      <object_component id="oc-192">
         <name>.const:.string:$P$T2$3</name>
         <load_address>0x3b45</load_address>
         <run_address>0x3b45</run_address>
         <size>0x11</size>
         <input_file_ref idref="fl-8"/>
      </object_component>
      <object_component id="oc-170">
         <name>.const:.string:$P$T3$4</name>
         <load_address>0x3b56</load_address>
         <run_address>0x3b56</run_address>
         <size>0x11</size>
         <input_file_ref idref="fl-2"/>
      </object_component>
      <object_component id="oc-1ac">
         <name>.const:.string:$P$T3$4</name>
         <load_address>0x3b67</load_address>
         <run_address>0x3b67</run_address>
         <size>0x11</size>
         <input_file_ref idref="fl-7"/>
      </object_component>
      <object_component id="oc-195">
         <name>.const:.string:$P$T3$4</name>
         <load_address>0x3b78</load_address>
         <run_address>0x3b78</run_address>
         <size>0x11</size>
         <input_file_ref idref="fl-8"/>
      </object_component>
      <object_component id="oc-173">
         <name>.const:.string:$P$T4$5</name>
         <load_address>0x3b89</load_address>
         <run_address>0x3b89</run_address>
         <size>0x11</size>
         <input_file_ref idref="fl-2"/>
      </object_component>
      <object_component id="oc-1af">
         <name>.const:.string:$P$T4$5</name>
         <load_address>0x3b9a</load_address>
         <run_address>0x3b9a</run_address>
         <size>0x11</size>
         <input_file_ref idref="fl-7"/>
      </object_component>
      <object_component id="oc-198">
         <name>.const:.string:$P$T4$5</name>
         <load_address>0x3bab</load_address>
         <run_address>0x3bab</run_address>
         <size>0x11</size>
         <input_file_ref idref="fl-8"/>
      </object_component>
      <object_component id="oc-176">
         <name>.const:.string:$P$T5$6</name>
         <load_address>0x3bbc</load_address>
         <run_address>0x3bbc</run_address>
         <size>0x11</size>
         <input_file_ref idref="fl-2"/>
      </object_component>
      <object_component id="oc-1b2">
         <name>.const:.string:$P$T5$6</name>
         <load_address>0x3bcd</load_address>
         <run_address>0x3bcd</run_address>
         <size>0x11</size>
         <input_file_ref idref="fl-7"/>
      </object_component>
      <object_component id="oc-19b">
         <name>.const:.string:$P$T5$6</name>
         <load_address>0x3bde</load_address>
         <run_address>0x3bde</run_address>
         <size>0x11</size>
         <input_file_ref idref="fl-8"/>
      </object_component>
      <object_component id="oc-179">
         <name>.const:.string:$P$T6$7</name>
         <load_address>0x3bef</load_address>
         <run_address>0x3bef</run_address>
         <size>0x11</size>
         <input_file_ref idref="fl-2"/>
      </object_component>
      <object_component id="oc-1b5">
         <name>.const:.string:$P$T6$7</name>
         <load_address>0x3c00</load_address>
         <run_address>0x3c00</run_address>
         <size>0x11</size>
         <input_file_ref idref="fl-7"/>
      </object_component>
      <object_component id="oc-19e">
         <name>.const:.string:$P$T6$7</name>
         <load_address>0x3c11</load_address>
         <run_address>0x3c11</run_address>
         <size>0x11</size>
         <input_file_ref idref="fl-8"/>
      </object_component>
      <object_component id="oc-17c">
         <name>.const:.string:$P$T7$8</name>
         <load_address>0x3c22</load_address>
         <run_address>0x3c22</run_address>
         <size>0x11</size>
         <input_file_ref idref="fl-2"/>
      </object_component>
      <object_component id="oc-1b8">
         <name>.const:.string:$P$T7$8</name>
         <load_address>0x3c33</load_address>
         <run_address>0x3c33</run_address>
         <size>0x11</size>
         <input_file_ref idref="fl-7"/>
      </object_component>
      <object_component id="oc-1bb">
         <name>.const:.string:$P$T8$9</name>
         <load_address>0x3c44</load_address>
         <run_address>0x3c44</run_address>
         <size>0x11</size>
         <input_file_ref idref="fl-7"/>
      </object_component>
      <object_component id="oc-1be">
         <name>.const:.string:$P$T9$10</name>
         <load_address>0x3c55</load_address>
         <run_address>0x3c55</run_address>
         <size>0x11</size>
         <input_file_ref idref="fl-7"/>
      </object_component>
      <object_component id="oc-3d9">
         <name>.cinit..data.load</name>
         <load_address>0x3c68</load_address>
         <run_address>0x3c68</run_address>
         <size>0xb</size>
      </object_component>
      <object_component id="oc-3d7">
         <name>__TI_handler_table</name>
         <load_address>0x3c74</load_address>
         <run_address>0x3c74</run_address>
         <size>0x8</size>
      </object_component>
      <object_component id="oc-3d8">
         <name>__TI_cinit_table</name>
         <load_address>0x3c7c</load_address>
         <run_address>0x3c7c</run_address>
         <size>0x8</size>
      </object_component>
      <object_component id="oc-3ac">
         <name>.binit</name>
         <load_address>0x0</load_address>
         <run_address>0x0</run_address>
         <size>0x0</size>
      </object_component>
      <object_component id="oc-149">
         <name>.data</name>
         <load_address>0x20000004</load_address>
         <run_address>0x20000004</run_address>
         <size>0x4</size>
         <input_file_ref idref="fl-c"/>
      </object_component>
      <object_component id="oc-34b">
         <name>.data</name>
         <load_address>0x20000000</load_address>
         <run_address>0x20000000</run_address>
         <size>0x4</size>
         <input_file_ref idref="fl-de"/>
      </object_component>
      <object_component id="oc-26">
         <name>.stack</name>
         <uninitialized>true</uninitialized>
         <run_address>0x2000fe00</run_address>
         <size>0x4</size>
         <input_file_ref idref="fl-d1"/>
      </object_component>
      <object_component id="oc-3da">
         <name>.stack</name>
         <uninitialized>true</uninitialized>
         <run_address>0x2000fe00</run_address>
         <size>0x0</size>
      </object_component>
      <object_component id="oc-15d">
         <name>.debug_info</name>
         <load_address>0x0</load_address>
         <run_address>0x0</run_address>
         <size>0x60e</size>
         <input_file_ref idref="fl-2"/>
      </object_component>
      <object_component id="oc-168">
         <name>.debug_info</name>
         <load_address>0x60e</load_address>
         <run_address>0x60e</run_address>
         <size>0xe1</size>
         <input_file_ref idref="fl-2"/>
      </object_component>
      <object_component id="oc-16b">
         <name>.debug_info</name>
         <load_address>0x6ef</load_address>
         <run_address>0x6ef</run_address>
         <size>0xe1</size>
         <input_file_ref idref="fl-2"/>
      </object_component>
      <object_component id="oc-16e">
         <name>.debug_info</name>
         <load_address>0x7d0</load_address>
         <run_address>0x7d0</run_address>
         <size>0xe1</size>
         <input_file_ref idref="fl-2"/>
      </object_component>
      <object_component id="oc-171">
         <name>.debug_info</name>
         <load_address>0x8b1</load_address>
         <run_address>0x8b1</run_address>
         <size>0xe1</size>
         <input_file_ref idref="fl-2"/>
      </object_component>
      <object_component id="oc-174">
         <name>.debug_info</name>
         <load_address>0x992</load_address>
         <run_address>0x992</run_address>
         <size>0xe1</size>
         <input_file_ref idref="fl-2"/>
      </object_component>
      <object_component id="oc-177">
         <name>.debug_info</name>
         <load_address>0xa73</load_address>
         <run_address>0xa73</run_address>
         <size>0xe1</size>
         <input_file_ref idref="fl-2"/>
      </object_component>
      <object_component id="oc-17a">
         <name>.debug_info</name>
         <load_address>0xb54</load_address>
         <run_address>0xb54</run_address>
         <size>0xe1</size>
         <input_file_ref idref="fl-2"/>
      </object_component>
      <object_component id="oc-17d">
         <name>.debug_info</name>
         <load_address>0xc35</load_address>
         <run_address>0xc35</run_address>
         <size>0xe1</size>
         <input_file_ref idref="fl-2"/>
      </object_component>
      <object_component id="oc-ee">
         <name>.debug_info</name>
         <load_address>0xd16</load_address>
         <run_address>0xd16</run_address>
         <size>0x489</size>
         <input_file_ref idref="fl-2"/>
      </object_component>
      <object_component id="oc-cc">
         <name>.debug_info</name>
         <load_address>0x119f</load_address>
         <run_address>0x119f</run_address>
         <size>0x26b</size>
         <input_file_ref idref="fl-2"/>
      </object_component>
      <object_component id="oc-1f3">
         <name>.debug_info</name>
         <load_address>0x140a</load_address>
         <run_address>0x140a</run_address>
         <size>0x1055</size>
         <input_file_ref idref="fl-2"/>
      </object_component>
      <object_component id="oc-1fa">
         <name>.debug_info</name>
         <load_address>0x245f</load_address>
         <run_address>0x245f</run_address>
         <size>0x37e2</size>
         <input_file_ref idref="fl-2"/>
      </object_component>
      <object_component id="oc-2f">
         <name>.debug_info</name>
         <load_address>0x5c41</load_address>
         <run_address>0x5c41</run_address>
         <size>0x84</size>
         <input_file_ref idref="fl-2"/>
      </object_component>
      <object_component id="oc-158">
         <name>.debug_info</name>
         <load_address>0x5cc5</load_address>
         <run_address>0x5cc5</run_address>
         <size>0x297</size>
         <input_file_ref idref="fl-2"/>
      </object_component>
      <object_component id="oc-14d">
         <name>.debug_info</name>
         <load_address>0x5f5c</load_address>
         <run_address>0x5f5c</run_address>
         <size>0xbb</size>
         <input_file_ref idref="fl-2"/>
      </object_component>
      <object_component id="oc-28f">
         <name>.debug_info</name>
         <load_address>0x6017</load_address>
         <run_address>0x6017</run_address>
         <size>0x578</size>
         <input_file_ref idref="fl-3"/>
      </object_component>
      <object_component id="oc-101">
         <name>.debug_info</name>
         <load_address>0x658f</load_address>
         <run_address>0x658f</run_address>
         <size>0x406</size>
         <input_file_ref idref="fl-3"/>
      </object_component>
      <object_component id="oc-1ee">
         <name>.debug_info</name>
         <load_address>0x6995</load_address>
         <run_address>0x6995</run_address>
         <size>0x37e2</size>
         <input_file_ref idref="fl-3"/>
      </object_component>
      <object_component id="oc-165">
         <name>.debug_info</name>
         <load_address>0xa177</load_address>
         <run_address>0xa177</run_address>
         <size>0x642</size>
         <input_file_ref idref="fl-4"/>
      </object_component>
      <object_component id="oc-15f">
         <name>.debug_info</name>
         <load_address>0xa7b9</load_address>
         <run_address>0xa7b9</run_address>
         <size>0xe3</size>
         <input_file_ref idref="fl-4"/>
      </object_component>
      <object_component id="oc-162">
         <name>.debug_info</name>
         <load_address>0xa89c</load_address>
         <run_address>0xa89c</run_address>
         <size>0xe3</size>
         <input_file_ref idref="fl-4"/>
      </object_component>
      <object_component id="oc-e3">
         <name>.debug_info</name>
         <load_address>0xa97f</load_address>
         <run_address>0xa97f</run_address>
         <size>0x325</size>
         <input_file_ref idref="fl-4"/>
      </object_component>
      <object_component id="oc-205">
         <name>.debug_info</name>
         <load_address>0xaca4</load_address>
         <run_address>0xaca4</run_address>
         <size>0x37e2</size>
         <input_file_ref idref="fl-4"/>
      </object_component>
      <object_component id="oc-ea">
         <name>.debug_info</name>
         <load_address>0xe486</load_address>
         <run_address>0xe486</run_address>
         <size>0x237</size>
         <input_file_ref idref="fl-5"/>
      </object_component>
      <object_component id="oc-157">
         <name>.debug_info</name>
         <load_address>0xe6bd</load_address>
         <run_address>0xe6bd</run_address>
         <size>0x540</size>
         <input_file_ref idref="fl-6"/>
      </object_component>
      <object_component id="oc-c4">
         <name>.debug_info</name>
         <load_address>0xebfd</load_address>
         <run_address>0xebfd</run_address>
         <size>0x80d</size>
         <input_file_ref idref="fl-6"/>
      </object_component>
      <object_component id="oc-1c8">
         <name>.debug_info</name>
         <load_address>0xf40a</load_address>
         <run_address>0xf40a</run_address>
         <size>0x777</size>
         <input_file_ref idref="fl-7"/>
      </object_component>
      <object_component id="oc-1a4">
         <name>.debug_info</name>
         <load_address>0xfb81</load_address>
         <run_address>0xfb81</run_address>
         <size>0xe5</size>
         <input_file_ref idref="fl-7"/>
      </object_component>
      <object_component id="oc-1a7">
         <name>.debug_info</name>
         <load_address>0xfc66</load_address>
         <run_address>0xfc66</run_address>
         <size>0xe5</size>
         <input_file_ref idref="fl-7"/>
      </object_component>
      <object_component id="oc-1aa">
         <name>.debug_info</name>
         <load_address>0xfd4b</load_address>
         <run_address>0xfd4b</run_address>
         <size>0xe5</size>
         <input_file_ref idref="fl-7"/>
      </object_component>
      <object_component id="oc-1ad">
         <name>.debug_info</name>
         <load_address>0xfe30</load_address>
         <run_address>0xfe30</run_address>
         <size>0xe5</size>
         <input_file_ref idref="fl-7"/>
      </object_component>
      <object_component id="oc-1b0">
         <name>.debug_info</name>
         <load_address>0xff15</load_address>
         <run_address>0xff15</run_address>
         <size>0xe5</size>
         <input_file_ref idref="fl-7"/>
      </object_component>
      <object_component id="oc-1b3">
         <name>.debug_info</name>
         <load_address>0xfffa</load_address>
         <run_address>0xfffa</run_address>
         <size>0xe5</size>
         <input_file_ref idref="fl-7"/>
      </object_component>
      <object_component id="oc-1b6">
         <name>.debug_info</name>
         <load_address>0x100df</load_address>
         <run_address>0x100df</run_address>
         <size>0xe5</size>
         <input_file_ref idref="fl-7"/>
      </object_component>
      <object_component id="oc-1b9">
         <name>.debug_info</name>
         <load_address>0x101c4</load_address>
         <run_address>0x101c4</run_address>
         <size>0xe5</size>
         <input_file_ref idref="fl-7"/>
      </object_component>
      <object_component id="oc-1bc">
         <name>.debug_info</name>
         <load_address>0x102a9</load_address>
         <run_address>0x102a9</run_address>
         <size>0xe5</size>
         <input_file_ref idref="fl-7"/>
      </object_component>
      <object_component id="oc-1bf">
         <name>.debug_info</name>
         <load_address>0x1038e</load_address>
         <run_address>0x1038e</run_address>
         <size>0xe7</size>
         <input_file_ref idref="fl-7"/>
      </object_component>
      <object_component id="oc-1c2">
         <name>.debug_info</name>
         <load_address>0x10475</load_address>
         <run_address>0x10475</run_address>
         <size>0xe9</size>
         <input_file_ref idref="fl-7"/>
      </object_component>
      <object_component id="oc-1c5">
         <name>.debug_info</name>
         <load_address>0x1055e</load_address>
         <run_address>0x1055e</run_address>
         <size>0xe9</size>
         <input_file_ref idref="fl-7"/>
      </object_component>
      <object_component id="oc-fa">
         <name>.debug_info</name>
         <load_address>0x10647</load_address>
         <run_address>0x10647</run_address>
         <size>0x8fc</size>
         <input_file_ref idref="fl-7"/>
      </object_component>
      <object_component id="oc-269">
         <name>.debug_info</name>
         <load_address>0x10f43</load_address>
         <run_address>0x10f43</run_address>
         <size>0x37e2</size>
         <input_file_ref idref="fl-7"/>
      </object_component>
      <object_component id="oc-24a">
         <name>.debug_info</name>
         <load_address>0x14725</load_address>
         <run_address>0x14725</run_address>
         <size>0xcc</size>
         <input_file_ref idref="fl-7"/>
      </object_component>
      <object_component id="oc-22e">
         <name>.debug_info</name>
         <load_address>0x147f1</load_address>
         <run_address>0x147f1</run_address>
         <size>0x2c</size>
         <input_file_ref idref="fl-7"/>
      </object_component>
      <object_component id="oc-1a2">
         <name>.debug_info</name>
         <load_address>0x1481d</load_address>
         <run_address>0x1481d</run_address>
         <size>0x76f</size>
         <input_file_ref idref="fl-8"/>
      </object_component>
      <object_component id="oc-18d">
         <name>.debug_info</name>
         <load_address>0x14f8c</load_address>
         <run_address>0x14f8c</run_address>
         <size>0xe4</size>
         <input_file_ref idref="fl-8"/>
      </object_component>
      <object_component id="oc-190">
         <name>.debug_info</name>
         <load_address>0x15070</load_address>
         <run_address>0x15070</run_address>
         <size>0xe4</size>
         <input_file_ref idref="fl-8"/>
      </object_component>
      <object_component id="oc-193">
         <name>.debug_info</name>
         <load_address>0x15154</load_address>
         <run_address>0x15154</run_address>
         <size>0xe4</size>
         <input_file_ref idref="fl-8"/>
      </object_component>
      <object_component id="oc-196">
         <name>.debug_info</name>
         <load_address>0x15238</load_address>
         <run_address>0x15238</run_address>
         <size>0xe4</size>
         <input_file_ref idref="fl-8"/>
      </object_component>
      <object_component id="oc-199">
         <name>.debug_info</name>
         <load_address>0x1531c</load_address>
         <run_address>0x1531c</run_address>
         <size>0xe4</size>
         <input_file_ref idref="fl-8"/>
      </object_component>
      <object_component id="oc-19c">
         <name>.debug_info</name>
         <load_address>0x15400</load_address>
         <run_address>0x15400</run_address>
         <size>0xe4</size>
         <input_file_ref idref="fl-8"/>
      </object_component>
      <object_component id="oc-19f">
         <name>.debug_info</name>
         <load_address>0x154e4</load_address>
         <run_address>0x154e4</run_address>
         <size>0xe4</size>
         <input_file_ref idref="fl-8"/>
      </object_component>
      <object_component id="oc-f7">
         <name>.debug_info</name>
         <load_address>0x155c8</load_address>
         <run_address>0x155c8</run_address>
         <size>0x640</size>
         <input_file_ref idref="fl-8"/>
      </object_component>
      <object_component id="oc-245">
         <name>.debug_info</name>
         <load_address>0x15c08</load_address>
         <run_address>0x15c08</run_address>
         <size>0x37e2</size>
         <input_file_ref idref="fl-8"/>
      </object_component>
      <object_component id="oc-6b">
         <name>.debug_info</name>
         <load_address>0x193ea</load_address>
         <run_address>0x193ea</run_address>
         <size>0x8e8</size>
         <input_file_ref idref="fl-9"/>
      </object_component>
      <object_component id="oc-97">
         <name>.debug_info</name>
         <load_address>0x19cd2</load_address>
         <run_address>0x19cd2</run_address>
         <size>0x258</size>
         <input_file_ref idref="fl-a"/>
      </object_component>
      <object_component id="oc-106">
         <name>.debug_info</name>
         <load_address>0x19f2a</load_address>
         <run_address>0x19f2a</run_address>
         <size>0x63</size>
         <input_file_ref idref="fl-a"/>
      </object_component>
      <object_component id="oc-72">
         <name>.debug_info</name>
         <load_address>0x19f8d</load_address>
         <run_address>0x19f8d</run_address>
         <size>0x2c5</size>
         <input_file_ref idref="fl-b"/>
      </object_component>
      <object_component id="oc-24">
         <name>.debug_info</name>
         <load_address>0x1a252</load_address>
         <run_address>0x1a252</run_address>
         <size>0xf1</size>
         <input_file_ref idref="fl-b"/>
      </object_component>
      <object_component id="oc-65">
         <name>.debug_info</name>
         <load_address>0x1a343</load_address>
         <run_address>0x1a343</run_address>
         <size>0x1b8</size>
         <input_file_ref idref="fl-b"/>
      </object_component>
      <object_component id="oc-14a">
         <name>.debug_info</name>
         <load_address>0x1a4fb</load_address>
         <run_address>0x1a4fb</run_address>
         <size>0xea</size>
         <input_file_ref idref="fl-c"/>
      </object_component>
      <object_component id="oc-a9">
         <name>.debug_info</name>
         <load_address>0x1a5e5</load_address>
         <run_address>0x1a5e5</run_address>
         <size>0x25c</size>
         <input_file_ref idref="fl-c"/>
      </object_component>
      <object_component id="oc-8b">
         <name>.debug_info</name>
         <load_address>0x1a841</load_address>
         <run_address>0x1a841</run_address>
         <size>0x13f</size>
         <input_file_ref idref="fl-c6"/>
      </object_component>
      <object_component id="oc-b6">
         <name>.debug_info</name>
         <load_address>0x1a980</load_address>
         <run_address>0x1a980</run_address>
         <size>0x132</size>
         <input_file_ref idref="fl-c7"/>
      </object_component>
      <object_component id="oc-bc">
         <name>.debug_info</name>
         <load_address>0x1aab2</load_address>
         <run_address>0x1aab2</run_address>
         <size>0x132</size>
         <input_file_ref idref="fl-c8"/>
      </object_component>
      <object_component id="oc-c0">
         <name>.debug_info</name>
         <load_address>0x1abe4</load_address>
         <run_address>0x1abe4</run_address>
         <size>0x136</size>
         <input_file_ref idref="fl-c9"/>
      </object_component>
      <object_component id="oc-b2">
         <name>.debug_info</name>
         <load_address>0x1ad1a</load_address>
         <run_address>0x1ad1a</run_address>
         <size>0x124</size>
         <input_file_ref idref="fl-ca"/>
      </object_component>
      <object_component id="oc-37">
         <name>.debug_info</name>
         <load_address>0x1ae3e</load_address>
         <run_address>0x1ae3e</run_address>
         <size>0x111</size>
         <input_file_ref idref="fl-cb"/>
      </object_component>
      <object_component id="oc-d8">
         <name>.debug_info</name>
         <load_address>0x1af4f</load_address>
         <run_address>0x1af4f</run_address>
         <size>0x2c</size>
         <input_file_ref idref="fl-cc"/>
      </object_component>
      <object_component id="oc-3f">
         <name>.debug_info</name>
         <load_address>0x1af7b</load_address>
         <run_address>0x1af7b</run_address>
         <size>0x29d</size>
         <input_file_ref idref="fl-cd"/>
      </object_component>
      <object_component id="oc-1b">
         <name>.debug_info</name>
         <load_address>0x1b218</load_address>
         <run_address>0x1b218</run_address>
         <size>0x1df</size>
         <input_file_ref idref="fl-cd"/>
      </object_component>
      <object_component id="oc-3a">
         <name>.debug_info</name>
         <load_address>0x1b3f7</load_address>
         <run_address>0x1b3f7</run_address>
         <size>0x46</size>
         <input_file_ref idref="fl-cd"/>
      </object_component>
      <object_component id="oc-7c">
         <name>.debug_info</name>
         <load_address>0x1b43d</load_address>
         <run_address>0x1b43d</run_address>
         <size>0x2c</size>
         <input_file_ref idref="fl-cd"/>
      </object_component>
      <object_component id="oc-7a">
         <name>.debug_info</name>
         <load_address>0x1b469</load_address>
         <run_address>0x1b469</run_address>
         <size>0x293</size>
         <input_file_ref idref="fl-ce"/>
      </object_component>
      <object_component id="oc-15">
         <name>.debug_info</name>
         <load_address>0x1b6fc</load_address>
         <run_address>0x1b6fc</run_address>
         <size>0x245</size>
         <input_file_ref idref="fl-ce"/>
      </object_component>
      <object_component id="oc-2a">
         <name>.debug_info</name>
         <load_address>0x1b941</load_address>
         <run_address>0x1b941</run_address>
         <size>0x60</size>
         <input_file_ref idref="fl-ce"/>
      </object_component>
      <object_component id="oc-d1">
         <name>.debug_info</name>
         <load_address>0x1b9a1</load_address>
         <run_address>0x1b9a1</run_address>
         <size>0x46</size>
         <input_file_ref idref="fl-ce"/>
      </object_component>
      <object_component id="oc-75">
         <name>.debug_info</name>
         <load_address>0x1b9e7</load_address>
         <run_address>0x1b9e7</run_address>
         <size>0x39</size>
         <input_file_ref idref="fl-ce"/>
      </object_component>
      <object_component id="oc-22d">
         <name>.debug_info</name>
         <load_address>0x1ba20</load_address>
         <run_address>0x1ba20</run_address>
         <size>0x328</size>
         <input_file_ref idref="fl-cf"/>
      </object_component>
      <object_component id="oc-183">
         <name>.debug_info</name>
         <load_address>0x1bd48</load_address>
         <run_address>0x1bd48</run_address>
         <size>0x1c6</size>
         <input_file_ref idref="fl-cf"/>
      </object_component>
      <object_component id="oc-222">
         <name>.debug_info</name>
         <load_address>0x1bf0e</load_address>
         <run_address>0x1bf0e</run_address>
         <size>0x182</size>
         <input_file_ref idref="fl-cf"/>
      </object_component>
      <object_component id="oc-228">
         <name>.debug_info</name>
         <load_address>0x1c090</load_address>
         <run_address>0x1c090</run_address>
         <size>0x162</size>
         <input_file_ref idref="fl-cf"/>
      </object_component>
      <object_component id="oc-352">
         <name>.debug_info</name>
         <load_address>0x1c1f2</load_address>
         <run_address>0x1c1f2</run_address>
         <size>0x2c</size>
         <input_file_ref idref="fl-cf"/>
      </object_component>
      <object_component id="oc-234">
         <name>.debug_info</name>
         <load_address>0x1c21e</load_address>
         <run_address>0x1c21e</run_address>
         <size>0x284</size>
         <input_file_ref idref="fl-d0"/>
      </object_component>
      <object_component id="oc-187">
         <name>.debug_info</name>
         <load_address>0x1c4a2</load_address>
         <run_address>0x1c4a2</run_address>
         <size>0x22a</size>
         <input_file_ref idref="fl-d0"/>
      </object_component>
      <object_component id="oc-27">
         <name>.debug_info</name>
         <load_address>0x1c6cc</load_address>
         <run_address>0x1c6cc</run_address>
         <size>0x100</size>
         <input_file_ref idref="fl-d1"/>
      </object_component>
      <object_component id="oc-53">
         <name>.debug_info</name>
         <load_address>0x1c7cc</load_address>
         <run_address>0x1c7cc</run_address>
         <size>0x1a4</size>
         <input_file_ref idref="fl-d1"/>
      </object_component>
      <object_component id="oc-1d5">
         <name>.debug_info</name>
         <load_address>0x1c970</load_address>
         <run_address>0x1c970</run_address>
         <size>0x547</size>
         <input_file_ref idref="fl-d2"/>
      </object_component>
      <object_component id="oc-119">
         <name>.debug_info</name>
         <load_address>0x1ceb7</load_address>
         <run_address>0x1ceb7</run_address>
         <size>0x19b</size>
         <input_file_ref idref="fl-d2"/>
      </object_component>
      <object_component id="oc-27e">
         <name>.debug_info</name>
         <load_address>0x1d052</load_address>
         <run_address>0x1d052</run_address>
         <size>0x39</size>
         <input_file_ref idref="fl-d2"/>
      </object_component>
      <object_component id="oc-2e0">
         <name>.debug_info</name>
         <load_address>0x1d08b</load_address>
         <run_address>0x1d08b</run_address>
         <size>0x39</size>
         <input_file_ref idref="fl-d2"/>
      </object_component>
      <object_component id="oc-283">
         <name>.debug_info</name>
         <load_address>0x1d0c4</load_address>
         <run_address>0x1d0c4</run_address>
         <size>0x39</size>
         <input_file_ref idref="fl-d2"/>
      </object_component>
      <object_component id="oc-288">
         <name>.debug_info</name>
         <load_address>0x1d0fd</load_address>
         <run_address>0x1d0fd</run_address>
         <size>0xcd</size>
         <input_file_ref idref="fl-d2"/>
      </object_component>
      <object_component id="oc-91">
         <name>.debug_info</name>
         <load_address>0x1d1ca</load_address>
         <run_address>0x1d1ca</run_address>
         <size>0x148</size>
         <input_file_ref idref="fl-d3"/>
      </object_component>
      <object_component id="oc-10c">
         <name>.debug_info</name>
         <load_address>0x1d312</load_address>
         <run_address>0x1d312</run_address>
         <size>0x117</size>
         <input_file_ref idref="fl-d5"/>
      </object_component>
      <object_component id="oc-2cc">
         <name>.debug_info</name>
         <load_address>0x1d429</load_address>
         <run_address>0x1d429</run_address>
         <size>0x8a6</size>
         <input_file_ref idref="fl-d7"/>
      </object_component>
      <object_component id="oc-29a">
         <name>.debug_info</name>
         <load_address>0x1dccf</load_address>
         <run_address>0x1dccf</run_address>
         <size>0x213</size>
         <input_file_ref idref="fl-d7"/>
      </object_component>
      <object_component id="oc-315">
         <name>.debug_info</name>
         <load_address>0x1dee2</load_address>
         <run_address>0x1dee2</run_address>
         <size>0x1a8</size>
         <input_file_ref idref="fl-d7"/>
      </object_component>
      <object_component id="oc-31b">
         <name>.debug_info</name>
         <load_address>0x1e08a</load_address>
         <run_address>0x1e08a</run_address>
         <size>0x210</size>
         <input_file_ref idref="fl-d7"/>
      </object_component>
      <object_component id="oc-2a2">
         <name>.debug_info</name>
         <load_address>0x1e29a</load_address>
         <run_address>0x1e29a</run_address>
         <size>0x3b0</size>
         <input_file_ref idref="fl-d7"/>
      </object_component>
      <object_component id="oc-322">
         <name>.debug_info</name>
         <load_address>0x1e64a</load_address>
         <run_address>0x1e64a</run_address>
         <size>0x2fa</size>
         <input_file_ref idref="fl-d7"/>
      </object_component>
      <object_component id="oc-328">
         <name>.debug_info</name>
         <load_address>0x1e944</load_address>
         <run_address>0x1e944</run_address>
         <size>0x20a</size>
         <input_file_ref idref="fl-d7"/>
      </object_component>
      <object_component id="oc-2a8">
         <name>.debug_info</name>
         <load_address>0x1eb4e</load_address>
         <run_address>0x1eb4e</run_address>
         <size>0x20a</size>
         <input_file_ref idref="fl-d7"/>
      </object_component>
      <object_component id="oc-2ae">
         <name>.debug_info</name>
         <load_address>0x1ed58</load_address>
         <run_address>0x1ed58</run_address>
         <size>0x2f9</size>
         <input_file_ref idref="fl-d7"/>
      </object_component>
      <object_component id="oc-2b4">
         <name>.debug_info</name>
         <load_address>0x1f051</load_address>
         <run_address>0x1f051</run_address>
         <size>0x4a5</size>
         <input_file_ref idref="fl-d7"/>
      </object_component>
      <object_component id="oc-21c">
         <name>.debug_info</name>
         <load_address>0x1f4f6</load_address>
         <run_address>0x1f4f6</run_address>
         <size>0x5cd</size>
         <input_file_ref idref="fl-d7"/>
      </object_component>
      <object_component id="oc-2cd">
         <name>.debug_info</name>
         <load_address>0x1fac3</load_address>
         <run_address>0x1fac3</run_address>
         <size>0x86</size>
         <input_file_ref idref="fl-d7"/>
      </object_component>
      <object_component id="oc-357">
         <name>.debug_info</name>
         <load_address>0x1fb49</load_address>
         <run_address>0x1fb49</run_address>
         <size>0x39</size>
         <input_file_ref idref="fl-d7"/>
      </object_component>
      <object_component id="oc-394">
         <name>.debug_info</name>
         <load_address>0x1fb82</load_address>
         <run_address>0x1fb82</run_address>
         <size>0xb6</size>
         <input_file_ref idref="fl-d7"/>
      </object_component>
      <object_component id="oc-35c">
         <name>.debug_info</name>
         <load_address>0x1fc38</load_address>
         <run_address>0x1fc38</run_address>
         <size>0x46</size>
         <input_file_ref idref="fl-d7"/>
      </object_component>
      <object_component id="oc-2d2">
         <name>.debug_info</name>
         <load_address>0x1fc7e</load_address>
         <run_address>0x1fc7e</run_address>
         <size>0x46</size>
         <input_file_ref idref="fl-d7"/>
      </object_component>
      <object_component id="oc-2f2">
         <name>.debug_info</name>
         <load_address>0x1fcc4</load_address>
         <run_address>0x1fcc4</run_address>
         <size>0x2ae</size>
         <input_file_ref idref="fl-d9"/>
      </object_component>
      <object_component id="oc-294">
         <name>.debug_info</name>
         <load_address>0x1ff72</load_address>
         <run_address>0x1ff72</run_address>
         <size>0x171</size>
         <input_file_ref idref="fl-d9"/>
      </object_component>
      <object_component id="oc-363">
         <name>.debug_info</name>
         <load_address>0x200e3</load_address>
         <run_address>0x200e3</run_address>
         <size>0xee</size>
         <input_file_ref idref="fl-da"/>
      </object_component>
      <object_component id="oc-2ef">
         <name>.debug_info</name>
         <load_address>0x201d1</load_address>
         <run_address>0x201d1</run_address>
         <size>0xfa</size>
         <input_file_ref idref="fl-da"/>
      </object_component>
      <object_component id="oc-36f">
         <name>.debug_info</name>
         <load_address>0x202cb</load_address>
         <run_address>0x202cb</run_address>
         <size>0x290</size>
         <input_file_ref idref="fl-db"/>
      </object_component>
      <object_component id="oc-308">
         <name>.debug_info</name>
         <load_address>0x2055b</load_address>
         <run_address>0x2055b</run_address>
         <size>0x1c2</size>
         <input_file_ref idref="fl-db"/>
      </object_component>
      <object_component id="oc-343">
         <name>.debug_info</name>
         <load_address>0x2071d</load_address>
         <run_address>0x2071d</run_address>
         <size>0x28b</size>
         <input_file_ref idref="fl-dc"/>
      </object_component>
      <object_component id="oc-2bc">
         <name>.debug_info</name>
         <load_address>0x209a8</load_address>
         <run_address>0x209a8</run_address>
         <size>0x1ab</size>
         <input_file_ref idref="fl-dc"/>
      </object_component>
      <object_component id="oc-386">
         <name>.debug_info</name>
         <load_address>0x20b53</load_address>
         <run_address>0x20b53</run_address>
         <size>0x28f</size>
         <input_file_ref idref="fl-dd"/>
      </object_component>
      <object_component id="oc-33f">
         <name>.debug_info</name>
         <load_address>0x20de2</load_address>
         <run_address>0x20de2</run_address>
         <size>0x247</size>
         <input_file_ref idref="fl-dd"/>
      </object_component>
      <object_component id="oc-34f">
         <name>.debug_info</name>
         <load_address>0x21029</load_address>
         <run_address>0x21029</run_address>
         <size>0x27e</size>
         <input_file_ref idref="fl-de"/>
      </object_component>
      <object_component id="oc-34c">
         <name>.debug_info</name>
         <load_address>0x212a7</load_address>
         <run_address>0x212a7</run_address>
         <size>0x103</size>
         <input_file_ref idref="fl-de"/>
      </object_component>
      <object_component id="oc-2c6">
         <name>.debug_info</name>
         <load_address>0x213aa</load_address>
         <run_address>0x213aa</run_address>
         <size>0x143</size>
         <input_file_ref idref="fl-de"/>
      </object_component>
      <object_component id="oc-377">
         <name>.debug_info</name>
         <load_address>0x214ed</load_address>
         <run_address>0x214ed</run_address>
         <size>0x28f</size>
         <input_file_ref idref="fl-df"/>
      </object_component>
      <object_component id="oc-330">
         <name>.debug_info</name>
         <load_address>0x2177c</load_address>
         <run_address>0x2177c</run_address>
         <size>0x18a</size>
         <input_file_ref idref="fl-df"/>
      </object_component>
      <object_component id="oc-3a0">
         <name>.debug_info</name>
         <load_address>0x21906</load_address>
         <run_address>0x21906</run_address>
         <size>0x39</size>
         <input_file_ref idref="fl-df"/>
      </object_component>
      <object_component id="oc-378">
         <name>.debug_info</name>
         <load_address>0x2193f</load_address>
         <run_address>0x2193f</run_address>
         <size>0x2c</size>
         <input_file_ref idref="fl-df"/>
      </object_component>
      <object_component id="oc-384">
         <name>.debug_info</name>
         <load_address>0x2196b</load_address>
         <run_address>0x2196b</run_address>
         <size>0x2f2</size>
         <input_file_ref idref="fl-e0"/>
      </object_component>
      <object_component id="oc-336">
         <name>.debug_info</name>
         <load_address>0x21c5d</load_address>
         <run_address>0x21c5d</run_address>
         <size>0x21a</size>
         <input_file_ref idref="fl-e0"/>
      </object_component>
      <object_component id="oc-34a">
         <name>.debug_info</name>
         <load_address>0x21e77</load_address>
         <run_address>0x21e77</run_address>
         <size>0x284</size>
         <input_file_ref idref="fl-e1"/>
      </object_component>
      <object_component id="oc-2c0">
         <name>.debug_info</name>
         <load_address>0x220fb</load_address>
         <run_address>0x220fb</run_address>
         <size>0x14f</size>
         <input_file_ref idref="fl-e1"/>
      </object_component>
      <object_component id="oc-389">
         <name>.debug_info</name>
         <load_address>0x2224a</load_address>
         <run_address>0x2224a</run_address>
         <size>0x46</size>
         <input_file_ref idref="fl-e1"/>
      </object_component>
      <object_component id="oc-345">
         <name>.debug_info</name>
         <load_address>0x22290</load_address>
         <run_address>0x22290</run_address>
         <size>0x39</size>
         <input_file_ref idref="fl-e1"/>
      </object_component>
      <object_component id="oc-37f">
         <name>.debug_info</name>
         <load_address>0x222c9</load_address>
         <run_address>0x222c9</run_address>
         <size>0x156</size>
         <input_file_ref idref="fl-e2"/>
      </object_component>
      <object_component id="oc-2f4">
         <name>.debug_info</name>
         <load_address>0x2241f</load_address>
         <run_address>0x2241f</run_address>
         <size>0x12c</size>
         <input_file_ref idref="fl-e3"/>
      </object_component>
      <object_component id="oc-312">
         <name>.debug_info</name>
         <load_address>0x2254b</load_address>
         <run_address>0x2254b</run_address>
         <size>0x144</size>
         <input_file_ref idref="fl-e4"/>
      </object_component>
      <object_component id="oc-29f">
         <name>.debug_info</name>
         <load_address>0x2268f</load_address>
         <run_address>0x2268f</run_address>
         <size>0x120</size>
         <input_file_ref idref="fl-e5"/>
      </object_component>
      <object_component id="oc-2fb">
         <name>.debug_info</name>
         <load_address>0x227af</load_address>
         <run_address>0x227af</run_address>
         <size>0x122</size>
         <input_file_ref idref="fl-e5"/>
      </object_component>
      <object_component id="oc-301">
         <name>.debug_info</name>
         <load_address>0x228d1</load_address>
         <run_address>0x228d1</run_address>
         <size>0x126</size>
         <input_file_ref idref="fl-e6"/>
      </object_component>
      <object_component id="oc-30c">
         <name>.debug_info</name>
         <load_address>0x229f7</load_address>
         <run_address>0x229f7</run_address>
         <size>0x124</size>
         <input_file_ref idref="fl-e7"/>
      </object_component>
      <object_component id="oc-368">
         <name>.debug_info</name>
         <load_address>0x22b1b</load_address>
         <run_address>0x22b1b</run_address>
         <size>0x10d</size>
         <input_file_ref idref="fl-e8"/>
      </object_component>
      <object_component id="oc-3db">
         <name>.debug_info</name>
         <load_address>0x22c28</load_address>
         <run_address>0x22c28</run_address>
         <size>0xaf</size>
      </object_component>
      <object_component id="oc-1f9">
         <name>.debug_line</name>
         <load_address>0x0</load_address>
         <run_address>0x0</run_address>
         <size>0x47</size>
         <input_file_ref idref="fl-2"/>
      </object_component>
      <object_component id="oc-20b">
         <name>.debug_line</name>
         <load_address>0x47</load_address>
         <run_address>0x47</run_address>
         <size>0x34</size>
         <input_file_ref idref="fl-2"/>
      </object_component>
      <object_component id="oc-20d">
         <name>.debug_line</name>
         <load_address>0x7b</load_address>
         <run_address>0x7b</run_address>
         <size>0x34</size>
         <input_file_ref idref="fl-2"/>
      </object_component>
      <object_component id="oc-20f">
         <name>.debug_line</name>
         <load_address>0xaf</load_address>
         <run_address>0xaf</run_address>
         <size>0x34</size>
         <input_file_ref idref="fl-2"/>
      </object_component>
      <object_component id="oc-211">
         <name>.debug_line</name>
         <load_address>0xe3</load_address>
         <run_address>0xe3</run_address>
         <size>0x34</size>
         <input_file_ref idref="fl-2"/>
      </object_component>
      <object_component id="oc-213">
         <name>.debug_line</name>
         <load_address>0x117</load_address>
         <run_address>0x117</run_address>
         <size>0x34</size>
         <input_file_ref idref="fl-2"/>
      </object_component>
      <object_component id="oc-215">
         <name>.debug_line</name>
         <load_address>0x14b</load_address>
         <run_address>0x14b</run_address>
         <size>0x34</size>
         <input_file_ref idref="fl-2"/>
      </object_component>
      <object_component id="oc-217">
         <name>.debug_line</name>
         <load_address>0x17f</load_address>
         <run_address>0x17f</run_address>
         <size>0x34</size>
         <input_file_ref idref="fl-2"/>
      </object_component>
      <object_component id="oc-219">
         <name>.debug_line</name>
         <load_address>0x1b3</load_address>
         <run_address>0x1b3</run_address>
         <size>0x34</size>
         <input_file_ref idref="fl-2"/>
      </object_component>
      <object_component id="oc-f1">
         <name>.debug_line</name>
         <load_address>0x1e7</load_address>
         <run_address>0x1e7</run_address>
         <size>0x97</size>
         <input_file_ref idref="fl-2"/>
      </object_component>
      <object_component id="oc-cf">
         <name>.debug_line</name>
         <load_address>0x27e</load_address>
         <run_address>0x27e</run_address>
         <size>0x69</size>
         <input_file_ref idref="fl-2"/>
      </object_component>
      <object_component id="oc-1f6">
         <name>.debug_line</name>
         <load_address>0x2e7</load_address>
         <run_address>0x2e7</run_address>
         <size>0x55</size>
         <input_file_ref idref="fl-2"/>
      </object_component>
      <object_component id="oc-1fd">
         <name>.debug_line</name>
         <load_address>0x33c</load_address>
         <run_address>0x33c</run_address>
         <size>0x52</size>
         <input_file_ref idref="fl-2"/>
      </object_component>
      <object_component id="oc-32">
         <name>.debug_line</name>
         <load_address>0x38e</load_address>
         <run_address>0x38e</run_address>
         <size>0x20</size>
         <input_file_ref idref="fl-2"/>
      </object_component>
      <object_component id="oc-15b">
         <name>.debug_line</name>
         <load_address>0x3ae</load_address>
         <run_address>0x3ae</run_address>
         <size>0x6d</size>
         <input_file_ref idref="fl-2"/>
      </object_component>
      <object_component id="oc-150">
         <name>.debug_line</name>
         <load_address>0x41b</load_address>
         <run_address>0x41b</run_address>
         <size>0x6a</size>
         <input_file_ref idref="fl-2"/>
      </object_component>
      <object_component id="oc-2ed">
         <name>.debug_line</name>
         <load_address>0x485</load_address>
         <run_address>0x485</run_address>
         <size>0x34</size>
         <input_file_ref idref="fl-3"/>
      </object_component>
      <object_component id="oc-100">
         <name>.debug_line</name>
         <load_address>0x4b9</load_address>
         <run_address>0x4b9</run_address>
         <size>0x6e</size>
         <input_file_ref idref="fl-3"/>
      </object_component>
      <object_component id="oc-1f1">
         <name>.debug_line</name>
         <load_address>0x527</load_address>
         <run_address>0x527</run_address>
         <size>0x52</size>
         <input_file_ref idref="fl-3"/>
      </object_component>
      <object_component id="oc-204">
         <name>.debug_line</name>
         <load_address>0x579</load_address>
         <run_address>0x579</run_address>
         <size>0x5b</size>
         <input_file_ref idref="fl-4"/>
      </object_component>
      <object_component id="oc-200">
         <name>.debug_line</name>
         <load_address>0x5d4</load_address>
         <run_address>0x5d4</run_address>
         <size>0x36</size>
         <input_file_ref idref="fl-4"/>
      </object_component>
      <object_component id="oc-202">
         <name>.debug_line</name>
         <load_address>0x60a</load_address>
         <run_address>0x60a</run_address>
         <size>0x36</size>
         <input_file_ref idref="fl-4"/>
      </object_component>
      <object_component id="oc-e2">
         <name>.debug_line</name>
         <load_address>0x640</load_address>
         <run_address>0x640</run_address>
         <size>0xb1</size>
         <input_file_ref idref="fl-4"/>
      </object_component>
      <object_component id="oc-208">
         <name>.debug_line</name>
         <load_address>0x6f1</load_address>
         <run_address>0x6f1</run_address>
         <size>0x52</size>
         <input_file_ref idref="fl-4"/>
      </object_component>
      <object_component id="oc-e9">
         <name>.debug_line</name>
         <load_address>0x743</load_address>
         <run_address>0x743</run_address>
         <size>0x138</size>
         <input_file_ref idref="fl-5"/>
      </object_component>
      <object_component id="oc-1ed">
         <name>.debug_line</name>
         <load_address>0x87b</load_address>
         <run_address>0x87b</run_address>
         <size>0x20</size>
         <input_file_ref idref="fl-6"/>
      </object_component>
      <object_component id="oc-c7">
         <name>.debug_line</name>
         <load_address>0x89b</load_address>
         <run_address>0x89b</run_address>
         <size>0x1dc</size>
         <input_file_ref idref="fl-6"/>
      </object_component>
      <object_component id="oc-268">
         <name>.debug_line</name>
[...]
      </symbol>
      <symbol id="sm-15c">
         <name>PrintString</name>
         <value>0x12e9</value>
         <object_component_ref idref="oc-c3"/>
      </symbol>
      <symbol id="sm-15d">
         <name>delay_milli</name>
         <value>0x1415</value>
         <object_component_ref idref="oc-c3"/>
      </symbol>
      <symbol id="sm-15e">
         <name>SetupSysTick</name>
         <value>0x15dd</value>
         <object_component_ref idref="oc-c3"/>
      </symbol>
      <symbol id="sm-15f">
         <name>PulseE</name>
         <value>0x13a3</value>
         <object_component_ref idref="oc-c3"/>
      </symbol>
      <symbol id="sm-160">
         <name>DataWrite</name>
         <value>0x1329</value>
         <object_component_ref idref="oc-c3"/>
      </symbol>
      <symbol id="sm-161">
         <name>SetupLCD</name>
         <value>0x143b</value>
         <object_component_ref idref="oc-c3"/>
      </symbol>
      <symbol id="sm-162">
         <name>SetupPort4</name>
         <value>0x14af</value>
         <object_component_ref idref="oc-c3"/>
      </symbol>
      <symbol id="sm-163">
         <name>PrintStringWithLength</name>
         <value>0x12b9</value>
         <object_component_ref idref="oc-c3"/>
      </symbol>
      <symbol id="sm-164">
         <name>pushByte</name>
         <value>0x1343</value>
         <object_component_ref idref="oc-c3"/>
      </symbol>
      <symbol id="sm-165">
         <name>pushNibble</name>
         <value>0x137b</value>
         <object_component_ref idref="oc-c3"/>
      </symbol>
      <symbol id="sm-166">
         <name>delay_micro</name>
         <value>0x13d7</value>
         <object_component_ref idref="oc-c3"/>
      </symbol>
      <symbol id="sm-1fb">
         <name>ChooseLED</name>
         <value>0xf39</value>
         <object_component_ref idref="oc-f9"/>
      </symbol>
      <symbol id="sm-1fc">
         <name>ControlBrightness</name>
         <value>0x1011</value>
         <object_component_ref idref="oc-f9"/>
      </symbol>
      <symbol id="sm-257">
         <name>MotorFunction</name>
         <value>0x1ce1</value>
         <object_component_ref idref="oc-f3"/>
      </symbol>
      <symbol id="sm-2a1">
         <name>TimerAInit</name>
         <value>0xb45</value>
         <object_component_ref idref="oc-6a"/>
      </symbol>
      <symbol id="sm-2a2">
         <name>Timer_A0_Door</name>
         <value>0xc8b</value>
         <object_component_ref idref="oc-6a"/>
      </symbol>
      <symbol id="sm-2a3">
         <name>Timer_A3_Bell</name>
         <value>0xe31</value>
         <object_component_ref idref="oc-6a"/>
      </symbol>
      <symbol id="sm-2a4">
         <name>GetTimeOnForDoor</name>
         <value>0xc65</value>
         <object_component_ref idref="oc-6a"/>
      </symbol>
      <symbol id="sm-2a5">
         <name>GetTimeOnForMotor</name>
         <value>0xd03</value>
         <object_component_ref idref="oc-6a"/>
      </symbol>
      <symbol id="sm-2a6">
         <name>Timer_A1_Lights</name>
         <value>0xce1</value>
         <object_component_ref idref="oc-6a"/>
      </symbol>
      <symbol id="sm-2a7">
         <name>TA3_0_IRQHandler</name>
         <value>0xd55</value>
         <object_component_ref idref="oc-6a"/>
      </symbol>
      <symbol id="sm-2a8">
         <name>GetTimeOnForBell</name>
         <value>0xde3</value>
         <object_component_ref idref="oc-6a"/>
      </symbol>
      <symbol id="sm-2a9">
         <name>PORT6_IRQHandler</name>
         <value>0xd73</value>
         <object_component_ref idref="oc-6a"/>
      </symbol>
      <symbol id="sm-2aa">
         <name>Timer_A2_Motor</name>
         <value>0xd39</value>
         <object_component_ref idref="oc-6a"/>
      </symbol>
      <symbol id="sm-2ab">
         <name>GetTimeOnForLights</name>
         <value>0xca7</value>
         <object_component_ref idref="oc-6a"/>
      </symbol>
      <symbol id="sm-2ac">
         <name>initMotorButton</name>
         <value>0xd91</value>
         <object_component_ref idref="oc-6a"/>
      </symbol>
      <symbol id="sm-2cd">
         <name>main</name>
         <value>0x2a35</value>
         <object_component_ref idref="oc-96"/>
      </symbol>
      <symbol id="sm-2e2">
         <name>Reset_Handler</name>
         <value>0x3951</value>
         <object_component_ref idref="oc-64"/>
      </symbol>
      <symbol id="sm-2e3">
         <name>Default_Handler</name>
         <value>0x395d</value>
         <object_component_ref idref="oc-64"/>
      </symbol>
      <symbol id="sm-2e4">
         <name>interruptVectors</name>
         <value>0x0</value>
         <object_component_ref idref="oc-23"/>
      </symbol>
      <symbol id="sm-32c">
         <name>SystemInit</name>
         <value>0x1c25</value>
         <object_component_ref idref="oc-a8"/>
      </symbol>
      <symbol id="sm-32d">
         <name>SystemCoreClockUpdate</name>
         <value>0x19ad</value>
         <object_component_ref idref="oc-a8"/>
      </symbol>
      <symbol id="sm-32e">
         <name>SystemCoreClock</name>
         <value>0x20000004</value>
         <object_component_ref idref="oc-149"/>
      </symbol>
      <symbol id="sm-33d">
         <name>__aeabi_memset</name>
         <value>0x33ab</value>
         <object_component_ref idref="oc-8a"/>
      </symbol>
      <symbol id="sm-33e">
         <name>memset</name>
         <value>0x33b1</value>
         <object_component_ref idref="oc-8a"/>
      </symbol>
      <symbol id="sm-33f">
         <name>__aeabi_memset8</name>
         <value>0x33ab</value>
         <object_component_ref idref="oc-8a"/>
      </symbol>
      <symbol id="sm-340">
         <name>__aeabi_memset4</name>
         <value>0x33ab</value>
         <object_component_ref idref="oc-8a"/>
      </symbol>
      <symbol id="sm-341">
         <name>__aeabi_memclr8</name>
         <value>0x33a9</value>
         <object_component_ref idref="oc-8a"/>
      </symbol>
      <symbol id="sm-342">
         <name>__aeabi_memclr4</name>
         <value>0x33a9</value>
         <object_component_ref idref="oc-8a"/>
      </symbol>
      <symbol id="sm-343">
         <name>__aeabi_memclr</name>
         <value>0x33a9</value>
         <object_component_ref idref="oc-8a"/>
      </symbol>
      <symbol id="sm-357">
         <name>__aeabi_ddiv</name>
         <value>0x28fd</value>
         <object_component_ref idref="oc-b4"/>
      </symbol>
      <symbol id="sm-362">
         <name>__aeabi_dmul</name>
         <value>0x2fbd</value>
         <object_component_ref idref="oc-b9"/>
      </symbol>
      <symbol id="sm-36e">
         <name>__aeabi_d2f</name>
         <value>0x3491</value>
         <object_component_ref idref="oc-be"/>
      </symbol>
      <symbol id="sm-379">
         <name>__aeabi_f2d</name>
         <value>0x3859</value>
         <object_component_ref idref="oc-af"/>
      </symbol>
      <symbol id="sm-394">
         <name>memcpy</name>
         <value>0x316b</value>
         <object_component_ref idref="oc-34"/>
      </symbol>
      <symbol id="sm-395">
         <name>__aeabi_memcpy</name>
         <value>0x316b</value>
         <object_component_ref idref="oc-34"/>
      </symbol>
      <symbol id="sm-396">
         <name>__aeabi_memcpy8</name>
         <value>0x316b</value>
         <object_component_ref idref="oc-34"/>
      </symbol>
      <symbol id="sm-397">
         <name>__aeabi_memcpy4</name>
         <value>0x316b</value>
         <object_component_ref idref="oc-34"/>
      </symbol>
      <symbol id="sm-3b4">
         <name>__TI_decompress_none</name>
         <value>0x3943</value>
         <object_component_ref idref="oc-1a"/>
      </symbol>
      <symbol id="sm-3d7">
         <name>__TI_decompress_lzss</name>
         <value>0x34ff</value>
         <object_component_ref idref="oc-14"/>
      </symbol>
      <symbol id="sm-3fe">
         <name>sprintf</name>
         <value>0x37a1</value>
         <object_component_ref idref="oc-180"/>
      </symbol>
      <symbol id="sm-40c">
         <name>strlen</name>
         <value>0x391d</value>
         <object_component_ref idref="oc-186"/>
      </symbol>
      <symbol id="sm-41f">
         <name>__stack</name>
         <value>0x2000fe00</value>
         <object_component_ref idref="oc-26"/>
      </symbol>
      <symbol id="sm-420">
         <name>_c_int00_noargs</name>
         <value>0x3821</value>
         <object_component_ref idref="oc-52"/>
      </symbol>
      <symbol id="sm-448">
         <name>__TI_auto_init_nobinit_nopinit</name>
         <value>0x375d</value>
         <object_component_ref idref="oc-117"/>
      </symbol>
      <symbol id="sm-452">
         <name>_system_pre_init</name>
         <value>0x3971</value>
         <object_component_ref idref="oc-90"/>
      </symbol>
      <symbol id="sm-45e">
         <name>C$$EXIT</name>
         <value>0x3975</value>
         <object_component_ref idref="oc-10b"/>
      </symbol>
      <symbol id="sm-45f">
         <name>abort</name>
         <value>0x3975</value>
         <object_component_ref idref="oc-10b"/>
      </symbol>
      <symbol id="sm-5c5">
         <name>__TI_printfi</name>
         <value>0xe5</value>
         <object_component_ref idref="oc-21a"/>
      </symbol>
      <symbol id="sm-5dc">
         <name>atoi</name>
         <value>0x36c9</value>
         <object_component_ref idref="oc-290"/>
      </symbol>
      <symbol id="sm-5e7">
         <name>_ctypes_</name>
         <value>0x3978</value>
         <object_component_ref idref="oc-2ee"/>
      </symbol>
      <symbol id="sm-5f6">
         <name>ltoa</name>
         <value>0x3623</value>
         <object_component_ref idref="oc-304"/>
      </symbol>
      <symbol id="sm-606">
         <name>memccpy</name>
         <value>0x38bf</value>
         <object_component_ref idref="oc-2b9"/>
      </symbol>
      <symbol id="sm-616">
         <name>strchr</name>
         <value>0x38f3</value>
         <object_component_ref idref="oc-33b"/>
      </symbol>
      <symbol id="sm-62c">
         <name>__aeabi_errno_addr</name>
         <value>0x3969</value>
         <object_component_ref idref="oc-2c5"/>
      </symbol>
      <symbol id="sm-62d">
         <name>errno</name>
         <value>0x20000000</value>
         <object_component_ref idref="oc-34b"/>
      </symbol>
      <symbol id="sm-64d">
         <name>frexpl</name>
         <value>0x3569</value>
         <object_component_ref idref="oc-32f"/>
      </symbol>
      <symbol id="sm-64e">
         <name>frexp</name>
         <value>0x3569</value>
         <object_component_ref idref="oc-32f"/>
      </symbol>
      <symbol id="sm-66b">
         <name>scalbn</name>
         <value>0x2da1</value>
         <object_component_ref idref="oc-335"/>
      </symbol>
      <symbol id="sm-66c">
         <name>scalbnl</name>
         <value>0x2da1</value>
         <object_component_ref idref="oc-335"/>
      </symbol>
      <symbol id="sm-66d">
         <name>ldexpl</name>
         <value>0x2da1</value>
         <object_component_ref idref="oc-335"/>
      </symbol>
      <symbol id="sm-66e">
         <name>ldexp</name>
         <value>0x2da1</value>
         <object_component_ref idref="oc-335"/>
      </symbol>
      <symbol id="sm-687">
         <name>wcslen</name>
         <value>0x3931</value>
         <object_component_ref idref="oc-2bf"/>
      </symbol>
      <symbol id="sm-691">
         <name>copysign</name>
         <value>0x3909</value>
         <object_component_ref idref="oc-37d"/>
      </symbol>
      <symbol id="sm-692">
         <name>copysignl</name>
         <value>0x3909</value>
         <object_component_ref idref="oc-37d"/>
      </symbol>
      <symbol id="sm-69f">
         <name>__aeabi_uldivmod</name>
         <value>0x3207</value>
         <object_component_ref idref="oc-2f3"/>
      </symbol>
      <symbol id="sm-6b6">
         <name>__aeabi_dsub</name>
         <value>0x2609</value>
         <object_component_ref idref="oc-30f"/>
      </symbol>
      <symbol id="sm-6b7">
         <name>__aeabi_dadd</name>
         <value>0x2613</value>
         <object_component_ref idref="oc-30f"/>
      </symbol>
      <symbol id="sm-6d9">
         <name>__aeabi_cdcmpeq</name>
         <value>0x329d</value>
         <object_component_ref idref="oc-29c"/>
      </symbol>
      <symbol id="sm-6da">
         <name>__aeabi_cdcmple</name>
         <value>0x329d</value>
         <object_component_ref idref="oc-29c"/>
      </symbol>
      <symbol id="sm-6db">
         <name>__aeabi_cdrcmple</name>
         <value>0x3323</value>
         <object_component_ref idref="oc-2fa"/>
      </symbol>
      <symbol id="sm-6e5">
         <name>__aeabi_d2iz</name>
         <value>0x3715</value>
         <object_component_ref idref="oc-2ff"/>
      </symbol>
      <symbol id="sm-6ef">
         <name>__aeabi_i2d</name>
         <value>0x3891</value>
         <object_component_ref idref="oc-30a"/>
      </symbol>
      <symbol id="sm-6f9">
         <name>__aeabi_idiv0</name>
         <value>0xb43</value>
         <object_component_ref idref="oc-366"/>
      </symbol>
      <symbol id="sm-6fa">
         <name>__aeabi_ldiv0</name>
         <value>0xb43</value>
         <object_component_ref idref="oc-366"/>
      </symbol>
      <symbol id="sm-6fb">
         <name>__TI_static_base__</name>
         <value>0x0</value>
      </symbol>
      <symbol id="sm-6fe">
         <name>__mpu_init</name>
         <value>0x0</value>
      </symbol>
      <symbol id="sm-6ff">
         <name>_system_post_cinit</name>
         <value>0x0</value>
      </symbol>
      <symbol id="sm-700">
         <name>NMI_Handler</name>
         <value>0x395d</value>
      </symbol>
      <symbol id="sm-701">
         <name>HardFault_Handler</name>
         <value>0x395d</value>
      </symbol>
      <symbol id="sm-702">
         <name>MemManage_Handler</name>
         <value>0x395d</value>
      </symbol>
      <symbol id="sm-703">
         <name>BusFault_Handler</name>
         <value>0x395d</value>
      </symbol>
      <symbol id="sm-704">
         <name>UsageFault_Handler</name>
         <value>0x395d</value>
      </symbol>
      <symbol id="sm-705">
         <name>SVC_Handler</name>
         <value>0x395d</value>
      </symbol>
      <symbol id="sm-706">
         <name>DebugMon_Handler</name>
         <value>0x395d</value>
      </symbol>
      <symbol id="sm-707">
         <name>PendSV_Handler</name>
         <value>0x395d</value>
      </symbol>
      <symbol id="sm-708">
         <name>SysTick_Handler</name>
         <value>0x395d</value>
      </symbol>
      <symbol id="sm-709">
         <name>PSS_IRQHandler</name>
         <value>0x395d</value>
      </symbol>
      <symbol id="sm-70a">
         <name>CS_IRQHandler</name>
         <value>0x395d</value>
      </symbol>
      <symbol id="sm-70b">
         <name>PCM_IRQHandler</name>
         <value>0x395d</value>
      </symbol>
      <symbol id="sm-70c">
         <name>WDT_A_IRQHandler</name>
         <value>0x395d</value>
      </symbol>
      <symbol id="sm-70d">
         <name>FPU_IRQHandler</name>
         <value>0x395d</value>
      </symbol>
      <symbol id="sm-70e">
         <name>FLCTL_IRQHandler</name>
         <value>0x395d</value>
      </symbol>
      <symbol id="sm-70f">
         <name>COMP_E0_IRQHandler</name>
         <value>0x395d</value>
      </symbol>
      <symbol id="sm-710">
         <name>COMP_E1_IRQHandler</name>
         <value>0x395d</value>
      </symbol>
      <symbol id="sm-711">
         <name>TA0_0_IRQHandler</name>
         <value>0x395d</value>
      </symbol>
      <symbol id="sm-712">
         <name>TA0_N_IRQHandler</name>
         <value>0x395d</value>
      </symbol>
      <symbol id="sm-713">
         <name>TA1_0_IRQHandler</name>
         <value>0x395d</value>
      </symbol>
      <symbol id="sm-714">
         <name>TA1_N_IRQHandler</name>
         <value>0x395d</value>
      </symbol>
      <symbol id="sm-715">
         <name>TA2_0_IRQHandler</name>
         <value>0x395d</value>
      </symbol>
      <symbol id="sm-716">
         <name>TA2_N_IRQHandler</name>
         <value>0x395d</value>
      </symbol>
      <symbol id="sm-717">
         <name>TA3_0_IRQHandler</name>
         <value>0xd55</value>
      </symbol>
      <symbol id="sm-718">
         <name>TA3_N_IRQHandler</name>
         <value>0x395d</value>
      </symbol>
      <symbol id="sm-719">
         <name>EUSCIA0_IRQHandler</name>
         <value>0x395d</value>
      </symbol>
      <symbol id="sm-71a">
         <name>EUSCIA1_IRQHandler</name>
         <value>0x395d</value>
      </symbol>
      <symbol id="sm-71b">
         <name>EUSCIA2_IRQHandler</name>
         <value>0x395d</value>
      </symbol>
      <symbol id="sm-71c">
         <name>EUSCIA3_IRQHandler</name>
         <value>0x395d</value>
      </symbol>
      <symbol id="sm-71d">
         <name>EUSCIB0_IRQHandler</name>
         <value>0x395d</value>
      </symbol>
      <symbol id="sm-71e">
         <name>EUSCIB1_IRQHandler</name>
         <value>0x395d</value>
      </symbol>
      <symbol id="sm-71f">
         <name>EUSCIB2_IRQHandler</name>
         <value>0x395d</value>
      </symbol>
      <symbol id="sm-720">
         <name>EUSCIB3_IRQHandler</name>
         <value>0x395d</value>
      </symbol>
      <symbol id="sm-721">
         <name>ADC14_IRQHandler</name>
         <value>0x395d</value>
      </symbol>
      <symbol id="sm-722">
         <name>T32_INT1_IRQHandler</name>
         <value>0x395d</value>
      </symbol>
      <symbol id="sm-723">
         <name>T32_INT2_IRQHandler</name>
         <value>0x395d</value>
      </symbol>
      <symbol id="sm-724">
         <name>T32_INTC_IRQHandler</name>
         <value>0x395d</value>
      </symbol>
      <symbol id="sm-725">
         <name>AES256_IRQHandler</name>
         <value>0x395d</value>
      </symbol>
      <symbol id="sm-726">
         <name>RTC_C_IRQHandler</name>
         <value>0x395d</value>
      </symbol>
      <symbol id="sm-727">
         <name>DMA_ERR_IRQHandler</name>
         <value>0x395d</value>
      </symbol>
      <symbol id="sm-728">
         <name>DMA_INT3_IRQHandler</name>
         <value>0x395d</value>
      </symbol>
      <symbol id="sm-729">
         <name>DMA_INT2_IRQHandler</name>
         <value>0x395d</value>
      </symbol>
      <symbol id="sm-72a">
         <name>DMA_INT1_IRQHandler</name>
         <value>0x395d</value>
      </symbol>
      <symbol id="sm-72b">
         <name>DMA_INT0_IRQHandler</name>
         <value>0x395d</value>
      </symbol>
      <symbol id="sm-72c">
         <name>PORT1_IRQHandler</name>
         <value>0x395d</value>
      </symbol>
      <symbol id="sm-72d">
         <name>PORT2_IRQHandler</name>
         <value>0x395d</value>
      </symbol>
      <symbol id="sm-72e">
         <name>PORT3_IRQHandler</name>
         <value>0x395d</value>
      </symbol>
      <symbol id="sm-72f">
         <name>PORT4_IRQHandler</name>
         <value>0x395d</value>
      </symbol>
      <symbol id="sm-730">
         <name>PORT5_IRQHandler</name>
         <value>0x395d</value>
      </symbol>
      <symbol id="sm-731">
         <name>PORT6_IRQHandler</name>
         <value>0xd73</value>
      </symbol>
   </symbol_table>
   <title>Link successful</title>
</link_info>
