<?xml version="1.0" encoding="ISO-8859-1" ?>
<link_info>
   <banner>TI ARM Linker PC v18.1.3.LTS</banner>
   <copyright>Copyright (c) 1996-2017 Texas Instruments Incorporated</copyright>
   <link_time>0x5bd39306</link_time>
   <link_errors>0x0</link_errors>
   <output_file>Midterm_Project.out</output_file>
   <entry_point>
      <name>_c_int00_noargs</name>
      <address>0x3581</address>
   </entry_point>
   <input_file_list>
      <input_file id="fl-2">
         <path>.\</path>
         <kind>object</kind>
         <file>MidtermMain.obj</file>
         <name>MidtermMain.obj</name>
      </input_file>
      <input_file id="fl-3">
         <path>.\</path>
         <kind>object</kind>
         <file>TimerATimer.obj</file>
         <name>TimerATimer.obj</name>
      </input_file>
      <input_file id="fl-4">
         <path>.\</path>
         <kind>object</kind>
         <file>startup_msp432p401r_ccs.obj</file>
         <name>startup_msp432p401r_ccs.obj</name>
      </input_file>
      <input_file id="fl-5">
         <path>.\</path>
         <kind>object</kind>
         <file>system_msp432p401r.obj</file>
         <name>system_msp432p401r.obj</name>
      </input_file>
      <input_file id="fl-8">
         <kind>object</kind>
         <file>&lt;internal&gt;</file>
         <name>&lt;internal&gt;</name>
      </input_file>
      <input_file id="fl-be">
         <path>C:\ti\ccsv8\tools\compiler\ti-cgt-arm_18.1.3.LTS\lib\</path>
         <kind>archive</kind>
         <file>rtsv7M4_T_le_v4SPD16_eabi.lib</file>
         <name>memset_t2.asm.obj</name>
      </input_file>
      <input_file id="fl-bf">
         <path>C:\ti\ccsv8\tools\compiler\ti-cgt-arm_18.1.3.LTS\lib\</path>
         <kind>archive</kind>
         <file>rtsv7M4_T_le_v4SPD16_eabi.lib</file>
         <name>fd_div_t2.asm.obj</name>
      </input_file>
      <input_file id="fl-c0">
         <path>C:\ti\ccsv8\tools\compiler\ti-cgt-arm_18.1.3.LTS\lib\</path>
         <kind>archive</kind>
         <file>rtsv7M4_T_le_v4SPD16_eabi.lib</file>
         <name>fd_mul_t2.asm.obj</name>
      </input_file>
      <input_file id="fl-c1">
         <path>C:\ti\ccsv8\tools\compiler\ti-cgt-arm_18.1.3.LTS\lib\</path>
         <kind>archive</kind>
         <file>rtsv7M4_T_le_v4SPD16_eabi.lib</file>
         <name>fd_tos_t2.asm.obj</name>
      </input_file>
      <input_file id="fl-c2">
         <path>C:\ti\ccsv8\tools\compiler\ti-cgt-arm_18.1.3.LTS\lib\</path>
         <kind>archive</kind>
         <file>rtsv7M4_T_le_v4SPD16_eabi.lib</file>
         <name>fs_tod_t2.asm.obj</name>
      </input_file>
      <input_file id="fl-c3">
         <path>C:\ti\ccsv8\tools\compiler\ti-cgt-arm_18.1.3.LTS\lib\</path>
         <kind>archive</kind>
         <file>rtsv7M4_T_le_v4SPD16_eabi.lib</file>
         <name>memcpy_t2.asm.obj</name>
      </input_file>
      <input_file id="fl-c4">
         <path>C:\ti\ccsv8\tools\compiler\ti-cgt-arm_18.1.3.LTS\lib\</path>
         <kind>archive</kind>
         <file>rtsv7M4_T_le_v4SPD16_eabi.lib</file>
         <name>copy_zero_init.c.obj</name>
      </input_file>
      <input_file id="fl-c5">
         <path>C:\ti\ccsv8\tools\compiler\ti-cgt-arm_18.1.3.LTS\lib\</path>
         <kind>archive</kind>
         <file>rtsv7M4_T_le_v4SPD16_eabi.lib</file>
         <name>copy_decompress_none.c.obj</name>
      </input_file>
      <input_file id="fl-c6">
         <path>C:\ti\ccsv8\tools\compiler\ti-cgt-arm_18.1.3.LTS\lib\</path>
         <kind>archive</kind>
         <file>rtsv7M4_T_le_v4SPD16_eabi.lib</file>
         <name>copy_decompress_lzss.c.obj</name>
      </input_file>
      <input_file id="fl-c7">
         <path>C:\ti\ccsv8\tools\compiler\ti-cgt-arm_18.1.3.LTS\lib\</path>
         <kind>archive</kind>
         <file>rtsv7M4_T_le_v4SPD16_eabi.lib</file>
         <name>sprintf.c.obj</name>
      </input_file>
      <input_file id="fl-c8">
         <path>C:\ti\ccsv8\tools\compiler\ti-cgt-arm_18.1.3.LTS\lib\</path>
         <kind>archive</kind>
         <file>rtsv7M4_T_le_v4SPD16_eabi.lib</file>
         <name>strlen.c.obj</name>
      </input_file>
      <input_file id="fl-c9">
         <path>C:\ti\ccsv8\tools\compiler\ti-cgt-arm_18.1.3.LTS\lib\</path>
         <kind>archive</kind>
         <file>rtsv7M4_T_le_v4SPD16_eabi.lib</file>
         <name>boot_cortex_m.c.obj</name>
      </input_file>
      <input_file id="fl-ca">
         <path>C:\ti\ccsv8\tools\compiler\ti-cgt-arm_18.1.3.LTS\lib\</path>
         <kind>archive</kind>
         <file>rtsv7M4_T_le_v4SPD16_eabi.lib</file>
         <name>autoinit.c.obj</name>
      </input_file>
      <input_file id="fl-cb">
         <path>C:\ti\ccsv8\tools\compiler\ti-cgt-arm_18.1.3.LTS\lib\</path>
         <kind>archive</kind>
         <file>rtsv7M4_T_le_v4SPD16_eabi.lib</file>
         <name>pre_init.c.obj</name>
      </input_file>
      <input_file id="fl-cc">
         <path>C:\ti\ccsv8\tools\compiler\ti-cgt-arm_18.1.3.LTS\lib\</path>
         <kind>archive</kind>
         <file>rtsv7M4_T_le_v4SPD16_eabi.lib</file>
         <name>cpy_tbl.c.obj</name>
      </input_file>
      <input_file id="fl-cd">
         <path>C:\ti\ccsv8\tools\compiler\ti-cgt-arm_18.1.3.LTS\lib\</path>
         <kind>archive</kind>
         <file>rtsv7M4_T_le_v4SPD16_eabi.lib</file>
         <name>exit.c.obj</name>
      </input_file>
      <input_file id="fl-ce">
         <path>C:\ti\ccsv8\tools\compiler\ti-cgt-arm_18.1.3.LTS\lib\</path>
         <kind>archive</kind>
         <file>rtsv7M4_T_le_v4SPD16_eabi.lib</file>
         <name>_lock.c.obj</name>
      </input_file>
      <input_file id="fl-cf">
         <path>C:\ti\ccsv8\tools\compiler\ti-cgt-arm_18.1.3.LTS\lib\</path>
         <kind>archive</kind>
         <file>rtsv7M4_T_le_v4SPD16_eabi.lib</file>
         <name>_printfi.c.obj</name>
      </input_file>
      <input_file id="fl-d0">
         <path>C:\ti\ccsv8\tools\compiler\ti-cgt-arm_18.1.3.LTS\lib\</path>
         <kind>archive</kind>
         <file>rtsv7M4_T_le_v4SPD16_eabi.lib</file>
         <name>args_main.c.obj</name>
      </input_file>
      <input_file id="fl-d1">
         <path>C:\ti\ccsv8\tools\compiler\ti-cgt-arm_18.1.3.LTS\lib\</path>
         <kind>archive</kind>
         <file>rtsv7M4_T_le_v4SPD16_eabi.lib</file>
         <name>atoi.c.obj</name>
      </input_file>
      <input_file id="fl-d2">
         <path>C:\ti\ccsv8\tools\compiler\ti-cgt-arm_18.1.3.LTS\lib\</path>
         <kind>archive</kind>
         <file>rtsv7M4_T_le_v4SPD16_eabi.lib</file>
         <name>ctype.c.obj</name>
      </input_file>
      <input_file id="fl-d3">
         <path>C:\ti\ccsv8\tools\compiler\ti-cgt-arm_18.1.3.LTS\lib\</path>
         <kind>archive</kind>
         <file>rtsv7M4_T_le_v4SPD16_eabi.lib</file>
         <name>ltoa.c.obj</name>
      </input_file>
      <input_file id="fl-d4">
         <path>C:\ti\ccsv8\tools\compiler\ti-cgt-arm_18.1.3.LTS\lib\</path>
         <kind>archive</kind>
         <file>rtsv7M4_T_le_v4SPD16_eabi.lib</file>
         <name>memccpy.c.obj</name>
      </input_file>
      <input_file id="fl-d5">
         <path>C:\ti\ccsv8\tools\compiler\ti-cgt-arm_18.1.3.LTS\lib\</path>
         <kind>archive</kind>
         <file>rtsv7M4_T_le_v4SPD16_eabi.lib</file>
         <name>strchr.c.obj</name>
      </input_file>
      <input_file id="fl-d6">
         <path>C:\ti\ccsv8\tools\compiler\ti-cgt-arm_18.1.3.LTS\lib\</path>
         <kind>archive</kind>
         <file>rtsv7M4_T_le_v4SPD16_eabi.lib</file>
         <name>errno.c.obj</name>
      </input_file>
      <input_file id="fl-d7">
         <path>C:\ti\ccsv8\tools\compiler\ti-cgt-arm_18.1.3.LTS\lib\</path>
         <kind>archive</kind>
         <file>rtsv7M4_T_le_v4SPD16_eabi.lib</file>
         <name>s_frexp.c.obj</name>
      </input_file>
      <input_file id="fl-d8">
         <path>C:\ti\ccsv8\tools\compiler\ti-cgt-arm_18.1.3.LTS\lib\</path>
         <kind>archive</kind>
         <file>rtsv7M4_T_le_v4SPD16_eabi.lib</file>
         <name>s_scalbn.c.obj</name>
      </input_file>
      <input_file id="fl-d9">
         <path>C:\ti\ccsv8\tools\compiler\ti-cgt-arm_18.1.3.LTS\lib\</path>
         <kind>archive</kind>
         <file>rtsv7M4_T_le_v4SPD16_eabi.lib</file>
         <name>wcslen.c.obj</name>
      </input_file>
      <input_file id="fl-da">
         <path>C:\ti\ccsv8\tools\compiler\ti-cgt-arm_18.1.3.LTS\lib\</path>
         <kind>archive</kind>
         <file>rtsv7M4_T_le_v4SPD16_eabi.lib</file>
         <name>s_copysign.c.obj</name>
      </input_file>
      <input_file id="fl-db">
         <path>C:\ti\ccsv8\tools\compiler\ti-cgt-arm_18.1.3.LTS\lib\</path>
         <kind>archive</kind>
         <file>rtsv7M4_T_le_v4SPD16_eabi.lib</file>
         <name>ull_div_t2.asm.obj</name>
      </input_file>
      <input_file id="fl-dc">
         <path>C:\ti\ccsv8\tools\compiler\ti-cgt-arm_18.1.3.LTS\lib\</path>
         <kind>archive</kind>
         <file>rtsv7M4_T_le_v4SPD16_eabi.lib</file>
         <name>fd_add_t2.asm.obj</name>
      </input_file>
      <input_file id="fl-dd">
         <path>C:\ti\ccsv8\tools\compiler\ti-cgt-arm_18.1.3.LTS\lib\</path>
         <kind>archive</kind>
         <file>rtsv7M4_T_le_v4SPD16_eabi.lib</file>
         <name>fd_cmp_t2.asm.obj</name>
      </input_file>
      <input_file id="fl-de">
         <path>C:\ti\ccsv8\tools\compiler\ti-cgt-arm_18.1.3.LTS\lib\</path>
         <kind>archive</kind>
         <file>rtsv7M4_T_le_v4SPD16_eabi.lib</file>
         <name>fd_toi_t2.asm.obj</name>
      </input_file>
      <input_file id="fl-df">
         <path>C:\ti\ccsv8\tools\compiler\ti-cgt-arm_18.1.3.LTS\lib\</path>
         <kind>archive</kind>
         <file>rtsv7M4_T_le_v4SPD16_eabi.lib</file>
         <name>i_tofd_t2.asm.obj</name>
      </input_file>
      <input_file id="fl-e0">
         <path>C:\ti\ccsv8\tools\compiler\ti-cgt-arm_18.1.3.LTS\lib\</path>
         <kind>archive</kind>
         <file>rtsv7M4_T_le_v4SPD16_eabi.lib</file>
         <name>div0.asm.obj</name>
      </input_file>
   </input_file_list>
   <object_component_list>
      <object_component id="oc-58">
         <name>.text</name>
         <load_address>0x20</load_address>
         <run_address>0x20</run_address>
         <size>0x1298</size>
         <input_file_ref idref="fl-2"/>
      </object_component>
      <object_component id="oc-1a1">
         <name>.text:__TI_printfi</name>
         <load_address>0x12b8</load_address>
         <run_address>0x12b8</run_address>
         <size>0xa5e</size>
         <input_file_ref idref="fl-cf"/>
      </object_component>
      <object_component id="oc-30a">
         <name>.text</name>
         <load_address>0x1d16</load_address>
         <run_address>0x1d16</run_address>
         <size>0x2</size>
         <input_file_ref idref="fl-e0"/>
      </object_component>
      <object_component id="oc-90">
         <name>.text</name>
         <load_address>0x1d18</load_address>
         <run_address>0x1d18</run_address>
         <size>0x334</size>
         <input_file_ref idref="fl-5"/>
      </object_component>
      <object_component id="oc-238">
         <name>.text:_pconv_a</name>
         <load_address>0x204c</load_address>
         <run_address>0x204c</run_address>
         <size>0x270</size>
         <input_file_ref idref="fl-cf"/>
      </object_component>
      <object_component id="oc-97">
         <name>.text</name>
         <load_address>0x22bc</load_address>
         <run_address>0x22bc</run_address>
         <size>0x234</size>
         <input_file_ref idref="fl-3"/>
      </object_component>
      <object_component id="oc-226">
         <name>.text:_pconv_g</name>
         <load_address>0x24f0</load_address>
         <run_address>0x24f0</run_address>
         <size>0x1d0</size>
         <input_file_ref idref="fl-cf"/>
      </object_component>
      <object_component id="oc-2a4">
         <name>.text</name>
         <load_address>0x26c0</load_address>
         <run_address>0x26c0</run_address>
         <size>0x1b6</size>
         <input_file_ref idref="fl-dc"/>
      </object_component>
      <object_component id="oc-232">
         <name>.text:_pconv_e</name>
         <load_address>0x2878</load_address>
         <run_address>0x2878</run_address>
         <size>0x13c</size>
         <input_file_ref idref="fl-cf"/>
      </object_component>
      <object_component id="oc-175">
         <name>.text</name>
         <load_address>0x29b4</load_address>
         <run_address>0x29b4</run_address>
         <size>0x136</size>
         <input_file_ref idref="fl-bf"/>
      </object_component>
      <object_component id="oc-2b6">
         <name>.text:fcvt</name>
         <load_address>0x2aec</load_address>
         <run_address>0x2aec</run_address>
         <size>0x120</size>
         <input_file_ref idref="fl-cf"/>
      </object_component>
      <object_component id="oc-2ca">
         <name>.text:scalbn</name>
         <load_address>0x2c0c</load_address>
         <run_address>0x2c0c</run_address>
         <size>0x110</size>
         <input_file_ref idref="fl-d8"/>
      </object_component>
      <object_component id="oc-17a">
         <name>.text</name>
         <load_address>0x2d1c</load_address>
         <run_address>0x2d1c</run_address>
         <size>0xfc</size>
         <input_file_ref idref="fl-c0"/>
      </object_component>
      <object_component id="oc-21b">
         <name>.text:_ltostr</name>
         <load_address>0x2e18</load_address>
         <run_address>0x2e18</run_address>
         <size>0xb1</size>
         <input_file_ref idref="fl-cf"/>
      </object_component>
      <object_component id="oc-22">
         <name>.text</name>
         <load_address>0x2eca</load_address>
         <run_address>0x2eca</run_address>
         <size>0x9c</size>
         <input_file_ref idref="fl-c3"/>
      </object_component>
      <object_component id="oc-288">
         <name>.text</name>
         <load_address>0x2f66</load_address>
         <run_address>0x2f66</run_address>
         <size>0x96</size>
         <input_file_ref idref="fl-db"/>
      </object_component>
      <object_component id="oc-221">
         <name>.text:__aeabi_cdcmple</name>
         <load_address>0x2ffc</load_address>
         <run_address>0x2ffc</run_address>
         <size>0x86</size>
         <input_file_ref idref="fl-dd"/>
      </object_component>
      <object_component id="oc-28f">
         <name>.text:__aeabi_cdrcmple</name>
         <load_address>0x3082</load_address>
         <run_address>0x3082</run_address>
         <size>0x86</size>
         <input_file_ref idref="fl-dd"/>
      </object_component>
      <object_component id="oc-78">
         <name>.text</name>
         <load_address>0x3108</load_address>
         <run_address>0x3108</run_address>
         <size>0x7a</size>
         <input_file_ref idref="fl-be"/>
      </object_component>
      <object_component id="oc-2af">
         <name>.text:_mcpy</name>
         <load_address>0x3182</load_address>
         <run_address>0x3182</run_address>
         <size>0x6e</size>
         <input_file_ref idref="fl-cf"/>
      </object_component>
      <object_component id="oc-17f">
         <name>.text</name>
         <load_address>0x31f0</load_address>
         <run_address>0x31f0</run_address>
         <size>0x6e</size>
         <input_file_ref idref="fl-c1"/>
      </object_component>
      <object_component id="oc-3">
         <name>.text:decompress:lzss:__TI_decompress_lzss</name>
         <load_address>0x325e</load_address>
         <run_address>0x325e</run_address>
         <size>0x68</size>
         <input_file_ref idref="fl-c6"/>
      </object_component>
      <object_component id="oc-2c4">
         <name>.text:frexp</name>
         <load_address>0x32c8</load_address>
         <run_address>0x32c8</run_address>
         <size>0x64</size>
         <input_file_ref idref="fl-d7"/>
      </object_component>
      <object_component id="oc-22c">
         <name>.text:_pconv_f</name>
         <load_address>0x332c</load_address>
         <run_address>0x332c</run_address>
         <size>0x56</size>
         <input_file_ref idref="fl-cf"/>
      </object_component>
      <object_component id="oc-299">
         <name>.text:ltoa</name>
         <load_address>0x3382</load_address>
         <run_address>0x3382</run_address>
         <size>0x54</size>
         <input_file_ref idref="fl-d3"/>
      </object_component>
      <object_component id="oc-2a9">
         <name>.text:_ecpy</name>
         <load_address>0x33d6</load_address>
         <run_address>0x33d6</run_address>
         <size>0x52</size>
         <input_file_ref idref="fl-cf"/>
      </object_component>
      <object_component id="oc-215">
         <name>.text:atoi</name>
         <load_address>0x3428</load_address>
         <run_address>0x3428</run_address>
         <size>0x4c</size>
         <input_file_ref idref="fl-d1"/>
      </object_component>
      <object_component id="oc-294">
         <name>.text</name>
         <load_address>0x3474</load_address>
         <run_address>0x3474</run_address>
         <size>0x48</size>
         <input_file_ref idref="fl-de"/>
      </object_component>
      <object_component id="oc-13f">
         <name>.text:__TI_auto_init_nobinit_nopinit:__TI_auto_init_nobinit_nopinit</name>
         <load_address>0x34bc</load_address>
         <run_address>0x34bc</run_address>
         <size>0x44</size>
         <input_file_ref idref="fl-ca"/>
      </object_component>
      <object_component id="oc-c7">
         <name>.text:sprintf</name>
         <load_address>0x3500</load_address>
         <run_address>0x3500</run_address>
         <size>0x40</size>
         <input_file_ref idref="fl-c7"/>
      </object_component>
      <object_component id="oc-2bc">
         <name>.text:_fcpy</name>
         <load_address>0x3540</load_address>
         <run_address>0x3540</run_address>
         <size>0x3e</size>
         <input_file_ref idref="fl-cf"/>
      </object_component>
      <object_component id="oc-40">
         <name>.text:_c_int00_noargs:_c_int00_noargs</name>
         <load_address>0x3580</load_address>
         <run_address>0x3580</run_address>
         <size>0x38</size>
         <input_file_ref idref="fl-c9"/>
      </object_component>
      <object_component id="oc-cd">
         <name>.text</name>
         <load_address>0x35b8</load_address>
         <run_address>0x35b8</run_address>
         <size>0x38</size>
         <input_file_ref idref="fl-c2"/>
      </object_component>
      <object_component id="oc-29f">
         <name>.text</name>
         <load_address>0x35f0</load_address>
         <run_address>0x35f0</run_address>
         <size>0x2e</size>
         <input_file_ref idref="fl-df"/>
      </object_component>
      <object_component id="oc-23e">
         <name>.text:memccpy</name>
         <load_address>0x361e</load_address>
         <run_address>0x361e</run_address>
         <size>0x1c</size>
         <input_file_ref idref="fl-d4"/>
      </object_component>
      <object_component id="oc-1a7">
         <name>.text:_outs</name>
         <load_address>0x363a</load_address>
         <run_address>0x363a</run_address>
         <size>0x18</size>
         <input_file_ref idref="fl-c7"/>
      </object_component>
      <object_component id="oc-2d0">
         <name>.text:strchr</name>
         <load_address>0x3652</load_address>
         <run_address>0x3652</run_address>
         <size>0x16</size>
         <input_file_ref idref="fl-d5"/>
      </object_component>
      <object_component id="oc-321">
         <name>.text:copysign</name>
         <load_address>0x3668</load_address>
         <run_address>0x3668</run_address>
         <size>0x14</size>
         <input_file_ref idref="fl-da"/>
      </object_component>
      <object_component id="oc-d2">
         <name>.text:strlen</name>
         <load_address>0x367c</load_address>
         <run_address>0x367c</run_address>
         <size>0x14</size>
         <input_file_ref idref="fl-c8"/>
      </object_component>
      <object_component id="oc-244">
         <name>.text:wcslen</name>
         <load_address>0x3690</load_address>
         <run_address>0x3690</run_address>
         <size>0x12</size>
         <input_file_ref idref="fl-d9"/>
      </object_component>
      <object_component id="oc-9">
         <name>.text:decompress:none:__TI_decompress_none</name>
         <load_address>0x36a2</load_address>
         <run_address>0x36a2</run_address>
         <size>0xe</size>
         <input_file_ref idref="fl-c5"/>
      </object_component>
      <object_component id="oc-52">
         <name>.text</name>
         <load_address>0x36b0</load_address>
         <run_address>0x36b0</run_address>
         <size>0xe</size>
         <input_file_ref idref="fl-4"/>
      </object_component>
      <object_component id="oc-1ad">
         <name>.text:_outc</name>
         <load_address>0x36be</load_address>
         <run_address>0x36be</run_address>
         <size>0xa</size>
         <input_file_ref idref="fl-c7"/>
      </object_component>
      <object_component id="oc-24a">
         <name>.text:__aeabi_errno_addr</name>
         <load_address>0x36c8</load_address>
         <run_address>0x36c8</run_address>
         <size>0x8</size>
         <input_file_ref idref="fl-d6"/>
      </object_component>
      <object_component id="oc-7e">
         <name>.text:_system_pre_init</name>
         <load_address>0x36d0</load_address>
         <run_address>0x36d0</run_address>
         <size>0x4</size>
         <input_file_ref idref="fl-cb"/>
      </object_component>
      <object_component id="oc-133">
         <name>.text:abort:abort</name>
         <load_address>0x36d4</load_address>
         <run_address>0x36d4</run_address>
         <size>0x4</size>
         <input_file_ref idref="fl-cd"/>
      </object_component>
      <object_component id="oc-283">
         <name>.const:.string:_ctypes_</name>
         <load_address>0x36d8</load_address>
         <run_address>0x36d8</run_address>
         <size>0x101</size>
         <input_file_ref idref="fl-d2"/>
      </object_component>
      <object_component id="oc-9d">
         <name>.const:.string:$P$T0$1</name>
         <load_address>0x37d9</load_address>
         <run_address>0x37d9</run_address>
         <size>0x11</size>
         <input_file_ref idref="fl-2"/>
      </object_component>
      <object_component id="oc-a0">
         <name>.const:.string:$P$T1$2</name>
         <load_address>0x37ea</load_address>
         <run_address>0x37ea</run_address>
         <size>0x11</size>
         <input_file_ref idref="fl-2"/>
      </object_component>
      <object_component id="oc-c1">
         <name>.const:.string:$P$T10$11</name>
         <load_address>0x37fb</load_address>
         <run_address>0x37fb</run_address>
         <size>0x11</size>
         <input_file_ref idref="fl-2"/>
      </object_component>
      <object_component id="oc-c4">
         <name>.const:.string:$P$T11$12</name>
         <load_address>0x380c</load_address>
         <run_address>0x380c</run_address>
         <size>0x11</size>
         <input_file_ref idref="fl-2"/>
      </object_component>
      <object_component id="oc-d8">
         <name>.const:.string:$P$T12$13</name>
         <load_address>0x381d</load_address>
         <run_address>0x381d</run_address>
         <size>0x11</size>
         <input_file_ref idref="fl-2"/>
      </object_component>
      <object_component id="oc-db">
         <name>.const:.string:$P$T13$14</name>
         <load_address>0x382e</load_address>
         <run_address>0x382e</run_address>
         <size>0x11</size>
         <input_file_ref idref="fl-2"/>
      </object_component>
      <object_component id="oc-de">
         <name>.const:.string:$P$T14$15</name>
         <load_address>0x383f</load_address>
         <run_address>0x383f</run_address>
         <size>0x11</size>
         <input_file_ref idref="fl-2"/>
      </object_component>
      <object_component id="oc-e1">
         <name>.const:.string:$P$T15$16</name>
         <load_address>0x3850</load_address>
         <run_address>0x3850</run_address>
         <size>0x11</size>
         <input_file_ref idref="fl-2"/>
      </object_component>
      <object_component id="oc-e4">
         <name>.const:.string:$P$T16$17</name>
         <load_address>0x3861</load_address>
         <run_address>0x3861</run_address>
         <size>0x11</size>
         <input_file_ref idref="fl-2"/>
      </object_component>
      <object_component id="oc-e7">
         <name>.const:.string:$P$T17$18</name>
         <load_address>0x3872</load_address>
         <run_address>0x3872</run_address>
         <size>0x11</size>
         <input_file_ref idref="fl-2"/>
      </object_component>
      <object_component id="oc-ea">
         <name>.const:.string:$P$T18$19</name>
         <load_address>0x3883</load_address>
         <run_address>0x3883</run_address>
         <size>0x11</size>
         <input_file_ref idref="fl-2"/>
      </object_component>
      <object_component id="oc-ed">
         <name>.const:.string:$P$T19$20</name>
         <load_address>0x3894</load_address>
         <run_address>0x3894</run_address>
         <size>0x11</size>
         <input_file_ref idref="fl-2"/>
      </object_component>
      <object_component id="oc-a3">
         <name>.const:.string:$P$T2$3</name>
         <load_address>0x38a5</load_address>
         <run_address>0x38a5</run_address>
         <size>0x11</size>
         <input_file_ref idref="fl-2"/>
      </object_component>
      <object_component id="oc-f0">
         <name>.const:.string:$P$T20$21</name>
         <load_address>0x38b6</load_address>
         <run_address>0x38b6</run_address>
         <size>0x11</size>
         <input_file_ref idref="fl-2"/>
      </object_component>
      <object_component id="oc-f3">
         <name>.const:.string:$P$T21$22</name>
         <load_address>0x38c7</load_address>
         <run_address>0x38c7</run_address>
         <size>0x11</size>
         <input_file_ref idref="fl-2"/>
      </object_component>
      <object_component id="oc-f6">
         <name>.const:.string:$P$T22$23</name>
         <load_address>0x38d8</load_address>
         <run_address>0x38d8</run_address>
         <size>0x11</size>
         <input_file_ref idref="fl-2"/>
      </object_component>
      <object_component id="oc-f9">
         <name>.const:.string:$P$T23$24</name>
         <load_address>0x38e9</load_address>
         <run_address>0x38e9</run_address>
         <size>0x11</size>
         <input_file_ref idref="fl-2"/>
      </object_component>
      <object_component id="oc-fc">
         <name>.const:.string:$P$T24$25</name>
         <load_address>0x38fa</load_address>
         <run_address>0x38fa</run_address>
         <size>0x11</size>
         <input_file_ref idref="fl-2"/>
      </object_component>
      <object_component id="oc-ff">
         <name>.const:.string:$P$T25$26</name>
         <load_address>0x390b</load_address>
         <run_address>0x390b</run_address>
         <size>0x11</size>
         <input_file_ref idref="fl-2"/>
      </object_component>
      <object_component id="oc-102">
         <name>.const:.string:$P$T26$27</name>
         <load_address>0x391c</load_address>
         <run_address>0x391c</run_address>
         <size>0x11</size>
         <input_file_ref idref="fl-2"/>
      </object_component>
      <object_component id="oc-105">
         <name>.const:.string:$P$T27$28</name>
         <load_address>0x392d</load_address>
         <run_address>0x392d</run_address>
         <size>0x11</size>
         <input_file_ref idref="fl-2"/>
      </object_component>
      <object_component id="oc-108">
         <name>.const:.string:$P$T28$29</name>
         <load_address>0x393e</load_address>
         <run_address>0x393e</run_address>
         <size>0x11</size>
         <input_file_ref idref="fl-2"/>
      </object_component>
      <object_component id="oc-a6">
         <name>.const:.string:$P$T3$4</name>
         <load_address>0x394f</load_address>
         <run_address>0x394f</run_address>
         <size>0x11</size>
         <input_file_ref idref="fl-2"/>
      </object_component>
      <object_component id="oc-a9">
         <name>.const:.string:$P$T4$5</name>
         <load_address>0x3960</load_address>
         <run_address>0x3960</run_address>
         <size>0x11</size>
         <input_file_ref idref="fl-2"/>
      </object_component>
      <object_component id="oc-ac">
         <name>.const:.string:$P$T5$6</name>
         <load_address>0x3971</load_address>
         <run_address>0x3971</run_address>
         <size>0x11</size>
         <input_file_ref idref="fl-2"/>
      </object_component>
      <object_component id="oc-af">
         <name>.const:.string:$P$T6$7</name>
         <load_address>0x3982</load_address>
         <run_address>0x3982</run_address>
         <size>0x11</size>
         <input_file_ref idref="fl-2"/>
      </object_component>
      <object_component id="oc-b2">
         <name>.const:.string:$P$T7$8</name>
         <load_address>0x3993</load_address>
         <run_address>0x3993</run_address>
         <size>0x11</size>
         <input_file_ref idref="fl-2"/>
      </object_component>
      <object_component id="oc-bb">
         <name>.const:.string:$P$T8$9</name>
         <load_address>0x39a4</load_address>
         <run_address>0x39a4</run_address>
         <size>0x11</size>
         <input_file_ref idref="fl-2"/>
      </object_component>
      <object_component id="oc-be">
         <name>.const:.string:$P$T9$10</name>
         <load_address>0x39b5</load_address>
         <run_address>0x39b5</run_address>
         <size>0x11</size>
         <input_file_ref idref="fl-2"/>
      </object_component>
      <object_component id="oc-b5">
         <name>.data</name>
         <load_address>0x3ad0</load_address>
         <run_address>0x3ad0</run_address>
         <size>0x8</size>
         <input_file_ref idref="fl-2"/>
      </object_component>
      <object_component id="oc-b8">
         <name>.data:music_note_sequence</name>
         <load_address>0x39c8</load_address>
         <run_address>0x39c8</run_address>
         <size>0x108</size>
         <input_file_ref idref="fl-2"/>
      </object_component>
      <object_component id="oc-171">
         <name>.data</name>
         <load_address>0x3adc</load_address>
         <run_address>0x3adc</run_address>
         <size>0x4</size>
         <input_file_ref idref="fl-5"/>
      </object_component>
      <object_component id="oc-2e0">
         <name>.data</name>
         <load_address>0x3ad8</load_address>
         <run_address>0x3ad8</run_address>
         <size>0x4</size>
         <input_file_ref idref="fl-d6"/>
      </object_component>
      <object_component id="oc-37c">
         <name>.cinit..data.load</name>
         <load_address>0x3dc8</load_address>
         <run_address>0x3dc8</run_address>
         <size>0x8b</size>
      </object_component>
      <object_component id="oc-37a">
         <name>__TI_handler_table</name>
         <load_address>0x3e54</load_address>
         <run_address>0x3e54</run_address>
         <size>0x8</size>
      </object_component>
      <object_component id="oc-37b">
         <name>__TI_cinit_table</name>
         <load_address>0x3e5c</load_address>
         <run_address>0x3e5c</run_address>
         <size>0x8</size>
      </object_component>
      <object_component id="oc-10c">
         <name>.debug_info</name>
         <load_address>0x0</load_address>
         <run_address>0x0</run_address>
         <size>0x6ff</size>
         <input_file_ref idref="fl-2"/>
      </object_component>
      <object_component id="oc-b6">
         <name>.debug_info</name>
         <load_address>0x6ff</load_address>
         <run_address>0x6ff</run_address>
         <size>0xf9</size>
         <input_file_ref idref="fl-2"/>
      </object_component>
      <object_component id="oc-b9">
         <name>.debug_info</name>
         <load_address>0x7f8</load_address>
         <run_address>0x7f8</run_address>
         <size>0xfa</size>
         <input_file_ref idref="fl-2"/>
      </object_component>
      <object_component id="oc-9e">
         <name>.debug_info</name>
         <load_address>0x8f2</load_address>
         <run_address>0x8f2</run_address>
         <size>0xe1</size>
         <input_file_ref idref="fl-2"/>
      </object_component>
      <object_component id="oc-a1">
         <name>.debug_info</name>
         <load_address>0x9d3</load_address>
         <run_address>0x9d3</run_address>
         <size>0xe1</size>
         <input_file_ref idref="fl-2"/>
      </object_component>
      <object_component id="oc-a4">
         <name>.debug_info</name>
         <load_address>0xab4</load_address>
         <run_address>0xab4</run_address>
         <size>0xe1</size>
         <input_file_ref idref="fl-2"/>
      </object_component>
      <object_component id="oc-a7">
         <name>.debug_info</name>
         <load_address>0xb95</load_address>
         <run_address>0xb95</run_address>
         <size>0xe1</size>
         <input_file_ref idref="fl-2"/>
      </object_component>
      <object_component id="oc-aa">
         <name>.debug_info</name>
         <load_address>0xc76</load_address>
         <run_address>0xc76</run_address>
         <size>0xe1</size>
         <input_file_ref idref="fl-2"/>
      </object_component>
      <object_component id="oc-ad">
         <name>.debug_info</name>
         <load_address>0xd57</load_address>
         <run_address>0xd57</run_address>
         <size>0xe1</size>
         <input_file_ref idref="fl-2"/>
      </object_component>
      <object_component id="oc-b0">
         <name>.debug_info</name>
         <load_address>0xe38</load_address>
         <run_address>0xe38</run_address>
         <size>0xe1</size>
         <input_file_ref idref="fl-2"/>
      </object_component>
      <object_component id="oc-b3">
         <name>.debug_info</name>
         <load_address>0xf19</load_address>
         <run_address>0xf19</run_address>
         <size>0xe1</size>
         <input_file_ref idref="fl-2"/>
      </object_component>
      <object_component id="oc-bc">
         <name>.debug_info</name>
         <load_address>0xffa</load_address>
         <run_address>0xffa</run_address>
         <size>0xe2</size>
         <input_file_ref idref="fl-2"/>
      </object_component>
      <object_component id="oc-bf">
         <name>.debug_info</name>
         <load_address>0x10dc</load_address>
         <run_address>0x10dc</run_address>
         <size>0xe4</size>
         <input_file_ref idref="fl-2"/>
      </object_component>
      <object_component id="oc-c2">
         <name>.debug_info</name>
         <load_address>0x11c0</load_address>
         <run_address>0x11c0</run_address>
         <size>0xe6</size>
         <input_file_ref idref="fl-2"/>
      </object_component>
      <object_component id="oc-c5">
         <name>.debug_info</name>
         <load_address>0x12a6</load_address>
         <run_address>0x12a6</run_address>
         <size>0xe6</size>
         <input_file_ref idref="fl-2"/>
      </object_component>
      <object_component id="oc-d9">
         <name>.debug_info</name>
         <load_address>0x138c</load_address>
         <run_address>0x138c</run_address>
         <size>0xe6</size>
         <input_file_ref idref="fl-2"/>
      </object_component>
      <object_component id="oc-dc">
         <name>.debug_info</name>
         <load_address>0x1472</load_address>
         <run_address>0x1472</run_address>
         <size>0xe6</size>
         <input_file_ref idref="fl-2"/>
      </object_component>
      <object_component id="oc-df">
         <name>.debug_info</name>
         <load_address>0x1558</load_address>
         <run_address>0x1558</run_address>
         <size>0xe6</size>
         <input_file_ref idref="fl-2"/>
      </object_component>
      <object_component id="oc-e2">
         <name>.debug_info</name>
         <load_address>0x163e</load_address>
         <run_address>0x163e</run_address>
         <size>0xe6</size>
         <input_file_ref idref="fl-2"/>
      </object_component>
      <object_component id="oc-e5">
         <name>.debug_info</name>
         <load_address>0x1724</load_address>
         <run_address>0x1724</run_address>
         <size>0xe6</size>
         <input_file_ref idref="fl-2"/>
      </object_component>
      <object_component id="oc-e8">
         <name>.debug_info</name>
         <load_address>0x180a</load_address>
         <run_address>0x180a</run_address>
         <size>0xe6</size>
         <input_file_ref idref="fl-2"/>
      </object_component>
      <object_component id="oc-eb">
         <name>.debug_info</name>
         <load_address>0x18f0</load_address>
         <run_address>0x18f0</run_address>
         <size>0xe6</size>
         <input_file_ref idref="fl-2"/>
      </object_component>
      <object_component id="oc-ee">
         <name>.debug_info</name>
         <load_address>0x19d6</load_address>
         <run_address>0x19d6</run_address>
         <size>0xe6</size>
         <input_file_ref idref="fl-2"/>
      </object_component>
      <object_component id="oc-f1">
         <name>.debug_info</name>
         <load_address>0x1abc</load_address>
         <run_address>0x1abc</run_address>
         <size>0xe6</size>
         <input_file_ref idref="fl-2"/>
      </object_component>
      <object_component id="oc-f4">
         <name>.debug_info</name>
         <load_address>0x1ba2</load_address>
         <run_address>0x1ba2</run_address>
         <size>0xe6</size>
         <input_file_ref idref="fl-2"/>
      </object_component>
      <object_component id="oc-f7">
         <name>.debug_info</name>
         <load_address>0x1c88</load_address>
         <run_address>0x1c88</run_address>
         <size>0xe6</size>
         <input_file_ref idref="fl-2"/>
      </object_component>
      <object_component id="oc-fa">
         <name>.debug_info</name>
         <load_address>0x1d6e</load_address>
         <run_address>0x1d6e</run_address>
         <size>0xe6</size>
         <input_file_ref idref="fl-2"/>
      </object_component>
      <object_component id="oc-fd">
         <name>.debug_info</name>
         <load_address>0x1e54</load_address>
         <run_address>0x1e54</run_address>
         <size>0xe6</size>
         <input_file_ref idref="fl-2"/>
      </object_component>
      <object_component id="oc-100">
         <name>.debug_info</name>
         <load_address>0x1f3a</load_address>
         <run_address>0x1f3a</run_address>
         <size>0xe6</size>
         <input_file_ref idref="fl-2"/>
      </object_component>
      <object_component id="oc-103">
         <name>.debug_info</name>
         <load_address>0x2020</load_address>
         <run_address>0x2020</run_address>
         <size>0xe6</size>
         <input_file_ref idref="fl-2"/>
      </object_component>
      <object_component id="oc-106">
         <name>.debug_info</name>
         <load_address>0x2106</load_address>
         <run_address>0x2106</run_address>
         <size>0xe6</size>
         <input_file_ref idref="fl-2"/>
      </object_component>
      <object_component id="oc-109">
         <name>.debug_info</name>
         <load_address>0x21ec</load_address>
         <run_address>0x21ec</run_address>
         <size>0xe6</size>
         <input_file_ref idref="fl-2"/>
      </object_component>
      <object_component id="oc-59">
         <name>.debug_info</name>
         <load_address>0x22d2</load_address>
         <run_address>0x22d2</run_address>
         <size>0x206c</size>
         <input_file_ref idref="fl-2"/>
      </object_component>
      <object_component id="oc-1e1">
         <name>.debug_info</name>
         <load_address>0x433e</load_address>
         <run_address>0x433e</run_address>
         <size>0x1055</size>
         <input_file_ref idref="fl-2"/>
      </object_component>
      <object_component id="oc-117">
         <name>.debug_info</name>
         <load_address>0x5393</load_address>
         <run_address>0x5393</run_address>
         <size>0x37e2</size>
         <input_file_ref idref="fl-2"/>
      </object_component>
      <object_component id="oc-11e">
         <name>.debug_info</name>
         <load_address>0x8b75</load_address>
         <run_address>0x8b75</run_address>
         <size>0x26b</size>
         <input_file_ref idref="fl-2"/>
      </object_component>
      <object_component id="oc-1d">
         <name>.debug_info</name>
         <load_address>0x8de0</load_address>
         <run_address>0x8de0</run_address>
         <size>0x84</size>
         <input_file_ref idref="fl-2"/>
      </object_component>
      <object_component id="oc-1eb">
         <name>.debug_info</name>
         <load_address>0x8e64</load_address>
         <run_address>0x8e64</run_address>
         <size>0x297</size>
         <input_file_ref idref="fl-2"/>
      </object_component>
      <object_component id="oc-112">
         <name>.debug_info</name>
         <load_address>0x90fb</load_address>
         <run_address>0x90fb</run_address>
         <size>0xbb</size>
         <input_file_ref idref="fl-2"/>
      </object_component>
      <object_component id="oc-1e6">
         <name>.debug_info</name>
         <load_address>0x91b6</load_address>
         <run_address>0x91b6</run_address>
         <size>0xcc</size>
         <input_file_ref idref="fl-2"/>
      </object_component>
      <object_component id="oc-1b5">
         <name>.debug_info</name>
         <load_address>0x9282</load_address>
         <run_address>0x9282</run_address>
         <size>0x2c</size>
         <input_file_ref idref="fl-2"/>
      </object_component>
      <object_component id="oc-10d">
         <name>.debug_info</name>
         <load_address>0x92ae</load_address>
         <run_address>0x92ae</run_address>
         <size>0x99</size>
         <input_file_ref idref="fl-2"/>
      </object_component>
      <object_component id="oc-99">
         <name>.debug_info</name>
         <load_address>0x9347</load_address>
         <run_address>0x9347</run_address>
         <size>0x601</size>
         <input_file_ref idref="fl-3"/>
      </object_component>
      <object_component id="oc-60">
         <name>.debug_info</name>
         <load_address>0x9948</load_address>
         <run_address>0x9948</run_address>
         <size>0x2c5</size>
         <input_file_ref idref="fl-4"/>
      </object_component>
      <object_component id="oc-12">
         <name>.debug_info</name>
         <load_address>0x9c0d</load_address>
         <run_address>0x9c0d</run_address>
         <size>0xf1</size>
         <input_file_ref idref="fl-4"/>
      </object_component>
      <object_component id="oc-54">
         <name>.debug_info</name>
         <load_address>0x9cfe</load_address>
         <run_address>0x9cfe</run_address>
         <size>0x1b8</size>
         <input_file_ref idref="fl-4"/>
      </object_component>
      <object_component id="oc-172">
         <name>.debug_info</name>
         <load_address>0x9eb6</load_address>
         <run_address>0x9eb6</run_address>
         <size>0xea</size>
         <input_file_ref idref="fl-5"/>
      </object_component>
      <object_component id="oc-94">
         <name>.debug_info</name>
         <load_address>0x9fa0</load_address>
         <run_address>0x9fa0</run_address>
         <size>0x25c</size>
         <input_file_ref idref="fl-5"/>
      </object_component>
      <object_component id="oc-7a">
         <name>.debug_info</name>
         <load_address>0xa1fc</load_address>
         <run_address>0xa1fc</run_address>
         <size>0x13f</size>
         <input_file_ref idref="fl-be"/>
      </object_component>
      <object_component id="oc-176">
         <name>.debug_info</name>
         <load_address>0xa33b</load_address>
         <run_address>0xa33b</run_address>
         <size>0x132</size>
         <input_file_ref idref="fl-bf"/>
      </object_component>
      <object_component id="oc-17c">
         <name>.debug_info</name>
         <load_address>0xa46d</load_address>
         <run_address>0xa46d</run_address>
         <size>0x132</size>
         <input_file_ref idref="fl-c0"/>
      </object_component>
      <object_component id="oc-180">
         <name>.debug_info</name>
         <load_address>0xa59f</load_address>
         <run_address>0xa59f</run_address>
         <size>0x136</size>
         <input_file_ref idref="fl-c1"/>
      </object_component>
      <object_component id="oc-d0">
         <name>.debug_info</name>
         <load_address>0xa6d5</load_address>
         <run_address>0xa6d5</run_address>
         <size>0x124</size>
         <input_file_ref idref="fl-c2"/>
      </object_component>
      <object_component id="oc-24">
         <name>.debug_info</name>
         <load_address>0xa7f9</load_address>
         <run_address>0xa7f9</run_address>
         <size>0x111</size>
         <input_file_ref idref="fl-c3"/>
      </object_component>
      <object_component id="oc-12a">
         <name>.debug_info</name>
         <load_address>0xa90a</load_address>
         <run_address>0xa90a</run_address>
         <size>0x2c</size>
         <input_file_ref idref="fl-c4"/>
      </object_component>
      <object_component id="oc-2d">
         <name>.debug_info</name>
         <load_address>0xa936</load_address>
         <run_address>0xa936</run_address>
         <size>0x29d</size>
         <input_file_ref idref="fl-c5"/>
      </object_component>
      <object_component id="oc-d">
         <name>.debug_info</name>
         <load_address>0xabd3</load_address>
         <run_address>0xabd3</run_address>
         <size>0x1df</size>
         <input_file_ref idref="fl-c5"/>
      </object_component>
      <object_component id="oc-28">
         <name>.debug_info</name>
         <load_address>0xadb2</load_address>
         <run_address>0xadb2</run_address>
         <size>0x46</size>
         <input_file_ref idref="fl-c5"/>
      </object_component>
      <object_component id="oc-6a">
         <name>.debug_info</name>
         <load_address>0xadf8</load_address>
         <run_address>0xadf8</run_address>
         <size>0x2c</size>
         <input_file_ref idref="fl-c5"/>
      </object_component>
      <object_component id="oc-68">
         <name>.debug_info</name>
         <load_address>0xae24</load_address>
         <run_address>0xae24</run_address>
         <size>0x293</size>
         <input_file_ref idref="fl-c6"/>
      </object_component>
      <object_component id="oc-4">
         <name>.debug_info</name>
         <load_address>0xb0b7</load_address>
         <run_address>0xb0b7</run_address>
         <size>0x245</size>
         <input_file_ref idref="fl-c6"/>
      </object_component>
      <object_component id="oc-18">
         <name>.debug_info</name>
         <load_address>0xb2fc</load_address>
         <run_address>0xb2fc</run_address>
         <size>0x60</size>
         <input_file_ref idref="fl-c6"/>
      </object_component>
      <object_component id="oc-123">
         <name>.debug_info</name>
         <load_address>0xb35c</load_address>
         <run_address>0xb35c</run_address>
         <size>0x46</size>
         <input_file_ref idref="fl-c6"/>
      </object_component>
      <object_component id="oc-63">
         <name>.debug_info</name>
         <load_address>0xb3a2</load_address>
         <run_address>0xb3a2</run_address>
         <size>0x39</size>
         <input_file_ref idref="fl-c6"/>
      </object_component>
      <object_component id="oc-1b4">
         <name>.debug_info</name>
         <load_address>0xb3db</load_address>
         <run_address>0xb3db</run_address>
         <size>0x328</size>
         <input_file_ref idref="fl-c7"/>
      </object_component>
      <object_component id="oc-cb">
         <name>.debug_info</name>
         <load_address>0xb703</load_address>
         <run_address>0xb703</run_address>
         <size>0x1c6</size>
         <input_file_ref idref="fl-c7"/>
      </object_component>
      <object_component id="oc-1ab">
         <name>.debug_info</name>
         <load_address>0xb8c9</load_address>
         <run_address>0xb8c9</run_address>
         <size>0x182</size>
         <input_file_ref idref="fl-c7"/>
      </object_component>
      <object_component id="oc-1b1">
         <name>.debug_info</name>
         <load_address>0xba4b</load_address>
         <run_address>0xba4b</run_address>
         <size>0x162</size>
         <input_file_ref idref="fl-c7"/>
      </object_component>
      <object_component id="oc-2e7">
         <name>.debug_info</name>
         <load_address>0xbbad</load_address>
         <run_address>0xbbad</run_address>
         <size>0x2c</size>
         <input_file_ref idref="fl-c7"/>
      </object_component>
      <object_component id="oc-1bc">
         <name>.debug_info</name>
         <load_address>0xbbd9</load_address>
         <run_address>0xbbd9</run_address>
         <size>0x284</size>
         <input_file_ref idref="fl-c8"/>
      </object_component>
      <object_component id="oc-d5">
         <name>.debug_info</name>
         <load_address>0xbe5d</load_address>
         <run_address>0xbe5d</run_address>
         <size>0x22a</size>
         <input_file_ref idref="fl-c8"/>
      </object_component>
      <object_component id="oc-15">
         <name>.debug_info</name>
         <load_address>0xc087</load_address>
         <run_address>0xc087</run_address>
         <size>0x100</size>
         <input_file_ref idref="fl-c9"/>
      </object_component>
      <object_component id="oc-41">
         <name>.debug_info</name>
         <load_address>0xc187</load_address>
         <run_address>0xc187</run_address>
         <size>0x1a4</size>
         <input_file_ref idref="fl-c9"/>
      </object_component>
      <object_component id="oc-1fb">
         <name>.debug_info</name>
         <load_address>0xc32b</load_address>
         <run_address>0xc32b</run_address>
         <size>0x547</size>
         <input_file_ref idref="fl-ca"/>
      </object_component>
      <object_component id="oc-142">
         <name>.debug_info</name>
         <load_address>0xc872</load_address>
         <run_address>0xc872</run_address>
         <size>0x19b</size>
         <input_file_ref idref="fl-ca"/>
      </object_component>
      <object_component id="oc-272">
         <name>.debug_info</name>
         <load_address>0xca0d</load_address>
         <run_address>0xca0d</run_address>
         <size>0x39</size>
         <input_file_ref idref="fl-ca"/>
      </object_component>
      <object_component id="oc-2f9">
         <name>.debug_info</name>
         <load_address>0xca46</load_address>
         <run_address>0xca46</run_address>
         <size>0x39</size>
         <input_file_ref idref="fl-ca"/>
      </object_component>
      <object_component id="oc-277">
         <name>.debug_info</name>
         <load_address>0xca7f</load_address>
         <run_address>0xca7f</run_address>
         <size>0x39</size>
         <input_file_ref idref="fl-ca"/>
      </object_component>
      <object_component id="oc-27c">
         <name>.debug_info</name>
         <load_address>0xcab8</load_address>
         <run_address>0xcab8</run_address>
         <size>0xcd</size>
         <input_file_ref idref="fl-ca"/>
      </object_component>
      <object_component id="oc-7f">
         <name>.debug_info</name>
         <load_address>0xcb85</load_address>
         <run_address>0xcb85</run_address>
         <size>0x148</size>
         <input_file_ref idref="fl-cb"/>
      </object_component>
      <object_component id="oc-137">
         <name>.debug_info</name>
         <load_address>0xcccd</load_address>
         <run_address>0xcccd</run_address>
         <size>0x117</size>
         <input_file_ref idref="fl-cd"/>
      </object_component>
      <object_component id="oc-251">
         <name>.debug_info</name>
         <load_address>0xcde4</load_address>
         <run_address>0xcde4</run_address>
         <size>0x8a6</size>
         <input_file_ref idref="fl-cf"/>
      </object_component>
      <object_component id="oc-21c">
         <name>.debug_info</name>
         <load_address>0xd68a</load_address>
         <run_address>0xd68a</run_address>
         <size>0x213</size>
         <input_file_ref idref="fl-cf"/>
      </object_component>
      <object_component id="oc-2aa">
         <name>.debug_info</name>
         <load_address>0xd89d</load_address>
         <run_address>0xd89d</run_address>
         <size>0x1a8</size>
         <input_file_ref idref="fl-cf"/>
      </object_component>
      <object_component id="oc-2b0">
         <name>.debug_info</name>
         <load_address>0xda45</load_address>
         <run_address>0xda45</run_address>
         <size>0x210</size>
         <input_file_ref idref="fl-cf"/>
      </object_component>
      <object_component id="oc-227">
         <name>.debug_info</name>
         <load_address>0xdc55</load_address>
         <run_address>0xdc55</run_address>
         <size>0x3b0</size>
         <input_file_ref idref="fl-cf"/>
      </object_component>
      <object_component id="oc-2b7">
         <name>.debug_info</name>
         <load_address>0xe005</load_address>
         <run_address>0xe005</run_address>
         <size>0x2fa</size>
         <input_file_ref idref="fl-cf"/>
      </object_component>
      <object_component id="oc-2bd">
         <name>.debug_info</name>
         <load_address>0xe2ff</load_address>
         <run_address>0xe2ff</run_address>
         <size>0x20a</size>
         <input_file_ref idref="fl-cf"/>
      </object_component>
      <object_component id="oc-22d">
         <name>.debug_info</name>
         <load_address>0xe509</load_address>
         <run_address>0xe509</run_address>
         <size>0x20a</size>
         <input_file_ref idref="fl-cf"/>
      </object_component>
      <object_component id="oc-233">
         <name>.debug_info</name>
         <load_address>0xe713</load_address>
         <run_address>0xe713</run_address>
         <size>0x2f9</size>
         <input_file_ref idref="fl-cf"/>
      </object_component>
      <object_component id="oc-239">
         <name>.debug_info</name>
         <load_address>0xea0c</load_address>
         <run_address>0xea0c</run_address>
         <size>0x4a5</size>
         <input_file_ref idref="fl-cf"/>
      </object_component>
      <object_component id="oc-1a2">
         <name>.debug_info</name>
         <load_address>0xeeb1</load_address>
         <run_address>0xeeb1</run_address>
         <size>0x5cd</size>
         <input_file_ref idref="fl-cf"/>
      </object_component>
      <object_component id="oc-252">
         <name>.debug_info</name>
         <load_address>0xf47e</load_address>
         <run_address>0xf47e</run_address>
         <size>0x86</size>
         <input_file_ref idref="fl-cf"/>
      </object_component>
      <object_component id="oc-2ec">
         <name>.debug_info</name>
         <load_address>0xf504</load_address>
         <run_address>0xf504</run_address>
         <size>0x39</size>
         <input_file_ref idref="fl-cf"/>
      </object_component>
      <object_component id="oc-338">
         <name>.debug_info</name>
         <load_address>0xf53d</load_address>
         <run_address>0xf53d</run_address>
         <size>0xb6</size>
         <input_file_ref idref="fl-cf"/>
      </object_component>
      <object_component id="oc-2f1">
         <name>.debug_info</name>
         <load_address>0xf5f3</load_address>
         <run_address>0xf5f3</run_address>
         <size>0x46</size>
         <input_file_ref idref="fl-cf"/>
      </object_component>
      <object_component id="oc-257">
         <name>.debug_info</name>
         <load_address>0xf639</load_address>
         <run_address>0xf639</run_address>
         <size>0x46</size>
         <input_file_ref idref="fl-cf"/>
      </object_component>
      <object_component id="oc-287">
         <name>.debug_info</name>
         <load_address>0xf67f</load_address>
         <run_address>0xf67f</run_address>
         <size>0x2ae</size>
         <input_file_ref idref="fl-d1"/>
      </object_component>
      <object_component id="oc-217">
         <name>.debug_info</name>
         <load_address>0xf92d</load_address>
         <run_address>0xf92d</run_address>
         <size>0x171</size>
         <input_file_ref idref="fl-d1"/>
      </object_component>
      <object_component id="oc-307">
         <name>.debug_info</name>
         <load_address>0xfa9e</load_address>
         <run_address>0xfa9e</run_address>
         <size>0xee</size>
         <input_file_ref idref="fl-d2"/>
      </object_component>
      <object_component id="oc-284">
         <name>.debug_info</name>
         <load_address>0xfb8c</load_address>
         <run_address>0xfb8c</run_address>
         <size>0xfa</size>
         <input_file_ref idref="fl-d2"/>
      </object_component>
      <object_component id="oc-313">
         <name>.debug_info</name>
         <load_address>0xfc86</load_address>
         <run_address>0xfc86</run_address>
         <size>0x290</size>
         <input_file_ref idref="fl-d3"/>
      </object_component>
      <object_component id="oc-29b">
         <name>.debug_info</name>
         <load_address>0xff16</load_address>
         <run_address>0xff16</run_address>
         <size>0x1c2</size>
         <input_file_ref idref="fl-d3"/>
      </object_component>
      <object_component id="oc-2d8">
         <name>.debug_info</name>
         <load_address>0x100d8</load_address>
         <run_address>0x100d8</run_address>
         <size>0x28b</size>
         <input_file_ref idref="fl-d4"/>
      </object_component>
      <object_component id="oc-23f">
         <name>.debug_info</name>
         <load_address>0x10363</load_address>
         <run_address>0x10363</run_address>
         <size>0x1ab</size>
         <input_file_ref idref="fl-d4"/>
      </object_component>
      <object_component id="oc-32a">
         <name>.debug_info</name>
         <load_address>0x1050e</load_address>
         <run_address>0x1050e</run_address>
         <size>0x28f</size>
         <input_file_ref idref="fl-d5"/>
      </object_component>
      <object_component id="oc-2d1">
         <name>.debug_info</name>
         <load_address>0x1079d</load_address>
         <run_address>0x1079d</run_address>
         <size>0x247</size>
         <input_file_ref idref="fl-d5"/>
      </object_component>
      <object_component id="oc-2e4">
         <name>.debug_info</name>
         <load_address>0x109e4</load_address>
         <run_address>0x109e4</run_address>
         <size>0x27e</size>
         <input_file_ref idref="fl-d6"/>
      </object_component>
      <object_component id="oc-2e1">
         <name>.debug_info</name>
         <load_address>0x10c62</load_address>
         <run_address>0x10c62</run_address>
         <size>0x103</size>
         <input_file_ref idref="fl-d6"/>
      </object_component>
      <object_component id="oc-24b">
         <name>.debug_info</name>
         <load_address>0x10d65</load_address>
         <run_address>0x10d65</run_address>
         <size>0x143</size>
         <input_file_ref idref="fl-d6"/>
      </object_component>
      <object_component id="oc-31b">
         <name>.debug_info</name>
         <load_address>0x10ea8</load_address>
         <run_address>0x10ea8</run_address>
         <size>0x28f</size>
         <input_file_ref idref="fl-d7"/>
      </object_component>
      <object_component id="oc-2c7">
         <name>.debug_info</name>
         <load_address>0x11137</load_address>
         <run_address>0x11137</run_address>
         <size>0x18a</size>
         <input_file_ref idref="fl-d7"/>
      </object_component>
      <object_component id="oc-344">
         <name>.debug_info</name>
         <load_address>0x112c1</load_address>
         <run_address>0x112c1</run_address>
         <size>0x39</size>
         <input_file_ref idref="fl-d7"/>
      </object_component>
      <object_component id="oc-31c">
         <name>.debug_info</name>
         <load_address>0x112fa</load_address>
         <run_address>0x112fa</run_address>
         <size>0x2c</size>
         <input_file_ref idref="fl-d7"/>
      </object_component>
      <object_component id="oc-328">
         <name>.debug_info</name>
         <load_address>0x11326</load_address>
         <run_address>0x11326</run_address>
         <size>0x2f2</size>
         <input_file_ref idref="fl-d8"/>
      </object_component>
      <object_component id="oc-2cb">
         <name>.debug_info</name>
         <load_address>0x11618</load_address>
         <run_address>0x11618</run_address>
         <size>0x21a</size>
         <input_file_ref idref="fl-d8"/>
      </object_component>
      <object_component id="oc-2df">
         <name>.debug_info</name>
         <load_address>0x11832</load_address>
         <run_address>0x11832</run_address>
         <size>0x284</size>
         <input_file_ref idref="fl-d9"/>
      </object_component>
      <object_component id="oc-246">
         <name>.debug_info</name>
         <load_address>0x11ab6</load_address>
         <run_address>0x11ab6</run_address>
         <size>0x14f</size>
         <input_file_ref idref="fl-d9"/>
      </object_component>
      <object_component id="oc-32d">
         <name>.debug_info</name>
         <load_address>0x11c05</load_address>
         <run_address>0x11c05</run_address>
         <size>0x46</size>
         <input_file_ref idref="fl-d9"/>
      </object_component>
      <object_component id="oc-2da">
         <name>.debug_info</name>
         <load_address>0x11c4b</load_address>
         <run_address>0x11c4b</run_address>
         <size>0x39</size>
         <input_file_ref idref="fl-d9"/>
      </object_component>
      <object_component id="oc-322">
         <name>.debug_info</name>
         <load_address>0x11c84</load_address>
         <run_address>0x11c84</run_address>
         <size>0x156</size>
         <input_file_ref idref="fl-da"/>
      </object_component>
      <object_component id="oc-28a">
         <name>.debug_info</name>
         <load_address>0x11dda</load_address>
         <run_address>0x11dda</run_address>
         <size>0x12c</size>
         <input_file_ref idref="fl-db"/>
      </object_component>
      <object_component id="oc-2a7">
         <name>.debug_info</name>
         <load_address>0x11f06</load_address>
         <run_address>0x11f06</run_address>
         <size>0x144</size>
         <input_file_ref idref="fl-dc"/>
      </object_component>
      <object_component id="oc-222">
         <name>.debug_info</name>
         <load_address>0x1204a</load_address>
         <run_address>0x1204a</run_address>
         <size>0x120</size>
         <input_file_ref idref="fl-dd"/>
      </object_component>
      <object_component id="oc-290">
         <name>.debug_info</name>
         <load_address>0x1216a</load_address>
         <run_address>0x1216a</run_address>
         <size>0x122</size>
         <input_file_ref idref="fl-dd"/>
      </object_component>
      <object_component id="oc-296">
         <name>.debug_info</name>
         <load_address>0x1228c</load_address>
         <run_address>0x1228c</run_address>
         <size>0x126</size>
         <input_file_ref idref="fl-de"/>
      </object_component>
      <object_component id="oc-2a0">
         <name>.debug_info</name>
         <load_address>0x123b2</load_address>
         <run_address>0x123b2</run_address>
         <size>0x124</size>
         <input_file_ref idref="fl-df"/>
      </object_component>
      <object_component id="oc-30d">
         <name>.debug_info</name>
         <load_address>0x124d6</load_address>
         <run_address>0x124d6</run_address>
         <size>0x10d</size>
         <input_file_ref idref="fl-e0"/>
      </object_component>
      <object_component id="oc-3a5">
         <name>.debug_info</name>
         <load_address>0x125e3</load_address>
         <run_address>0x125e3</run_address>
         <size>0xaf</size>
      </object_component>
      <object_component id="oc-1e0">
         <name>.debug_line</name>
         <load_address>0x0</load_address>
         <run_address>0x0</run_address>
         <size>0xbd</size>
         <input_file_ref idref="fl-2"/>
      </object_component>
      <object_component id="oc-196">
         <name>.debug_line</name>
         <load_address>0xbd</load_address>
         <run_address>0xbd</run_address>
         <size>0x34</size>
         <input_file_ref idref="fl-2"/>
      </object_component>
      <object_component id="oc-198">
         <name>.debug_line</name>
         <load_address>0xf1</load_address>
         <run_address>0xf1</run_address>
         <size>0x34</size>
         <input_file_ref idref="fl-2"/>
      </object_component>
      <object_component id="oc-186">
         <name>.debug_line</name>
         <load_address>0x125</load_address>
         <run_address>0x125</run_address>
         <size>0x34</size>
         <input_file_ref idref="fl-2"/>
      </object_component>
      <object_component id="oc-188">
         <name>.debug_line</name>
         <load_address>0x159</load_address>
         <run_address>0x159</run_address>
         <size>0x34</size>
         <input_file_ref idref="fl-2"/>
      </object_component>
      <object_component id="oc-18a">
         <name>.debug_line</name>
         <load_address>0x18d</load_address>
         <run_address>0x18d</run_address>
         <size>0x34</size>
         <input_file_ref idref="fl-2"/>
      </object_component>
      <object_component id="oc-18c">
         <name>.debug_line</name>
         <load_address>0x1c1</load_address>
         <run_address>0x1c1</run_address>
         <size>0x34</size>
         <input_file_ref idref="fl-2"/>
      </object_component>
      <object_component id="oc-18e">
         <name>.debug_line</name>
         <load_address>0x1f5</load_address>
         <run_address>0x1f5</run_address>
         <size>0x34</size>
         <input_file_ref idref="fl-2"/>
      </object_component>
      <object_component id="oc-190">
         <name>.debug_line</name>
         <load_address>0x229</load_address>
         <run_address>0x229</run_address>
         <size>0x34</size>
         <input_file_ref idref="fl-2"/>
      </object_component>
      <object_component id="oc-192">
         <name>.debug_line</name>
         <load_address>0x25d</load_address>
         <run_address>0x25d</run_address>
         <size>0x34</size>
         <input_file_ref idref="fl-2"/>
      </object_component>
      <object_component id="oc-194">
         <name>.debug_line</name>
         <load_address>0x291</load_address>
         <run_address>0x291</run_address>
         <size>0x34</size>
         <input_file_ref idref="fl-2"/>
      </object_component>
      <object_component id="oc-19a">
         <name>.debug_line</name>
         <load_address>0x2c5</load_address>
         <run_address>0x2c5</run_address>
         <size>0x34</size>
         <input_file_ref idref="fl-2"/>
      </object_component>
      <object_component id="oc-19c">
         <name>.debug_line</name>
         <load_address>0x2f9</load_address>
         <run_address>0x2f9</run_address>
         <size>0x34</size>
         <input_file_ref idref="fl-2"/>
      </object_component>
      <object_component id="oc-19e">
         <name>.debug_line</name>
         <load_address>0x32d</load_address>
         <run_address>0x32d</run_address>
         <size>0x34</size>
         <input_file_ref idref="fl-2"/>
      </object_component>
      <object_component id="oc-1a0">
         <name>.debug_line</name>
         <load_address>0x361</load_address>
         <run_address>0x361</run_address>
         <size>0x34</size>
         <input_file_ref idref="fl-2"/>
      </object_component>
      <object_component id="oc-1be">
         <name>.debug_line</name>
         <load_address>0x395</load_address>
         <run_address>0x395</run_address>
         <size>0x34</size>
         <input_file_ref idref="fl-2"/>
      </object_component>
      <object_component id="oc-1c0">
         <name>.debug_line</name>
         <load_address>0x3c9</load_address>
         <run_address>0x3c9</run_address>
         <size>0x34</size>
         <input_file_ref idref="fl-2"/>
      </object_component>
      <object_component id="oc-1c2">
         <name>.debug_line</name>
         <load_address>0x3fd</load_address>
         <run_address>0x3fd</run_address>
         <size>0x34</size>
         <input_file_ref idref="fl-2"/>
      </object_component>
      <object_component id="oc-1c4">
         <name>.debug_line</name>
         <load_address>0x431</load_address>
         <run_address>0x431</run_address>
         <size>0x34</size>
         <input_file_ref idref="fl-2"/>
      </object_component>
      <object_component id="oc-1c6">
         <name>.debug_line</name>
         <load_address>0x465</load_address>
         <run_address>0x465</run_address>
         <size>0x34</size>
         <input_file_ref idref="fl-2"/>
      </object_component>
      <object_component id="oc-1c8">
         <name>.debug_line</name>
         <load_address>0x499</load_address>
         <run_address>0x499</run_address>
         <size>0x34</size>
         <input_file_ref idref="fl-2"/>
      </object_component>
      <object_component id="oc-1ca">
         <name>.debug_line</name>
         <load_address>0x4cd</load_address>
         <run_address>0x4cd</run_address>
         <size>0x34</size>
         <input_file_ref idref="fl-2"/>
      </object_component>
      <object_component id="oc-1cc">
         <name>.debug_line</name>
         <load_address>0x501</load_address>
         <run_address>0x501</run_address>
         <size>0x34</size>
         <input_file_ref idref="fl-2"/>
      </object_component>
      <object_component id="oc-1ce">
         <name>.debug_line</name>
         <load_address>0x535</load_address>
         <run_address>0x535</run_address>
         <size>0x34</size>
         <input_file_ref idref="fl-2"/>
      </object_component>
      <object_component id="oc-1d0">
         <name>.debug_line</name>
         <load_address>0x569</load_address>
         <run_address>0x569</run_address>
         <size>0x34</size>
         <input_file_ref idref="fl-2"/>
      </object_component>
      <object_component id="oc-1d2">
         <name>.debug_line</name>
         <load_address>0x59d</load_address>
         <run_address>0x59d</run_address>
         <size>0x34</size>
         <input_file_ref idref="fl-2"/>
      </object_component>
      <object_component id="oc-1d4">
         <name>.debug_line</name>
         <load_address>0x5d1</load_address>
         <run_address>0x5d1</run_address>
         <size>0x34</size>
         <input_file_ref idref="fl-2"/>
      </object_component>
      <object_component id="oc-1d6">
         <name>.debug_line</name>
         <load_address>0x605</load_address>
         <run_address>0x605</run_address>
         <size>0x34</size>
         <input_file_ref idref="fl-2"/>
      </object_component>
      <object_component id="oc-1d8">
         <name>.debug_line</name>
         <load_address>0x639</load_address>
         <run_address>0x639</run_address>
         <size>0x34</size>
         <input_file_ref idref="fl-2"/>
      </object_component>
      <object_component id="oc-1da">
         <name>.debug_line</name>
         <load_address>0x66d</load_address>
         <run_address>0x66d</run_address>
         <size>0x34</size>
         <input_file_ref idref="fl-2"/>
      </object_component>
      <object_component id="oc-1dc">
         <name>.debug_line</name>
         <load_address>0x6a1</load_address>
         <run_address>0x6a1</run_address>
         <size>0x34</size>
         <input_file_ref idref="fl-2"/>
      </object_component>
      <object_component id="oc-1de">
         <name>.debug_line</name>
         <load_address>0x6d5</load_address>
         <run_address>0x6d5</run_address>
         <size>0x34</size>
         <input_file_ref idref="fl-2"/>
      </object_component>
      <object_component id="oc-5c">
         <name>.debug_line</name>
         <load_address>0x709</load_address>
         <run_address>0x709</run_address>
         <size>0x8b3</size>
         <input_file_ref idref="fl-2"/>
      </object_component>
      <object_component id="oc-1e4">
         <name>.debug_line</name>
         <load_address>0xfbc</load_address>
         <run_address>0xfbc</run_address>
         <size>0x55</size>
         <input_file_ref idref="fl-2"/>
      </object_component>
      <object_component id="oc-11a">
         <name>.debug_line</name>
         <load_address>0x1011</load_address>
         <run_address>0x1011</run_address>
         <size>0x52</size>
         <input_file_ref idref="fl-2"/>
      </object_component>
      <object_component id="oc-121">
         <name>.debug_line</name>
         <load_address>0x1063</load_address>
         <run_address>0x1063</run_address>
         <size>0x69</size>
         <input_file_ref idref="fl-2"/>
      </object_component>
      <object_component id="oc-20">
         <name>.debug_line</name>
         <load_address>0x10cc</load_address>
         <run_address>0x10cc</run_address>
         <size>0x20</size>
         <input_file_ref idref="fl-2"/>
      </object_component>
      <object_component id="oc-1ee">
         <name>.debug_line</name>
         <load_address>0x10ec</load_address>
         <run_address>0x10ec</run_address>
         <size>0x6d</size>
         <input_file_ref idref="fl-2"/>
      </object_component>
      <object_component id="oc-115">
         <name>.debug_line</name>
         <load_address>0x1159</load_address>
         <run_address>0x1159</run_address>
         <size>0x6a</size>
         <input_file_ref idref="fl-2"/>
      </object_component>
      <object_component id="oc-1e9">
         <name>.debug_line</name>
         <load_address>0x11c3</load_address>
         <run_address>0x11c3</run_address>
         <size>0x64</size>
         <input_file_ref idref="fl-2"/>
      </object_component>
      <object_component id="oc-1b8">
         <name>.debug_line</name>
         <load_address>0x1227</load_address>
         <run_address>0x1227</run_address>
         <size>0x65</size>
         <input_file_ref idref="fl-2"/>
      </object_component>
      <object_component id="oc-110">
         <name>.debug_line</name>
         <load_address>0x128c</load_address>
         <run_address>0x128c</run_address>
         <size>0x34</size>
         <input_file_ref idref="fl-2"/>
      </object_component>
      <object_component id="oc-98">
         <name>.debug_line</name>
         <load_address>0x12c0</load_address>
         <run_address>0x12c0</run_address>
         <size>0x10f</size>
         <input_file_ref idref="fl-3"/>
      </object_component>
      <object_component id="oc-11d">
         <name>.debug_line</name>
         <load_address>0x13cf</load_address>
         <run_address>0x13cf</run_address>
         <size>0x40</size>
         <input_file_ref idref="fl-4"/>
      </object_component>
      <object_component id="oc-5f">
         <name>.debug_line</name>
         <load_address>0x140f</load_address>
         <run_address>0x140f</run_address>
         <size>0x40</size>
         <input_file_ref idref="fl-4"/>
      </object_component>
      <object_component id="oc-53">
         <name>.debug_line</name>
         <load_address>0x144f</load_address>
         <run_address>0x144f</run_address>
         <size>0x71</size>
         <input_file_ref idref="fl-4"/>
      </object_component>
      <object_component id="oc-211">
         <name>.debug_line</name>
         <load_address>0x14c0</load_address>
         <run_address>0x14c0</run_address>
         <size>0x3b</size>
         <input_file_ref idref="fl-5"/>
      </object_component>
      <object_component id="oc-93">
         <name>.debug_line</name>
         <load_address>0x14fb</load_address>
         <run_address>0x14fb</run_address>
         <size>0x159</size>
         <input_file_ref idref="fl-5"/>
      </object_component>
      <object_component id="oc-79">
         <name>.debug_line</name>
         <load_address>0x1654</load_address>
         <run_address>0x1654</run_address>
         <size>0x79</size>
         <input_file_ref idref="fl-be"/>
      </object_component>
      <object_component id="oc-179">
         <name>.debug_line</name>
         <load_address>0x16cd</load_address>
         <run_address>0x16cd</run_address>
         <size>0xa8</size>
         <input_file_ref idref="fl-bf"/>
      </object_component>
      <object_component id="oc-17b">
         <name>.debug_line</name>
         <load_address>0x1775</load_address>
         <run_address>0x1775</run_address>
         <size>0x8e</size>
         <input_file_ref idref="fl-c0"/>
      </object_component>
      <object_component id="oc-183">
         <name>.debug_line</name>
         <load_address>0x1803</load_address>
         <run_address>0x1803</run_address>
         <size>0x67</size>
         <input_file_ref idref="fl-c1"/>
      </object_component>
      <object_component id="oc-cf">
         <name>.debug_line</name>
         <load_address>0x186a</load_address>
         <run_address>0x186a</run_address>
         <size>0x57</size>
         <input_file_ref idref="fl-c2"/>
      </object_component>
      <object_component id="oc-26">
         <name>.debug_line</name>
         <load_address>0x18c1</load_address>
         <run_address>0x18c1</run_address>
         <size>0x88</size>
         <input_file_ref idref="fl-c3"/>
      </object_component>
      <object_component id="oc-12d">
         <name>.debug_line</name>
         <load_address>0x1949</load_address>
         <run_address>0x1949</run_address>
         <size>0x8a</size>
         <input_file_ref idref="fl-c4"/>
      </object_component>
      <object_component id="oc-70">
         <name>.debug_line</name>
         <load_address>0x19d3</load_address>
         <run_address>0x19d3</run_address>
[...]
      </symbol>
      <symbol id="sm-232">
         <name>delay_milli</name>
         <value>0x1055</value>
         <object_component_ref idref="oc-58"/>
      </symbol>
      <symbol id="sm-233">
         <name>music_note_sequence</name>
         <value>0x39c8</value>
         <object_component_ref idref="oc-b8"/>
      </symbol>
      <symbol id="sm-234">
         <name>SetupSysTick</name>
         <value>0x125f</value>
         <object_component_ref idref="oc-58"/>
      </symbol>
      <symbol id="sm-235">
         <name>PulseE</name>
         <value>0xfd9</value>
         <object_component_ref idref="oc-58"/>
      </symbol>
      <symbol id="sm-236">
         <name>DataWrite</name>
         <value>0xf57</value>
         <object_component_ref idref="oc-58"/>
      </symbol>
      <symbol id="sm-237">
         <name>main</name>
         <value>0x4d</value>
         <object_component_ref idref="oc-58"/>
      </symbol>
      <symbol id="sm-238">
         <name>Read_Keypad</name>
         <value>0xb75</value>
         <object_component_ref idref="oc-58"/>
      </symbol>
      <symbol id="sm-239">
         <name>SetupLCD</name>
         <value>0x10a9</value>
         <object_component_ref idref="oc-58"/>
      </symbol>
      <symbol id="sm-23a">
         <name>SetupPort4</name>
         <value>0x1131</value>
         <object_component_ref idref="oc-58"/>
      </symbol>
      <symbol id="sm-23b">
         <name>SetupKeypadPort</name>
         <value>0xd65</value>
         <object_component_ref idref="oc-58"/>
      </symbol>
      <symbol id="sm-23c">
         <name>PrintStringWithLength</name>
         <value>0xed5</value>
         <object_component_ref idref="oc-58"/>
      </symbol>
      <symbol id="sm-23d">
         <name>changeDoor</name>
         <value>0xad9</value>
         <object_component_ref idref="oc-58"/>
      </symbol>
      <symbol id="sm-23e">
         <name>ChooseLED</name>
         <value>0x3d9</value>
         <object_component_ref idref="oc-58"/>
      </symbol>
      <symbol id="sm-23f">
         <name>reset_function</name>
         <value>0xcc5</value>
         <object_component_ref idref="oc-58"/>
      </symbol>
      <symbol id="sm-240">
         <name>pushByte</name>
         <value>0xf71</value>
         <object_component_ref idref="oc-58"/>
      </symbol>
      <symbol id="sm-241">
         <name>TA0_N_IRQHandler</name>
         <value>0x345</value>
         <object_component_ref idref="oc-58"/>
      </symbol>
      <symbol id="sm-242">
         <name>breath</name>
         <value>0x3ad4</value>
         <object_component_ref idref="oc-b5"/>
      </symbol>
      <symbol id="sm-243">
         <name>pushNibble</name>
         <value>0xfa9</value>
         <object_component_ref idref="oc-58"/>
      </symbol>
      <symbol id="sm-244">
         <name>ControlBrightness</name>
         <value>0x525</value>
         <object_component_ref idref="oc-58"/>
      </symbol>
      <symbol id="sm-245">
         <name>delay_micro</name>
         <value>0x100d</value>
         <object_component_ref idref="oc-58"/>
      </symbol>
      <symbol id="sm-272">
         <name>TimerAInit</name>
         <value>0x22bd</value>
         <object_component_ref idref="oc-97"/>
      </symbol>
      <symbol id="sm-273">
         <name>Timer_A0_Door</name>
         <value>0x23b1</value>
         <object_component_ref idref="oc-97"/>
      </symbol>
      <symbol id="sm-274">
         <name>GetTimeOnForDoor</name>
         <value>0x238b</value>
         <object_component_ref idref="oc-97"/>
      </symbol>
      <symbol id="sm-275">
         <name>GetTimeOnForMotor</name>
         <value>0x2429</value>
         <object_component_ref idref="oc-97"/>
      </symbol>
      <symbol id="sm-276">
         <name>Timer_A1_Lights</name>
         <value>0x2407</value>
         <object_component_ref idref="oc-97"/>
      </symbol>
      <symbol id="sm-277">
         <name>Timer_A1_Motor</name>
         <value>0x245f</value>
         <object_component_ref idref="oc-97"/>
      </symbol>
      <symbol id="sm-278">
         <name>GetTimeOnForLights</name>
         <value>0x23cd</value>
         <object_component_ref idref="oc-97"/>
      </symbol>
      <symbol id="sm-28d">
         <name>Reset_Handler</name>
         <value>0x36b1</value>
         <object_component_ref idref="oc-52"/>
      </symbol>
      <symbol id="sm-28e">
         <name>Default_Handler</name>
         <value>0x36bd</value>
         <object_component_ref idref="oc-52"/>
      </symbol>
      <symbol id="sm-28f">
         <name>interruptVectors</name>
         <value>0x3ce0</value>
         <object_component_ref idref="oc-11"/>
      </symbol>
      <symbol id="sm-2d7">
         <name>SystemInit</name>
         <value>0x1f91</value>
         <object_component_ref idref="oc-90"/>
      </symbol>
      <symbol id="sm-2d8">
         <name>SystemCoreClockUpdate</name>
         <value>0x1d19</value>
         <object_component_ref idref="oc-90"/>
      </symbol>
      <symbol id="sm-2d9">
         <name>SystemCoreClock</name>
         <value>0x3adc</value>
         <object_component_ref idref="oc-171"/>
      </symbol>
      <symbol id="sm-2e8">
         <name>__aeabi_memset</name>
         <value>0x310b</value>
         <object_component_ref idref="oc-78"/>
      </symbol>
      <symbol id="sm-2e9">
         <name>memset</name>
         <value>0x3111</value>
         <object_component_ref idref="oc-78"/>
      </symbol>
      <symbol id="sm-2ea">
         <name>__aeabi_memset8</name>
         <value>0x310b</value>
         <object_component_ref idref="oc-78"/>
      </symbol>
      <symbol id="sm-2eb">
         <name>__aeabi_memset4</name>
         <value>0x310b</value>
         <object_component_ref idref="oc-78"/>
      </symbol>
      <symbol id="sm-2ec">
         <name>__aeabi_memclr8</name>
         <value>0x3109</value>
         <object_component_ref idref="oc-78"/>
      </symbol>
      <symbol id="sm-2ed">
         <name>__aeabi_memclr4</name>
         <value>0x3109</value>
         <object_component_ref idref="oc-78"/>
      </symbol>
      <symbol id="sm-2ee">
         <name>__aeabi_memclr</name>
         <value>0x3109</value>
         <object_component_ref idref="oc-78"/>
      </symbol>
      <symbol id="sm-302">
         <name>__aeabi_ddiv</name>
         <value>0x29b5</value>
         <object_component_ref idref="oc-175"/>
      </symbol>
      <symbol id="sm-30d">
         <name>__aeabi_dmul</name>
         <value>0x2d1d</value>
         <object_component_ref idref="oc-17a"/>
      </symbol>
      <symbol id="sm-319">
         <name>__aeabi_d2f</name>
         <value>0x31f1</value>
         <object_component_ref idref="oc-17f"/>
      </symbol>
      <symbol id="sm-324">
         <name>__aeabi_f2d</name>
         <value>0x35b9</value>
         <object_component_ref idref="oc-cd"/>
      </symbol>
      <symbol id="sm-33f">
         <name>memcpy</name>
         <value>0x2ecb</value>
         <object_component_ref idref="oc-22"/>
      </symbol>
      <symbol id="sm-340">
         <name>__aeabi_memcpy</name>
         <value>0x2ecb</value>
         <object_component_ref idref="oc-22"/>
      </symbol>
      <symbol id="sm-341">
         <name>__aeabi_memcpy8</name>
         <value>0x2ecb</value>
         <object_component_ref idref="oc-22"/>
      </symbol>
      <symbol id="sm-342">
         <name>__aeabi_memcpy4</name>
         <value>0x2ecb</value>
         <object_component_ref idref="oc-22"/>
      </symbol>
      <symbol id="sm-35f">
         <name>__TI_decompress_none</name>
         <value>0x36a3</value>
         <object_component_ref idref="oc-9"/>
      </symbol>
      <symbol id="sm-382">
         <name>__TI_decompress_lzss</name>
         <value>0x325f</value>
         <object_component_ref idref="oc-3"/>
      </symbol>
      <symbol id="sm-3a9">
         <name>sprintf</name>
         <value>0x3501</value>
         <object_component_ref idref="oc-c7"/>
      </symbol>
      <symbol id="sm-3b7">
         <name>strlen</name>
         <value>0x367d</value>
         <object_component_ref idref="oc-d2"/>
      </symbol>
      <symbol id="sm-3ca">
         <name>__stack</name>
         <value>0x3ae0</value>
         <object_component_ref idref="oc-14"/>
      </symbol>
      <symbol id="sm-3cb">
         <name>_c_int00_noargs</name>
         <value>0x3581</value>
         <object_component_ref idref="oc-40"/>
      </symbol>
      <symbol id="sm-3f3">
         <name>__TI_auto_init_nobinit_nopinit</name>
         <value>0x34bd</value>
         <object_component_ref idref="oc-13f"/>
      </symbol>
      <symbol id="sm-3fd">
         <name>_system_pre_init</name>
         <value>0x36d1</value>
         <object_component_ref idref="oc-7e"/>
      </symbol>
      <symbol id="sm-409">
         <name>C$$EXIT</name>
         <value>0x36d5</value>
         <object_component_ref idref="oc-133"/>
      </symbol>
      <symbol id="sm-40a">
         <name>abort</name>
         <value>0x36d5</value>
         <object_component_ref idref="oc-133"/>
      </symbol>
      <symbol id="sm-570">
         <name>__TI_printfi</name>
         <value>0x12b9</value>
         <object_component_ref idref="oc-1a1"/>
      </symbol>
      <symbol id="sm-587">
         <name>atoi</name>
         <value>0x3429</value>
         <object_component_ref idref="oc-215"/>
      </symbol>
      <symbol id="sm-592">
         <name>_ctypes_</name>
         <value>0x36d8</value>
         <object_component_ref idref="oc-283"/>
      </symbol>
      <symbol id="sm-5a1">
         <name>ltoa</name>
         <value>0x3383</value>
         <object_component_ref idref="oc-299"/>
      </symbol>
      <symbol id="sm-5b1">
         <name>memccpy</name>
         <value>0x361f</value>
         <object_component_ref idref="oc-23e"/>
      </symbol>
      <symbol id="sm-5c1">
         <name>strchr</name>
         <value>0x3653</value>
         <object_component_ref idref="oc-2d0"/>
      </symbol>
      <symbol id="sm-5d7">
         <name>__aeabi_errno_addr</name>
         <value>0x36c9</value>
         <object_component_ref idref="oc-24a"/>
      </symbol>
      <symbol id="sm-5d8">
         <name>errno</name>
         <value>0x3ad8</value>
         <object_component_ref idref="oc-2e0"/>
      </symbol>
      <symbol id="sm-5f8">
         <name>frexpl</name>
         <value>0x32c9</value>
         <object_component_ref idref="oc-2c4"/>
      </symbol>
      <symbol id="sm-5f9">
         <name>frexp</name>
         <value>0x32c9</value>
         <object_component_ref idref="oc-2c4"/>
      </symbol>
      <symbol id="sm-616">
         <name>scalbn</name>
         <value>0x2c0d</value>
         <object_component_ref idref="oc-2ca"/>
      </symbol>
      <symbol id="sm-617">
         <name>scalbnl</name>
         <value>0x2c0d</value>
         <object_component_ref idref="oc-2ca"/>
      </symbol>
      <symbol id="sm-618">
         <name>ldexpl</name>
         <value>0x2c0d</value>
         <object_component_ref idref="oc-2ca"/>
      </symbol>
      <symbol id="sm-619">
         <name>ldexp</name>
         <value>0x2c0d</value>
         <object_component_ref idref="oc-2ca"/>
      </symbol>
      <symbol id="sm-632">
         <name>wcslen</name>
         <value>0x3691</value>
         <object_component_ref idref="oc-244"/>
      </symbol>
      <symbol id="sm-63c">
         <name>copysign</name>
         <value>0x3669</value>
         <object_component_ref idref="oc-321"/>
      </symbol>
      <symbol id="sm-63d">
         <name>copysignl</name>
         <value>0x3669</value>
         <object_component_ref idref="oc-321"/>
      </symbol>
      <symbol id="sm-64a">
         <name>__aeabi_uldivmod</name>
         <value>0x2f67</value>
         <object_component_ref idref="oc-288"/>
      </symbol>
      <symbol id="sm-661">
         <name>__aeabi_dsub</name>
         <value>0x26c1</value>
         <object_component_ref idref="oc-2a4"/>
      </symbol>
      <symbol id="sm-662">
         <name>__aeabi_dadd</name>
         <value>0x26cb</value>
         <object_component_ref idref="oc-2a4"/>
      </symbol>
      <symbol id="sm-684">
         <name>__aeabi_cdcmpeq</name>
         <value>0x2ffd</value>
         <object_component_ref idref="oc-221"/>
      </symbol>
      <symbol id="sm-685">
         <name>__aeabi_cdcmple</name>
         <value>0x2ffd</value>
         <object_component_ref idref="oc-221"/>
      </symbol>
      <symbol id="sm-686">
         <name>__aeabi_cdrcmple</name>
         <value>0x3083</value>
         <object_component_ref idref="oc-28f"/>
      </symbol>
      <symbol id="sm-690">
         <name>__aeabi_d2iz</name>
         <value>0x3475</value>
         <object_component_ref idref="oc-294"/>
      </symbol>
      <symbol id="sm-69a">
         <name>__aeabi_i2d</name>
         <value>0x35f1</value>
         <object_component_ref idref="oc-29f"/>
      </symbol>
      <symbol id="sm-6a4">
         <name>__aeabi_idiv0</name>
         <value>0x1d17</value>
         <object_component_ref idref="oc-30a"/>
      </symbol>
      <symbol id="sm-6a5">
         <name>__aeabi_ldiv0</name>
         <value>0x1d17</value>
         <object_component_ref idref="oc-30a"/>
      </symbol>
      <symbol id="sm-6a6">
         <name>__TI_static_base__</name>
         <value>0x3dc8</value>
      </symbol>
      <symbol id="sm-6a9">
         <name>__mpu_init</name>
         <value>0x0</value>
      </symbol>
      <symbol id="sm-6aa">
         <name>_system_post_cinit</name>
         <value>0x0</value>
      </symbol>
      <symbol id="sm-6ab">
         <name>NMI_Handler</name>
         <value>0x36bd</value>
      </symbol>
      <symbol id="sm-6ac">
         <name>HardFault_Handler</name>
         <value>0x36bd</value>
      </symbol>
      <symbol id="sm-6ad">
         <name>MemManage_Handler</name>
         <value>0x36bd</value>
      </symbol>
      <symbol id="sm-6ae">
         <name>BusFault_Handler</name>
         <value>0x36bd</value>
      </symbol>
      <symbol id="sm-6af">
         <name>UsageFault_Handler</name>
         <value>0x36bd</value>
      </symbol>
      <symbol id="sm-6b0">
         <name>SVC_Handler</name>
         <value>0x36bd</value>
      </symbol>
      <symbol id="sm-6b1">
         <name>DebugMon_Handler</name>
         <value>0x36bd</value>
      </symbol>
      <symbol id="sm-6b2">
         <name>PendSV_Handler</name>
         <value>0x36bd</value>
      </symbol>
      <symbol id="sm-6b3">
         <name>SysTick_Handler</name>
         <value>0x36bd</value>
      </symbol>
      <symbol id="sm-6b4">
         <name>PSS_IRQHandler</name>
         <value>0x36bd</value>
      </symbol>
      <symbol id="sm-6b5">
         <name>CS_IRQHandler</name>
         <value>0x36bd</value>
      </symbol>
      <symbol id="sm-6b6">
         <name>PCM_IRQHandler</name>
         <value>0x36bd</value>
      </symbol>
      <symbol id="sm-6b7">
         <name>WDT_A_IRQHandler</name>
         <value>0x36bd</value>
      </symbol>
      <symbol id="sm-6b8">
         <name>FPU_IRQHandler</name>
         <value>0x36bd</value>
      </symbol>
      <symbol id="sm-6b9">
         <name>FLCTL_IRQHandler</name>
         <value>0x36bd</value>
      </symbol>
      <symbol id="sm-6ba">
         <name>COMP_E0_IRQHandler</name>
         <value>0x36bd</value>
      </symbol>
      <symbol id="sm-6bb">
         <name>COMP_E1_IRQHandler</name>
         <value>0x36bd</value>
      </symbol>
      <symbol id="sm-6bc">
         <name>TA0_0_IRQHandler</name>
         <value>0x36bd</value>
      </symbol>
      <symbol id="sm-6bd">
         <name>TA0_N_IRQHandler</name>
         <value>0x345</value>
      </symbol>
      <symbol id="sm-6be">
         <name>TA1_0_IRQHandler</name>
         <value>0x36bd</value>
      </symbol>
      <symbol id="sm-6bf">
         <name>TA1_N_IRQHandler</name>
         <value>0x36bd</value>
      </symbol>
      <symbol id="sm-6c0">
         <name>TA2_0_IRQHandler</name>
         <value>0x36bd</value>
      </symbol>
      <symbol id="sm-6c1">
         <name>TA2_N_IRQHandler</name>
         <value>0x36bd</value>
      </symbol>
      <symbol id="sm-6c2">
         <name>TA3_0_IRQHandler</name>
         <value>0x36bd</value>
      </symbol>
      <symbol id="sm-6c3">
         <name>TA3_N_IRQHandler</name>
         <value>0x36bd</value>
      </symbol>
      <symbol id="sm-6c4">
         <name>EUSCIA0_IRQHandler</name>
         <value>0x36bd</value>
      </symbol>
      <symbol id="sm-6c5">
         <name>EUSCIA1_IRQHandler</name>
         <value>0x36bd</value>
      </symbol>
      <symbol id="sm-6c6">
         <name>EUSCIA2_IRQHandler</name>
         <value>0x36bd</value>
      </symbol>
      <symbol id="sm-6c7">
         <name>EUSCIA3_IRQHandler</name>
         <value>0x36bd</value>
      </symbol>
      <symbol id="sm-6c8">
         <name>EUSCIB0_IRQHandler</name>
         <value>0x36bd</value>
      </symbol>
      <symbol id="sm-6c9">
         <name>EUSCIB1_IRQHandler</name>
         <value>0x36bd</value>
      </symbol>
      <symbol id="sm-6ca">
         <name>EUSCIB2_IRQHandler</name>
         <value>0x36bd</value>
      </symbol>
      <symbol id="sm-6cb">
         <name>EUSCIB3_IRQHandler</name>
         <value>0x36bd</value>
      </symbol>
      <symbol id="sm-6cc">
         <name>ADC14_IRQHandler</name>
         <value>0x36bd</value>
      </symbol>
      <symbol id="sm-6cd">
         <name>T32_INT1_IRQHandler</name>
         <value>0x36bd</value>
      </symbol>
      <symbol id="sm-6ce">
         <name>T32_INT2_IRQHandler</name>
         <value>0x24d</value>
      </symbol>
      <symbol id="sm-6cf">
         <name>T32_INTC_IRQHandler</name>
         <value>0x36bd</value>
      </symbol>
      <symbol id="sm-6d0">
         <name>AES256_IRQHandler</name>
         <value>0x36bd</value>
      </symbol>
      <symbol id="sm-6d1">
         <name>RTC_C_IRQHandler</name>
         <value>0x36bd</value>
      </symbol>
      <symbol id="sm-6d2">
         <name>DMA_ERR_IRQHandler</name>
         <value>0x36bd</value>
      </symbol>
      <symbol id="sm-6d3">
         <name>DMA_INT3_IRQHandler</name>
         <value>0x36bd</value>
      </symbol>
      <symbol id="sm-6d4">
         <name>DMA_INT2_IRQHandler</name>
         <value>0x36bd</value>
      </symbol>
      <symbol id="sm-6d5">
         <name>DMA_INT1_IRQHandler</name>
         <value>0x36bd</value>
      </symbol>
      <symbol id="sm-6d6">
         <name>DMA_INT0_IRQHandler</name>
         <value>0x36bd</value>
      </symbol>
      <symbol id="sm-6d7">
         <name>PORT1_IRQHandler</name>
         <value>0x36bd</value>
      </symbol>
      <symbol id="sm-6d8">
         <name>PORT2_IRQHandler</name>
         <value>0x36bd</value>
      </symbol>
      <symbol id="sm-6d9">
         <name>PORT3_IRQHandler</name>
         <value>0x36bd</value>
      </symbol>
      <symbol id="sm-6da">
         <name>PORT4_IRQHandler</name>
         <value>0x36bd</value>
      </symbol>
      <symbol id="sm-6db">
         <name>PORT5_IRQHandler</name>
         <value>0x36bd</value>
      </symbol>
      <symbol id="sm-6dc">
         <name>PORT6_IRQHandler</name>
         <value>0x36bd</value>
      </symbol>
   </symbol_table>
   <title>Link successful</title>
</link_info>
