******************************************************************************
                  TI ARM Linker PC v18.1.3                     
******************************************************************************
>> Linked Fri Oct 26 18:19:50 2018

OUTPUT FILE NAME:   <Midterm_Project.out>
ENTRY POINT SYMBOL: "_c_int00_noargs"  address: 00003581


MEMORY CONFIGURATION

         name            origin    length      used     unused   attr    fill
----------------------  --------  ---------  --------  --------  ----  --------
  RAM                   00000020   ffffffe0  00003e3e  ffffc1a2  RWIX


SEGMENT ALLOCATION MAP

run origin  load origin   length   init length attrs members
----------  ----------- ---------- ----------- ----- -------
00000020    00000020    000039a6   000039a6    r-x
  00000020    00000020    000036b8   000036b8    r-x .text
  000036d8    000036d8    000002ee   000002ee    r-- .const
000039c8    000039c8    00000318   00000000    rw-
  000039c8    000039c8    00000118   00000000    rw- .data
  00003ae0    00003ae0    00000200   00000000    rw- .stack
00003ce0    00003ce0    00000184   00000184    r--
  00003ce0    00003ce0    000000e4   000000e4    r-- .intvecs
  00003dc8    00003dc8    0000009c   0000009c    r-- .cinit


SECTION ALLOCATION MAP

 output                                  attributes/
section   page    origin      length       input sections
--------  ----  ----------  ----------   ----------------
.text      0    00000020    000036b8     
                  00000020    00001298     MidtermMain.obj (.text)
                  000012b8    00000a5e     rtsv7M4_T_le_v4SPD16_eabi.lib : _printfi.c.obj (.text:__TI_printfi)
                  00001d16    00000002                                   : div0.asm.obj (.text)
                  00001d18    00000334     system_msp432p401r.obj (.text)
                  0000204c    00000270     rtsv7M4_T_le_v4SPD16_eabi.lib : _printfi.c.obj (.text:_pconv_a)
                  000022bc    00000234     TimerATimer.obj (.text)
                  000024f0    000001d0     rtsv7M4_T_le_v4SPD16_eabi.lib : _printfi.c.obj (.text:_pconv_g)
                  000026c0    000001b6                                   : fd_add_t2.asm.obj (.text)
                  00002876    00000002     --HOLE-- [fill = 0]
                  00002878    0000013c                                   : _printfi.c.obj (.text:_pconv_e)
                  000029b4    00000136                                   : fd_div_t2.asm.obj (.text)
                  00002aea    00000002     --HOLE-- [fill = 0]
                  00002aec    00000120                                   : _printfi.c.obj (.text:fcvt)
                  00002c0c    00000110                                   : s_scalbn.c.obj (.text:scalbn)
                  00002d1c    000000fc                                   : fd_mul_t2.asm.obj (.text)
                  00002e18    000000b1                                   : _printfi.c.obj (.text:_ltostr)
                  00002ec9    00000001     --HOLE-- [fill = 0]
                  00002eca    0000009c                                   : memcpy_t2.asm.obj (.text)
                  00002f66    00000096                                   : ull_div_t2.asm.obj (.text)
                  00002ffc    00000086                                   : fd_cmp_t2.asm.obj (.text:__aeabi_cdcmple)
                  00003082    00000086                                   : fd_cmp_t2.asm.obj (.text:__aeabi_cdrcmple)
                  00003108    0000007a                                   : memset_t2.asm.obj (.text)
                  00003182    0000006e                                   : _printfi.c.obj (.text:_mcpy)
                  000031f0    0000006e                                   : fd_tos_t2.asm.obj (.text)
                  0000325e    00000068                                   : copy_decompress_lzss.c.obj (.text:decompress:lzss:__TI_decompress_lzss)
                  000032c6    00000002     --HOLE-- [fill = 0]
                  000032c8    00000064                                   : s_frexp.c.obj (.text:frexp)
                  0000332c    00000056                                   : _printfi.c.obj (.text:_pconv_f)
                  00003382    00000054                                   : ltoa.c.obj (.text:ltoa)
                  000033d6    00000052                                   : _printfi.c.obj (.text:_ecpy)
                  00003428    0000004c                                   : atoi.c.obj (.text:atoi)
                  00003474    00000048                                   : fd_toi_t2.asm.obj (.text)
                  000034bc    00000044                                   : autoinit.c.obj (.text:__TI_auto_init_nobinit_nopinit:__TI_auto_init_nobinit_nopinit)
                  00003500    00000040                                   : sprintf.c.obj (.text:sprintf)
                  00003540    0000003e                                   : _printfi.c.obj (.text:_fcpy)
                  0000357e    00000002     --HOLE-- [fill = 0]
                  00003580    00000038                                   : boot_cortex_m.c.obj (.text:_c_int00_noargs:_c_int00_noargs)
                  000035b8    00000038                                   : fs_tod_t2.asm.obj (.text)
                  000035f0    0000002e                                   : i_tofd_t2.asm.obj (.text)
                  0000361e    0000001c                                   : memccpy.c.obj (.text:memccpy)
                  0000363a    00000018                                   : sprintf.c.obj (.text:_outs)
                  00003652    00000016                                   : strchr.c.obj (.text:strchr)
                  00003668    00000014                                   : s_copysign.c.obj (.text:copysign)
                  0000367c    00000014                                   : strlen.c.obj (.text:strlen)
                  00003690    00000012                                   : wcslen.c.obj (.text:wcslen)
                  000036a2    0000000e                                   : copy_decompress_none.c.obj (.text:decompress:none:__TI_decompress_none)
                  000036b0    0000000e     startup_msp432p401r_ccs.obj (.text)
                  000036be    0000000a     rtsv7M4_T_le_v4SPD16_eabi.lib : sprintf.c.obj (.text:_outc)
                  000036c8    00000008                                   : errno.c.obj (.text:__aeabi_errno_addr)
                  000036d0    00000004                                   : pre_init.c.obj (.text:_system_pre_init)
                  000036d4    00000004                                   : exit.c.obj (.text:abort:abort)

.const     0    000036d8    000002ee     
                  000036d8    00000101     rtsv7M4_T_le_v4SPD16_eabi.lib : ctype.c.obj (.const:.string:_ctypes_)
                  000037d9    00000011     MidtermMain.obj (.const:.string:$P$T0$1)
                  000037ea    00000011     MidtermMain.obj (.const:.string:$P$T1$2)
                  000037fb    00000011     MidtermMain.obj (.const:.string:$P$T10$11)
                  0000380c    00000011     MidtermMain.obj (.const:.string:$P$T11$12)
                  0000381d    00000011     MidtermMain.obj (.const:.string:$P$T12$13)
                  0000382e    00000011     MidtermMain.obj (.const:.string:$P$T13$14)
                  0000383f    00000011     MidtermMain.obj (.const:.string:$P$T14$15)
                  00003850    00000011     MidtermMain.obj (.const:.string:$P$T15$16)
                  00003861    00000011     MidtermMain.obj (.const:.string:$P$T16$17)
                  00003872    00000011     MidtermMain.obj (.const:.string:$P$T17$18)
                  00003883    00000011     MidtermMain.obj (.const:.string:$P$T18$19)
                  00003894    00000011     MidtermMain.obj (.const:.string:$P$T19$20)
                  000038a5    00000011     MidtermMain.obj (.const:.string:$P$T2$3)
                  000038b6    00000011     MidtermMain.obj (.const:.string:$P$T20$21)
                  000038c7    00000011     MidtermMain.obj (.const:.string:$P$T21$22)
                  000038d8    00000011     MidtermMain.obj (.const:.string:$P$T22$23)
                  000038e9    00000011     MidtermMain.obj (.const:.string:$P$T23$24)
                  000038fa    00000011     MidtermMain.obj (.const:.string:$P$T24$25)
                  0000390b    00000011     MidtermMain.obj (.const:.string:$P$T25$26)
                  0000391c    00000011     MidtermMain.obj (.const:.string:$P$T26$27)
                  0000392d    00000011     MidtermMain.obj (.const:.string:$P$T27$28)
                  0000393e    00000011     MidtermMain.obj (.const:.string:$P$T28$29)
                  0000394f    00000011     MidtermMain.obj (.const:.string:$P$T3$4)
                  00003960    00000011     MidtermMain.obj (.const:.string:$P$T4$5)
                  00003971    00000011     MidtermMain.obj (.const:.string:$P$T5$6)
                  00003982    00000011     MidtermMain.obj (.const:.string:$P$T6$7)
                  00003993    00000011     MidtermMain.obj (.const:.string:$P$T7$8)
                  000039a4    00000011     MidtermMain.obj (.const:.string:$P$T8$9)
                  000039b5    00000011     MidtermMain.obj (.const:.string:$P$T9$10)

.data      0    000039c8    00000118     UNINITIALIZED
                  000039c8    00000108     MidtermMain.obj (.data:music_note_sequence)
                  00003ad0    00000008     MidtermMain.obj (.data)
                  00003ad8    00000004     rtsv7M4_T_le_v4SPD16_eabi.lib : errno.c.obj (.data)
                  00003adc    00000004     system_msp432p401r.obj (.data)

.cinit     0    00003dc8    0000009c     
                  00003dc8    0000008b     (.cinit..data.load) [load image, compression = lzss]
                  00003e53    00000001     --HOLE-- [fill = 0]
                  00003e54    00000008     (__TI_handler_table)
                  00003e5c    00000008     (__TI_cinit_table)

.init_array 
*          0    00000020    00000000     UNINITIALIZED

.stack     0    00003ae0    00000200     UNINITIALIZED
                  00003ae0    00000004     rtsv7M4_T_le_v4SPD16_eabi.lib : boot_cortex_m.c.obj (.stack)
                  00003ae4    000001fc     --HOLE--

.intvecs   0    00003ce0    000000e4     
                  00003ce0    000000e4     startup_msp432p401r_ccs.obj (.intvecs:retain)

MODULE SUMMARY

       Module                        code    ro data   rw data
       ------                        ----    -------   -------
    .\
       MidtermMain.obj               4760    493       272    
       system_msp432p401r.obj        820     0         4      
       TimerATimer.obj               564     0         0      
       startup_msp432p401r_ccs.obj   14      228       0      
    +--+-----------------------------+-------+---------+---------+
       Total:                        6158    721       276    
                                                              
    C:\ti\ccsv8\tools\compiler\ti-cgt-arm_18.1.3.LTS\lib\rtsv7M4_T_le_v4SPD16_eabi.lib
       _printfi.c.obj                4863    0         0      
       fd_add_t2.asm.obj             438     0         0      
       fd_div_t2.asm.obj             310     0         0      
       s_scalbn.c.obj                272     0         0      
       fd_cmp_t2.asm.obj             268     0         0      
       ctype.c.obj                   0       257       0      
       fd_mul_t2.asm.obj             252     0         0      
       memcpy_t2.asm.obj             156     0         0      
       ull_div_t2.asm.obj            150     0         0      
       memset_t2.asm.obj             122     0         0      
       fd_tos_t2.asm.obj             110     0         0      
       copy_decompress_lzss.c.obj    104     0         0      
       s_frexp.c.obj                 100     0         0      
       sprintf.c.obj                 98      0         0      
       ltoa.c.obj                    84      0         0      
       atoi.c.obj                    76      0         0      
       fd_toi_t2.asm.obj             72      0         0      
       autoinit.c.obj                68      0         0      
       boot_cortex_m.c.obj           56      0         0      
       fs_tod_t2.asm.obj             56      0         0      
       i_tofd_t2.asm.obj             46      0         0      
       memccpy.c.obj                 28      0         0      
       strchr.c.obj                  22      0         0      
       s_copysign.c.obj              20      0         0      
       strlen.c.obj                  20      0         0      
       wcslen.c.obj                  18      0         0      
       copy_decompress_none.c.obj    14      0         0      
       errno.c.obj                   8       0         4      
       exit.c.obj                    4       0         0      
       pre_init.c.obj                4       0         0      
       div0.asm.obj                  2       0         0      
    +--+-----------------------------+-------+---------+---------+
       Total:                        7841    257       4      
                                                              
       Stack:                        0       0         512    
       Linker Generated:             0       155       0      
    +--+-----------------------------+-------+---------+---------+
       Grand Total:                  13999   1133      792    


LINKER GENERATED COPY TABLES

__TI_cinit_table @ 00003e5c records: 1, size/record: 8, table size: 8
	.data: load addr=00003dc8, load size=0000008b bytes, run addr=000039c8, run size=00000118 bytes, compression=lzss


LINKER GENERATED HANDLER TABLE

__TI_handler_table @ 00003e54 records: 2, size/record: 4, table size: 8
	index: 0, handler: __TI_decompress_lzss
	index: 1, handler: __TI_decompress_none


GLOBAL SYMBOLS: SORTED ALPHABETICALLY BY Name 

address   name                          
-------   ----                          
000036bd  ADC14_IRQHandler              
000036bd  AES256_IRQHandler             
000036bd  BusFault_Handler              
000036d5  C$$EXIT                       
000036bd  COMP_E0_IRQHandler            
000036bd  COMP_E1_IRQHandler            
000036bd  CS_IRQHandler                 
000003d9  ChooseLED                     
00000f3d  ComWrite                      
00000525  ControlBrightness             
000036bd  DMA_ERR_IRQHandler            
000036bd  DMA_INT0_IRQHandler           
000036bd  DMA_INT1_IRQHandler           
000036bd  DMA_INT2_IRQHandler           
000036bd  DMA_INT3_IRQHandler           
00000f57  DataWrite                     
000036bd  DebugMon_Handler              
000036bd  Default_Handler               
000036bd  EUSCIA0_IRQHandler            
000036bd  EUSCIA1_IRQHandler            
000036bd  EUSCIA2_IRQHandler            
000036bd  EUSCIA3_IRQHandler            
000036bd  EUSCIB0_IRQHandler            
000036bd  EUSCIB1_IRQHandler            
000036bd  EUSCIB2_IRQHandler            
000036bd  EUSCIB3_IRQHandler            
000036bd  FLCTL_IRQHandler              
000036bd  FPU_IRQHandler                
0000238b  GetTimeOnForDoor              
000023cd  GetTimeOnForLights            
00002429  GetTimeOnForMotor             
000036bd  HardFault_Handler             
000036bd  MemManage_Handler             
000007b9  MotorFunction                 
000036bd  NMI_Handler                   
000036bd  PCM_IRQHandler                
000036bd  PORT1_IRQHandler              
000036bd  PORT2_IRQHandler              
000036bd  PORT3_IRQHandler              
000036bd  PORT4_IRQHandler              
000036bd  PORT5_IRQHandler              
000036bd  PORT6_IRQHandler              
000036bd  PSS_IRQHandler                
000036bd  PendSV_Handler                
00000f11  PrintString                   
00000ed5  PrintStringWithLength         
00000fd9  PulseE                        
000036bd  RTC_C_IRQHandler              
00000b75  Read_Keypad                   
000036b1  Reset_Handler                 
000036bd  SVC_Handler                   
00000d65  SetupKeypadPort               
000010a9  SetupLCD                      
00001131  SetupPort4                    
0000125f  SetupSysTick                  
0000035d  SetupTimer32s                 
000036bd  SysTick_Handler               
00003adc  SystemCoreClock               
00001d19  SystemCoreClockUpdate         
00001f91  SystemInit                    
000036bd  T32_INT1_IRQHandler           
0000024d  T32_INT2_IRQHandler           
0000024d  T32_INT2_IRQHandler           
000036bd  T32_INTC_IRQHandler           
000036bd  TA0_0_IRQHandler              
00000345  TA0_N_IRQHandler              
00000345  TA0_N_IRQHandler              
000036bd  TA1_0_IRQHandler              
000036bd  TA1_N_IRQHandler              
000036bd  TA2_0_IRQHandler              
000036bd  TA2_N_IRQHandler              
000036bd  TA3_0_IRQHandler              
000036bd  TA3_N_IRQHandler              
000022bd  TimerAInit                    
000023b1  Timer_A0_Door                 
00002407  Timer_A1_Lights               
0000245f  Timer_A1_Motor                
000036bd  UsageFault_Handler            
000036bd  WDT_A_IRQHandler              
00003ce0  __STACK_END                   
00000200  __STACK_SIZE                  
00003e5c  __TI_CINIT_Base               
00003e64  __TI_CINIT_Limit              
00003e54  __TI_Handler_Table_Base       
00003e5c  __TI_Handler_Table_Limit      
000034bd  __TI_auto_init_nobinit_nopinit
0000325f  __TI_decompress_lzss          
000036a3  __TI_decompress_none          
ffffffff  __TI_pprof_out_hndl           
000012b9  __TI_printfi                  
ffffffff  __TI_prof_data_size           
ffffffff  __TI_prof_data_start          
00003dc8  __TI_static_base__            
00002ffd  __aeabi_cdcmpeq               
00002ffd  __aeabi_cdcmple               
00003083  __aeabi_cdrcmple              
000031f1  __aeabi_d2f                   
00003475  __aeabi_d2iz                  
000026cb  __aeabi_dadd                  
000029b5  __aeabi_ddiv                  
00002d1d  __aeabi_dmul                  
000026c1  __aeabi_dsub                  
000036c9  __aeabi_errno_addr            
000035b9  __aeabi_f2d                   
000035f1  __aeabi_i2d                   
00001d17  __aeabi_idiv0                 
00001d17  __aeabi_ldiv0                 
00003109  __aeabi_memclr                
00003109  __aeabi_memclr4               
00003109  __aeabi_memclr8               
00002ecb  __aeabi_memcpy                
00002ecb  __aeabi_memcpy4               
00002ecb  __aeabi_memcpy8               
0000310b  __aeabi_memset                
0000310b  __aeabi_memset4               
0000310b  __aeabi_memset8               
00002f67  __aeabi_uldivmod              
ffffffff  __binit__                     
ffffffff  __c_args__                    
UNDEFED   __mpu_init                    
00003ae0  __stack                       
00003581  _c_int00_noargs               
000036d8  _ctypes_                      
UNDEFED   _system_post_cinit            
000036d1  _system_pre_init              
000036d5  abort                         
00003429  atoi                          
ffffffff  binit                         
00003ad4  breath                        
00000ad9  changeDoor                    
00000a31  chooseDoor                    
00003669  copysign                      
00003669  copysignl                     
0000100d  delay_micro                   
00001055  delay_milli                   
00003ad8  errno                         
000032c9  frexp                         
000032c9  frexpl                        
00000b29  initDoorLEDs                  
00003ce0  interruptVectors              
00002c0d  ldexp                         
00002c0d  ldexpl                        
00003383  ltoa                          
0000004d  main                          
0000361f  memccpy                       
00002ecb  memcpy                        
00003111  memset                        
000039c8  music_note_sequence           
00003ad0  note                          
00000f71  pushByte                      
00000fa9  pushNibble                    
00000cc5  reset_function                
00002c0d  scalbn                        
00002c0d  scalbnl                       
00003501  sprintf                       
00003653  strchr                        
0000367d  strlen                        
00003691  wcslen                        


GLOBAL SYMBOLS: SORTED BY Symbol Address 

address   name                          
-------   ----                          
0000004d  main                          
00000200  __STACK_SIZE                  
0000024d  T32_INT2_IRQHandler           
0000024d  T32_INT2_IRQHandler           
00000345  TA0_N_IRQHandler              
00000345  TA0_N_IRQHandler              
0000035d  SetupTimer32s                 
000003d9  ChooseLED                     
00000525  ControlBrightness             
000007b9  MotorFunction                 
00000a31  chooseDoor                    
00000ad9  changeDoor                    
00000b29  initDoorLEDs                  
00000b75  Read_Keypad                   
00000cc5  reset_function                
00000d65  SetupKeypadPort               
00000ed5  PrintStringWithLength         
00000f11  PrintString                   
00000f3d  ComWrite                      
00000f57  DataWrite                     
00000f71  pushByte                      
00000fa9  pushNibble                    
00000fd9  PulseE                        
0000100d  delay_micro                   
00001055  delay_milli                   
000010a9  SetupLCD                      
00001131  SetupPort4                    
0000125f  SetupSysTick                  
000012b9  __TI_printfi                  
00001d17  __aeabi_idiv0                 
00001d17  __aeabi_ldiv0                 
00001d19  SystemCoreClockUpdate         
00001f91  SystemInit                    
000022bd  TimerAInit                    
0000238b  GetTimeOnForDoor              
000023b1  Timer_A0_Door                 
000023cd  GetTimeOnForLights            
00002407  Timer_A1_Lights               
00002429  GetTimeOnForMotor             
0000245f  Timer_A1_Motor                
000026c1  __aeabi_dsub                  
000026cb  __aeabi_dadd                  
000029b5  __aeabi_ddiv                  
00002c0d  ldexp                         
00002c0d  ldexpl                        
00002c0d  scalbn                        
00002c0d  scalbnl                       
00002d1d  __aeabi_dmul                  
00002ecb  __aeabi_memcpy                
00002ecb  __aeabi_memcpy4               
00002ecb  __aeabi_memcpy8               
00002ecb  memcpy                        
00002f67  __aeabi_uldivmod              
00002ffd  __aeabi_cdcmpeq               
00002ffd  __aeabi_cdcmple               
00003083  __aeabi_cdrcmple              
00003109  __aeabi_memclr                
00003109  __aeabi_memclr4               
00003109  __aeabi_memclr8               
0000310b  __aeabi_memset                
0000310b  __aeabi_memset4               
0000310b  __aeabi_memset8               
00003111  memset                        
000031f1  __aeabi_d2f                   
0000325f  __TI_decompress_lzss          
000032c9  frexp                         
000032c9  frexpl                        
00003383  ltoa                          
00003429  atoi                          
00003475  __aeabi_d2iz                  
000034bd  __TI_auto_init_nobinit_nopinit
00003501  sprintf                       
00003581  _c_int00_noargs               
000035b9  __aeabi_f2d                   
000035f1  __aeabi_i2d                   
0000361f  memccpy                       
00003653  strchr                        
00003669  copysign                      
00003669  copysignl                     
0000367d  strlen                        
00003691  wcslen                        
000036a3  __TI_decompress_none          
000036b1  Reset_Handler                 
000036bd  ADC14_IRQHandler              
000036bd  AES256_IRQHandler             
000036bd  BusFault_Handler              
000036bd  COMP_E0_IRQHandler            
000036bd  COMP_E1_IRQHandler            
000036bd  CS_IRQHandler                 
000036bd  DMA_ERR_IRQHandler            
000036bd  DMA_INT0_IRQHandler           
000036bd  DMA_INT1_IRQHandler           
000036bd  DMA_INT2_IRQHandler           
000036bd  DMA_INT3_IRQHandler           
000036bd  DebugMon_Handler              
000036bd  Default_Handler               
000036bd  EUSCIA0_IRQHandler            
000036bd  EUSCIA1_IRQHandler            
000036bd  EUSCIA2_IRQHandler            
000036bd  EUSCIA3_IRQHandler            
000036bd  EUSCIB0_IRQHandler            
000036bd  EUSCIB1_IRQHandler            
000036bd  EUSCIB2_IRQHandler            
000036bd  EUSCIB3_IRQHandler            
000036bd  FLCTL_IRQHandler              
000036bd  FPU_IRQHandler                
000036bd  HardFault_Handler             
000036bd  MemManage_Handler             
000036bd  NMI_Handler                   
000036bd  PCM_IRQHandler                
000036bd  PORT1_IRQHandler              
000036bd  PORT2_IRQHandler              
000036bd  PORT3_IRQHandler              
000036bd  PORT4_IRQHandler              
000036bd  PORT5_IRQHandler              
000036bd  PORT6_IRQHandler              
000036bd  PSS_IRQHandler                
000036bd  PendSV_Handler                
000036bd  RTC_C_IRQHandler              
000036bd  SVC_Handler                   
000036bd  SysTick_Handler               
000036bd  T32_INT1_IRQHandler           
000036bd  T32_INTC_IRQHandler           
000036bd  TA0_0_IRQHandler              
000036bd  TA1_0_IRQHandler              
000036bd  TA1_N_IRQHandler              
000036bd  TA2_0_IRQHandler              
000036bd  TA2_N_IRQHandler              
000036bd  TA3_0_IRQHandler              
000036bd  TA3_N_IRQHandler              
000036bd  UsageFault_Handler            
000036bd  WDT_A_IRQHandler              
000036c9  __aeabi_errno_addr            
000036d1  _system_pre_init              
000036d5  C$$EXIT                       
000036d5  abort                         
000036d8  _ctypes_                      
000039c8  music_note_sequence           
00003ad0  note                          
00003ad4  breath                        
00003ad8  errno                         
00003adc  SystemCoreClock               
00003ae0  __stack                       
00003ce0  __STACK_END                   
00003ce0  interruptVectors              
00003dc8  __TI_static_base__            
00003e54  __TI_Handler_Table_Base       
00003e5c  __TI_CINIT_Base               
00003e5c  __TI_Handler_Table_Limit      
00003e64  __TI_CINIT_Limit              
ffffffff  __TI_pprof_out_hndl           
ffffffff  __TI_prof_data_size           
ffffffff  __TI_prof_data_start          
ffffffff  __binit__                     
ffffffff  __c_args__                    
ffffffff  binit                         
UNDEFED   __mpu_init                    
UNDEFED   _system_post_cinit            

[158 symbols]
